05-28 02:01:29.632     0     0 I subsys-pil-tz soc: qcom,kgsl-hyp: a506_zap: loading from 0x000000008f000000 to 0x000000008f002000
05-28 02:01:29.653     0     0 I init    : starting service 'ril-daemon'...
05-28 02:01:29.655     0     0 I init    : Command 'class_start main' action=nonencrypted (/init.rc:693) took 157ms and succeeded
05-28 02:01:29.656     0     0 I init    : starting service 'xcpE6ox'...
05-28 02:01:29.656     0     0 I alloc_contig_range: [f3c20, f3c25) PFNs busy
05-28 02:01:29.666     0     0 E hvdcpd  : Registered Legacy
05-28 02:01:29.666     0     0 E scm_call failed: func id 0x72000206, ret: -1, syscall returns: 0x0, 0x0, 0x0
05-28 02:01:29.668     0     0 I         : 'opened /dev/adsprpc-smd c 227 0'
05-28 02:01:29.669     0     0 I alloc_contig_range: [f3c20, f3c25) PFNs busy
05-28 02:01:29.669     0     0 E scm_call failed: func id 0x72000206, ret: -1, syscall returns: 0x0, 0x0, 0x0
05-28 02:01:29.686     0     0 I ueventd : firmware: loading 'a506_zap.b02' for '/devices/soc/soc:qcom,kgsl-hyp/firmware/a506_zap.b02'
05-28 02:01:29.692     0     0 I init    : starting service 'vendor.atfwd'...
05-28 02:01:29.694     0     0 I ueventd : loading /devices/soc/soc:qcom,kgsl-hyp/firmware/a506_zap.b02 took 7ms
05-28 02:01:29.700     0     0 E scm_call failed: func id 0x72000206, ret: -1, syscall returns: 0x0, 0x0, 0x0
05-28 02:01:29.701     0     0 I subsys-pil-tz soc: qcom,kgsl-hyp: a506_zap: Brought out of reset
05-28 02:01:29.721     0     0 I init    : starting service 'loc_launcher'...
05-28 02:01:29.747     0     0 E scm_call failed: func id 0x72000206, ret: -1, syscall returns: 0x0, 0x0, 0x0
05-28 02:01:29.749     0     0 I init    : starting service 'qcom-sh'...
05-28 02:01:29.752     0     0 I init    : starting service 'goodix_script'...
05-28 02:01:29.756     0     0 I pil-q6v5-mss 4080000.qcom,mss: MBA boot done
05-28 02:01:29.758     0     0 I init    : starting service 'qcamerasvr'...
05-28 02:01:29.759     0     0 I init    : starting service 'wcnss-service'...
05-28 02:01:29.761     0     0 I init    : starting service 'gatekeeperd'...
05-28 02:01:29.763     0     0 I init    : starting service 'perfprofd'...
05-28 02:01:29.768     0     0 E scm_call failed: func id 0x72000206, ret: -1, syscall returns: 0x0, 0x0, 0x0
05-28 02:01:29.769     0     0 I init    : starting service 'tombstoned'...
05-28 02:01:29.778     0     0 I init    : Created socket '/dev/socket/tombstoned_crash', mode 666, user 1000, group 1000
05-28 02:01:29.778     0     0 I init    : Created socket '/dev/socket/tombstoned_intercept', mode 666, user 1000, group 1000
05-28 02:01:29.779     0     0 I init    : Created socket '/dev/socket/tombstoned_java_trace', mode 666, user 1000, group 1000
05-28 02:01:29.779     0     0 I init    : starting service 'usbd'...
05-28 02:01:29.793     0     0 I init    : Command 'class_start late_start' action=nonencrypted (/init.rc:694) took 136ms and succeeded
05-28 02:01:29.805     0     0 I init    : processing action (init.svc.mediadrm=running) from (/vendor/etc/init/android.hardware.drm@1.1-service.widevine.rc:1)
05-28 02:01:29.808     0     0 I init    : Service 'xcpE6ox' (pid 668) exited with status 0
05-28 02:01:29.809     0     0 I init    : Service 'goodix_script' (pid 698) exited with status 0
05-28 02:01:29.809     0     0 E ipa2_nat_del_cmd: 797 Nat table not initialized
05-28 02:01:29.810     0     0 I init    : Received control message 'interface_start' for 'android.hardware.keymaster@3.0::IKeymasterDevice/default' from pid: 456 (/system/bin/hwservicemanager)
05-28 02:01:29.811     0     0 E init    : Could not find service hosting interface android.hardware.keymaster@3.0::IKeymasterDevice/default
05-28 02:01:29.832     0     0 I init    : Received control message 'interface_start' for 'android.hardware.keymaster@3.0::IKeymasterDevice/default' from pid: 456 (/system/bin/hwservicemanager)
05-28 02:01:29.832     0     0 E init    : Could not find service hosting interface android.hardware.keymaster@3.0::IKeymasterDevice/default
05-28 02:01:29.837     0     0 I         : wcnss_wlan triggered by userspace
05-28 02:01:29.838     0     0 I wcnss_pm_qos_add_request: add request
05-28 02:01:29.838     0     0 I wcnss_pm_qos_update_request: update request 100
05-28 02:01:29.838     0     0 E wcnss_trigger_config: couldn't get snoc_wcnss
05-28 02:01:29.839     0     0 I init    : processing action (vendor.ims.QMI_DAEMON_STATUS=1) from (/vendor/etc/init/hw/init.target.rc:127)
05-28 02:01:29.843     0     0 I init    : starting service 'vendor.imsdatadaemon'...
05-28 02:01:29.849     0     0 I wcnss_notif_cb: wcnss notification event: 2
05-28 02:01:29.854     0     0 I subsys-pil-tz a21b000.qcom,pronto: wcnss: loading from 0x000000008e700000 to 0x000000008ed43000
05-28 02:01:29.854     0     0 E wcd-spmi-core msm8x16_wcd_codec-11: ASoC: mux RX3 MIX1 INP3 has no paths
05-28 02:01:29.855     0     0 E wcd-spmi-core msm8x16_wcd_codec-11: ASoC: mux RX2 MIX1 INP3 has no paths
05-28 02:01:29.855     0     0 I wcnss_notif_cb: wcnss notification event: 6
05-28 02:01:29.860     0     0 I wcnss   : IRIS Reg: 04000004
05-28 02:01:29.869     0     0 I capability: warning: `loc_launcher' uses 32-bit capabilities (legacy support in use)
05-28 02:01:29.898     0     0 I init    : Created socket '/dev/socket/ims_datad', mode 660, user 1000, group 1001
05-28 02:01:29.907     0     0 I msm_thermal: interrupt_mode_init switch to interrupt mode
05-28 02:01:29.907     0     0 I         : ,
05-28 02:01:29.907     0     0 E msm_thermal: therm_get_temp Unable to read thermal zone sensor:-19
05-28 02:01:29.907     0     0 E msm_thermal: sensor_mgr_set_threshold Unable to read temperature for zone:-19. err:-19
05-28 02:01:29.907     0     0 E msm_thermal: therm_get_temp Unable to read thermal zone sensor:-19
05-28 02:01:29.907     0     0 E msm_thermal: sensor_mgr_set_threshold Unable to read temperature for zone:-19. err:-19
05-28 02:01:29.907     0     0 E msm_thermal: therm_get_temp Unable to read thermal zone sensor:-19
05-28 02:01:29.907     0     0 E msm_thermal: sensor_mgr_set_threshold Unable to read temperature for zone:-19. err:-19
05-28 02:01:29.907     0     0 E msm_thermal: therm_get_temp Unable to read thermal zone sensor:-19
05-28 02:01:29.907     0     0 E msm_thermal: sensor_mgr_set_threshold Unable to read temperature for zone:-19. err:-19
05-28 02:01:29.907     0     0 E msm_thermal: therm_get_temp Unable to read thermal zone sensor:-19
05-28 02:01:29.907     0     0 E msm_thermal: sensor_mgr_set_threshold Unable to read temperature for zone:-19. err:-19
05-28 02:01:29.907     0     0 E msm_thermal: therm_get_temp Unable to read thermal zone sensor:-19
05-28 02:01:29.907     0     0 E msm_thermal: sensor_mgr_set_threshold Unable to read temperature for zone:-19. err:-19
05-28 02:01:29.907     0     0 E msm_thermal: therm_get_temp Unable to read thermal zone sensor:-19
05-28 02:01:29.907     0     0 E msm_thermal: sensor_mgr_set_threshold Unable to read temperature for zone:-19. err:-19
05-28 02:01:29.907     0     0 E msm_thermal: therm_get_temp Unable to read thermal zone sensor:-19
05-28 02:01:29.907     0     0 E msm_thermal: sensor_mgr_set_threshold Unable to read temperature for zone:-19. err:-19
05-28 02:01:29.915     0     0 E msm_thermal: therm_get_temp Unable to read thermal zone sensor:-19
05-28 02:01:29.915     0     0 E msm_thermal: hotplug_init_cpu_offlined Unable to read TSENS sensor:-19.
05-28 02:01:29.916     0     0 E msm_thermal: therm_get_temp Unable to read thermal zone sensor:-19
05-28 02:01:29.916     0     0 E msm_thermal: sensor_mgr_set_threshold Unable to read temperature for zone:-19. err:-19
05-28 02:01:29.916     0     0 E msm_thermal: therm_get_temp Unable to read thermal zone sensor:-19
05-28 02:01:29.916     0     0 E msm_thermal: sensor_mgr_set_threshold Unable to read temperature for zone:-19. err:-19
05-28 02:01:29.916     0     0 E msm_thermal: therm_get_temp Unable to read thermal zone sensor:-19
05-28 02:01:29.916     0     0 E msm_thermal: sensor_mgr_set_threshold Unable to read temperature for zone:-19. err:-19
05-28 02:01:29.916     0     0 E msm_thermal: therm_get_temp Unable to read thermal zone sensor:-19
05-28 02:01:29.916     0     0 E msm_thermal: sensor_mgr_set_threshold Unable to read temperature for zone:-19. err:-19
05-28 02:01:29.916     0     0 E msm_thermal: therm_get_temp Unable to read thermal zone sensor:-19
05-28 02:01:29.916     0     0 E msm_thermal: sensor_mgr_set_threshold Unable to read temperature for zone:-19. err:-19
05-28 02:01:29.916     0     0 E msm_thermal: therm_get_temp Unable to read thermal zone sensor:-19
05-28 02:01:29.916     0     0 E msm_thermal: sensor_mgr_set_threshold Unable to read temperature for zone:-19. err:-19
05-28 02:01:29.916     0     0 E msm_thermal: therm_get_temp Unable to read thermal zone sensor:-19
05-28 02:01:29.916     0     0 E msm_thermal: sensor_mgr_set_threshold Unable to read temperature for zone:-19. err:-19
05-28 02:01:29.916     0     0 E msm_thermal: therm_get_temp Unable to read thermal zone sensor:-19
05-28 02:01:29.916     0     0 E msm_thermal: sensor_mgr_set_threshold Unable to read temperature for zone:-19. err:-19
05-28 02:01:29.921     0     0 E msm8952-asoc-wcd c051000.sound: control 3:0:0:IEC958 Playback PCM Stream:0 is already present
05-28 02:01:29.921     0     0 E msm-hdmi-dba-codec-rx soc: qcom,msm-hdmi-dba-codec-rx: ASoC: Failed to add IEC958 Playback PCM Stream: -16
05-28 02:01:29.921     0     0 E msm_dba_get_probed_device: Device not found (adv7533, 0)
05-28 02:01:29.921     0     0 E msm_dba_register_client: Device not found (adv7533, 0)
05-28 02:01:29.921     0     0 E msm_hdmi_dba_codec_rx_init_dba: error in registering audio client 0
05-28 02:01:29.971     0     0 I msm_thermal: set_enabled enabled = 0
05-28 02:01:30.014     0     0 I input   : msm8953-snd-card-mtp Headset Jack as /devices/soc/c051000.sound/sound/card0/input6
05-28 02:01:30.014     0     0 I input   : msm8953-snd-card-mtp Button Jack as /devices/soc/c051000.sound/sound/card0/input7
05-28 02:01:30.187     0     0 W audit   : audit_lost=113 audit_rate_limit=5 audit_backlog_limit=64
05-28 02:01:30.187     0     0 E audit   : rate limit exceeded
05-28 02:01:30.193     0     0 I subsys-pil-tz a21b000.qcom,pronto: wcnss: Brought out of reset
05-28 02:01:30.409     0     0 I pil-q6v5-mss 4080000.qcom,mss: modem: Brought out of reset
05-28 02:01:30.430     0     0 I init    : Received control message 'start' for 'bootanim' from pid: 564 (/system/bin/surfaceflinger)
05-28 02:01:30.431     0     0 I init    : starting service 'bootanim'...
05-28 02:01:30.433     0     0 I         : [info] goodix_fb_state_chg_callback go to the goodix_fb_state_chg_callback value = 16
05-28 02:01:30.491     0     0 I pil-q6v5-mss 4080000.qcom,mss: modem: Power/Clock ready interrupt received
05-28 02:01:30.491     0     0 I pil-q6v5-mss 4080000.qcom,mss: Subsystem error monitoring/handling services are up
05-28 02:01:30.492     0     0 I         : IPA received MPSS AFTER_POWERUP
05-28 02:01:30.492     0     0 I         : IPA AFTER_POWERUP handling is complete
05-28 02:01:30.492     0     0 E M-Notify: General: 7
05-28 02:01:30.509     0     0 I init    : processing action (ro.vendor.ril.mbn_copy_completed=1) from (/vendor/etc/init/hw/init.qcom.rc:541)
05-28 02:01:30.522     0     0 I init    : Service 'qcom-sh' (pid 695) exited with status 1
05-28 02:01:30.602     0     0 I sysmon-qmi: sysmon_clnt_svc_arrive: Connection established between QMI handle and modem's SSCTL service
05-28 02:01:30.603     0     0 E rmt_storage: INFO:rmt_storage_open_cb: Processing: Open Request for /boot/modem_fs1!
05-28 02:01:30.604     0     0 E rmt_storage: INFO:rmt_storage_open_cb: Processing: Open Request for /boot/modem_fs2!
05-28 02:01:30.605     0     0 E rmt_storage: INFO:rmt_storage_open_cb: Processing: Open Request for /boot/modem_fsg!
05-28 02:01:30.606     0     0 E rmt_storage: INFO:rmt_storage_open_cb: Processing: Open Request for /boot/modem_fsc!
05-28 02:01:30.607     0     0 E rmt_storage: INFO:rmt_storage_alloc_buff_cb: Received req_size: 0! avail: 1572864
05-28 02:01:30.607     0     0 E rmt_storage: INFO:rmt_storage_rw_iovec_cb: Read iovec request received for /boot/modem_fs1
05-28 02:01:30.608     0     0 E rmt_storage: INFO:rmt_storage_client_thread: Calling Read [offset=512, size=512]for /boot/modem_fs1!
05-28 02:01:30.610     0     0 E rmt_storage: INFO:rmt_storage_client_thread: Done Read (bytes = 512) for /boot/modem_fs1!
05-28 02:01:30.610     0     0 E rmt_storage: INFO:rmt_storage_rw_iovec_cb: Read iovec request received for /boot/modem_fs2
05-28 02:01:30.610     0     0 E rmt_storage: INFO:rmt_storage_client_thread: Calling Read [offset=512, size=512]for /boot/modem_fs2!
05-28 02:01:30.613     0     0 E rmt_storage: INFO:rmt_storage_client_thread: Done Read (bytes = 512) for /boot/modem_fs2!
05-28 02:01:30.614     0     0 E rmt_storage: INFO:rmt_storage_rw_iovec_cb: Read iovec request received for /boot/modem_fs2
05-28 02:01:30.614     0     0 E rmt_storage: INFO:rmt_storage_client_thread: Calling Read [offset=1024, size=1571840]for /boot/modem_fs2!
05-28 02:01:30.625     0     0 E rmt_storage: INFO:rmt_storage_client_thread: Done Read (bytes = 1571840) for /boot/modem_fs2!
05-28 02:01:30.660     0     0 I subsys-pil-tz a21b000.qcom,pronto: wcnss: Power/Clock ready interrupt received
05-28 02:01:30.662     0     0 I wcnss_notif_cb: wcnss notification event: 7
05-28 02:01:30.677     0     0 I subsys-pil-tz a21b000.qcom,pronto: Subsystem error monitoring/handling services are up
05-28 02:01:30.678     0     0 I wcnss_notif_cb: wcnss notification event: 3
05-28 02:01:30.678     0     0 I wcnss_pm_qos_update_request: update request -1
05-28 02:01:30.678     0     0 I wcnss_pm_qos_remove_request: remove request
05-28 02:01:30.682     0     0 E diag    : In diag_send_feature_mask_update, control channel is not open, p: 2, 0000000000000000
05-28 02:01:30.691     0     0 I init    : Service 'usbd' (pid 711) exited with status 0
05-28 02:01:30.703     0     0 I init    : Received control message 'interface_start' for 'android.frameworks.sensorservice@1.0::ISensorManager/default' from pid: 456 (/system/bin/hwservicemanager)
05-28 02:01:30.703     0     0 E init    : Could not find service hosting interface android.frameworks.sensorservice@1.0::ISensorManager/default
05-28 02:01:30.707     0     0 I apr_tal : Modem Is Up
05-28 02:01:30.710     0     0 I init    : Received control message 'interface_start' for 'android.frameworks.sensorservice@1.0::ISensorManager/default' from pid: 456 (/system/bin/hwservicemanager)
05-28 02:01:30.710     0     0 E init    : Could not find service hosting interface android.frameworks.sensorservice@1.0::ISensorManager/default
05-28 02:01:30.711     0     0 W QSEECOM : qseecom_load_app: App (goodixfp) does'nt exist, loading apps for first time
05-28 02:01:30.712     0     0 I init    : Received control message 'interface_start' for 'android.hardware.camera.provider@2.4::ICameraProvider/legacy/0' from pid: 456 (/system/bin/hwservicemanager)
05-28 02:01:30.712     0     0 E init    : Could not find service hosting interface android.hardware.camera.provider@2.4::ICameraProvider/legacy/0
05-28 02:01:30.713     0     0 I init    : Received control message 'interface_start' for 'android.hardware.camera.provider@2.4::ICameraProvider/legacy/0' from pid: 456 (/system/bin/hwservicemanager)
05-28 02:01:30.713     0     0 E init    : Could not find service hosting interface android.hardware.camera.provider@2.4::ICameraProvider/legacy/0
05-28 02:01:30.720     0     0 E diag    : In diag_send_feature_mask_update, control channel is not open, p: 0, 0000000000000000
05-28 02:01:30.744     0     0 E         : msm_qti_pp_get_rms_value_control, back not active to query rms be_idx:3
05-28 02:01:30.748     0     0 I core_get_license_status: cmdrsp_license_result.result = 0x15 for module 0x1
05-28 02:01:30.749     0     0 E         : msm_dolby_dap_param_to_get_control_get, port_id not set, do not query ADM
05-28 02:01:30.749     0     0 E         : msm_dolby_dap_param_visualizer_control_get Incorrect VCNB length
05-28 02:01:30.749     0     0 E msm_voice_sound_focus_get: Error getting Sound Focus Params, err=-22
05-28 02:01:30.749     0     0 E msm_voice_source_tracking_get: Error getting Source Tracking Params, err=-22
05-28 02:01:30.750     0     0 E msm_audio_get_copp_idx_from_port_id: Invalid FE, exiting
05-28 02:01:30.750     0     0 E msm_audio_sound_focus_get: Could not get copp idx for port_id=16385
05-28 02:01:30.750     0     0 E msm_audio_get_copp_idx_from_port_id: Invalid FE, exiting
05-28 02:01:30.750     0     0 E msm_audio_source_tracking_get: Could not get copp idx for port_id=16385
05-28 02:01:30.750     0     0 E msm_voice_sound_focus_get: Error getting Sound Focus Params, err=-22
05-28 02:01:30.750     0     0 E msm_voice_source_tracking_get: Error getting Source Tracking Params, err=-22
05-28 02:01:30.750     0     0 E msm_audio_get_copp_idx_from_port_id: Invalid FE, exiting
05-28 02:01:30.750     0     0 E msm_audio_sound_focus_get: Could not get copp idx for port_id=4101
05-28 02:01:30.751     0     0 E msm_audio_get_copp_idx_from_port_id: Invalid FE, exiting
05-28 02:01:30.751     0     0 E msm_audio_source_tracking_get: Could not get copp idx for port_id=4101
05-28 02:01:30.751     0     0 E msm_audio_get_copp_idx_from_port_id: Invalid FE, exiting
05-28 02:01:30.751     0     0 E msm_audio_sound_focus_get: Could not get copp idx for port_id=4103
05-28 02:01:30.751     0     0 E msm_audio_get_copp_idx_from_port_id: Invalid FE, exiting
05-28 02:01:30.751     0     0 E msm_audio_source_tracking_get: Could not get copp idx for port_id=4103
05-28 02:01:30.751     0     0 E msm_audio_get_copp_idx_from_port_id: Invalid FE, exiting
05-28 02:01:30.751     0     0 E msm_audio_sound_focus_get: Could not get copp idx for port_id=36865
05-28 02:01:30.751     0     0 E msm_audio_get_copp_idx_from_port_id: Invalid FE, exiting
05-28 02:01:30.751     0     0 E msm_audio_source_tracking_get: Could not get copp idx for port_id=36865
05-28 02:01:30.752     0     0 I core_get_license_status: cmdrsp_license_result.result = 0x15 for module 0x131ff
05-28 02:01:30.756     0     0 E         : msm_pcm_volume_ctl_get substream runtime not found
05-28 02:01:30.757     0     0 E         : msm_pcm_volume_ctl_get substream runtime not found
05-28 02:01:30.757     0     0 I         : Sending QMI_IPA_INIT_MODEM_DRIVER_REQ_V01
05-28 02:01:30.757     0     0 E ipa-wan handle_indication_req: 133 not send indication
05-28 02:01:30.758     0     0 E         : msm_pcm_volume_ctl_get substream runtime not found
05-28 02:01:30.758     0     0 E msm_compr_audio_effects_config_get: stream or effects inactive
05-28 02:01:30.759     0     0 E         : msm_pcm_volume_ctl_get substream runtime not found
05-28 02:01:30.760     0     0 E ipa_uc_response_hdlr: 461 IPA uC loaded
05-28 02:01:30.760     0     0 E ipa_sps_irq_control_all: 945 EP (5) not allocated.
05-28 02:01:30.760     0     0 E         : msm_pcm_volume_ctl_get substream runtime not found
05-28 02:01:30.761     0     0 E         : msm_pcm_volume_ctl_get substream or runtime not found
05-28 02:01:30.761     0     0 I         : QMI_IPA_INIT_MODEM_DRIVER_REQ_V01 response received
05-28 02:01:30.762     0     0 E msm_compr_audio_effects_config_get: stream or effects inactive
05-28 02:01:30.766     0     0 I chatty  : uid=0(root) logd identical 6 lines
05-28 02:01:30.767     0     0 E msm_compr_audio_effects_config_get: stream or effects inactive
05-28 02:01:30.767     0     0 E         : msm_pcm_volume_ctl_get substream or runtime not found
05-28 02:01:30.768     0     0 E msm_compr_audio_effects_config_get: stream or effects inactive
05-28 02:01:30.770     0     0 I chatty  : uid=0(root) logd identical 3 lines
05-28 02:01:30.770     0     0 E msm_compr_audio_effects_config_get: stream or effects inactive
05-28 02:01:30.773     0     0 E ipa_sps_irq_control_all: 945 EP (5) not allocated.
05-28 02:01:30.776     0     0 E ipa_uc_wdi_event_log_info_handler: 311 WDI feature missing 0x1
05-28 02:01:30.776     0     0 E ipa_uc_ntn_event_log_info_handler: 39 NTN feature missing 0x1
05-28 02:01:30.776     0     0 E ipa_sps_irq_control_all: 945 EP (5) not allocated.
05-28 02:01:30.778     0     0 I chatty  : uid=0(root) logd identical 1 line
05-28 02:01:30.779     0     0 E ipa_sps_irq_control_all: 945 EP (5) not allocated.
05-28 02:01:30.834     0     0 I wcnss_wlan_ctrl_probe: SMD ctrl channel up
05-28 02:01:30.834     0     0 I wcnss   : version 01050102
05-28 02:01:30.834     0     0 I wcnss   : schedule dnld work for pronto
05-28 02:01:30.834     0     0 I wcnss   : NV download
05-28 02:01:30.835     0     0 I wcnss   : build version CNSS-PR-4-0-352-107273-1
05-28 02:01:30.836     0     0 I ueventd : firmware: loading 'wlan/prima/WCNSS_qcom_wlan_nv.bin' for '/devices/soc/a000000.qcom,wcnss-wlan/firmware/wlan!prima!WCNSS_qcom_wlan_nv.bin'
05-28 02:01:30.840     0     0 I ueventd : loading /devices/soc/a000000.qcom,wcnss-wlan/firmware/wlan!prima!WCNSS_qcom_wlan_nv.bin took 3ms
05-28 02:01:30.842     0     0 I wcnss   : NV bin size: 31719, total_fragments: 11
05-28 02:01:30.842     0     0 E wcnss   : no space available for smd frame
05-28 02:01:30.863     0     0 E wcnss   : no space available for smd frame
05-28 02:01:30.880     0     0 I msm_pm_qos_add_request: add request
05-28 02:01:30.884     0     0 E wcnss   : no space available for smd frame
05-28 02:01:30.896     0     0 D SELinux : 2048 avtab hash slots, 263564 rules.
05-28 02:01:30.898     0     0 W QSEECOM : qseecom_load_app: App with id 5 (goodixfp) now loaded
05-28 02:01:30.899     0     0 W         : --------driver_init_partial start.--------
05-28 02:01:30.899     0     0 W         : --------gf_parse_dts start.--------
05-28 02:01:30.899     0     0 E goodix_fp soc: goodix_fp: goodix,gpio_reset 140
05-28 02:01:30.899     0     0 E goodix_fp soc: goodix_fp: goodix,gpio_irq 48
05-28 02:01:30.900     0     0 E msm8953-pinctrl 1000000.pinctrl: invalid group "gpio135" for function "blsp_spi6"
05-28 02:01:30.900     0     0 E msm8953-pinctrl 1000000.pinctrl: invalid group "gpio136" for function "blsp_spi6"
05-28 02:01:30.900     0     0 E msm8953-pinctrl 1000000.pinctrl: invalid group "gpio137" for function "blsp_spi6"
05-28 02:01:30.900     0     0 E msm8953-pinctrl 1000000.pinctrl: invalid group "gpio138" for function "blsp_spi6"
05-28 02:01:30.900     0     0 I         : found pin control goodixfp_reset_reset
05-28 02:01:30.900     0     0 I         : found pin control goodixfp_reset_active
05-28 02:01:30.900     0     0 I         : found pin control goodixfp_irq_active
05-28 02:01:30.900     0     0 E goodix_fp soc: goodix_fp: Selected 'goodixfp_reset_active'
05-28 02:01:30.900     0     0 E goodix_fp soc: goodix_fp: Selected 'goodixfp_irq_active'
05-28 02:01:30.900     0     0 W         : --------gf_parse_dts end---OK.--------
05-28 02:01:30.900     0     0 W         : ------------[ cut here ]------------
05-28 02:01:30.900     0     0 W         : WARNING: CPU: 2 PID: 558 at ../../../../../../kernel/xiaomi/msm8953/kernel/irq/manage.c:451 enable_irq+0xa8/0xf4()
05-28 02:01:30.900     0     0 W         : Unbalanced enable for IRQ 55
05-28 02:01:30.900     0     0 I         : Modules linked in:
05-28 02:01:30.900     0     0 I         : CPU: 2 PID: 558 Comm: gx_fpd Tainted: G        W      3.18.134-Soviet-Star-R2+ #3
05-28 02:01:30.900     0     0 I Hardware name: Qualcomm Technologies, Inc. MSM8953 + PMI8950 QRD SKU3 (DT)
05-28 02:01:30.900     0     0 F Call trace:  
05-28 02:01:30.900     0     0 I         : [<ffffffc000209e94>] dump_backtrace+0x0/0x2fc
05-28 02:01:30.900     0     0 W         : ---[ end trace f245c6e363c8a1d3 ]---
05-28 02:01:30.900     0     0 E goodix_fp soc: goodix_fp: Selected 'goodixfp_reset_reset'
05-28 02:01:30.903     0     0 E goodix_fp soc: goodix_fp: Selected 'goodixfp_reset_active'
05-28 02:01:30.903     0     0 I goodix_fp soc: goodix_fp: IRQ after reset 0
05-28 02:01:30.903     0     0 I         : irq 6, desc: ffffffc0ad989c00, depth: 0, count: 0, unhandled: 0
05-28 02:01:30.903     0     0 I ->handle_irq(): ffffffc0005b2534, msm_gpio_irq_handler+0x0/0x198
05-28 02:01:30.903     0     0 I ->irq_data.chip(): ffffffc001e68cb0, 0xffffffc001e68cb0
05-28 02:01:30.903     0     0 I ->action(): (null)
05-28 02:01:30.903     0     0 I         : IRQ_NOPROBE set
05-28 02:01:30.903     0     0 I         : IRQ_NOREQUEST set
05-28 02:01:30.903     0     0 I         : IRQ_NOTHREAD set
05-28 02:01:30.905     0     0 E wcnss   : no space available for smd frame
05-28 02:01:30.936     0     0 I msm_cci_init: 1438: hw_version = 0x10020005
05-28 02:01:30.937     0     0 E         : s5k5e8_ofilm probe succeeded
05-28 02:01:30.964     0     0 I msm_cci_init: 1438: hw_version = 0x10020005
05-28 02:01:30.964     0     0 E         : s5k3l8_ofilm probe succeeded
05-28 02:01:30.979     0     0 I msm_csid_init: CSID_VERSION = 0x30050001
05-28 02:01:30.979     0     0 E         : msm_csid_irq CSID2_IRQ_STATUS_ADDR = 0x800
05-28 02:01:30.979     0     0 I msm_csid_init: CSID_VERSION = 0x30050001
05-28 02:01:30.980     0     0 E         : msm_csid_irq CSID0_IRQ_STATUS_ADDR = 0x800
05-28 02:01:31.032     0     0 E         : msm_qti_pp_get_rms_value_control, back not active to query rms be_idx:3
05-28 02:01:31.036     0     0 I core_get_license_status: cmdrsp_license_result.result = 0x15 for module 0x1
05-28 02:01:31.037     0     0 E         : msm_dolby_dap_param_to_get_control_get, port_id not set, do not query ADM
05-28 02:01:31.037     0     0 E         : msm_dolby_dap_param_visualizer_control_get Incorrect VCNB length
05-28 02:01:31.037     0     0 E msm_voice_sound_focus_get: Error getting Sound Focus Params, err=-22
05-28 02:01:31.037     0     0 E msm_voice_source_tracking_get: Error getting Source Tracking Params, err=-22
05-28 02:01:31.037     0     0 E msm_audio_get_copp_idx_from_port_id: Invalid FE, exiting
05-28 02:01:31.037     0     0 E msm_audio_sound_focus_get: Could not get copp idx for port_id=16385
05-28 02:01:31.037     0     0 E msm_audio_get_copp_idx_from_port_id: Invalid FE, exiting
05-28 02:01:31.037     0     0 E msm_audio_source_tracking_get: Could not get copp idx for port_id=16385
05-28 02:01:31.038     0     0 E msm_voice_sound_focus_get: Error getting Sound Focus Params, err=-22
05-28 02:01:31.038     0     0 E msm_voice_source_tracking_get: Error getting Source Tracking Params, err=-22
05-28 02:01:31.038     0     0 E msm_audio_get_copp_idx_from_port_id: Invalid FE, exiting
05-28 02:01:31.038     0     0 E msm_audio_sound_focus_get: Could not get copp idx for port_id=4101
05-28 02:01:31.038     0     0 E msm_audio_get_copp_idx_from_port_id: Invalid FE, exiting
05-28 02:01:31.038     0     0 E msm_audio_source_tracking_get: Could not get copp idx for port_id=4101
05-28 02:01:31.038     0     0 E msm_audio_get_copp_idx_from_port_id: Invalid FE, exiting
05-28 02:01:31.038     0     0 E msm_audio_sound_focus_get: Could not get copp idx for port_id=4103
05-28 02:01:31.038     0     0 E msm_audio_get_copp_idx_from_port_id: Invalid FE, exiting
05-28 02:01:31.038     0     0 E msm_audio_source_tracking_get: Could not get copp idx for port_id=4103
05-28 02:01:31.038     0     0 E msm_audio_get_copp_idx_from_port_id: Invalid FE, exiting
05-28 02:01:31.038     0     0 E msm_audio_sound_focus_get: Could not get copp idx for port_id=36865
05-28 02:01:31.038     0     0 E msm_audio_get_copp_idx_from_port_id: Invalid FE, exiting
05-28 02:01:31.038     0     0 E msm_audio_source_tracking_get: Could not get copp idx for port_id=36865
05-28 02:01:31.040     0     0 I core_get_license_status: cmdrsp_license_result.result = 0x15 for module 0x131ff
05-28 02:01:31.043     0     0 E         : msm_pcm_volume_ctl_get substream runtime not found
05-28 02:01:31.043     0     0 I chatty  : uid=0(root) logd identical 1 line
05-28 02:01:31.044     0     0 E         : msm_pcm_volume_ctl_get substream runtime not found
05-28 02:01:31.044     0     0 E msm_compr_audio_effects_config_get: stream or effects inactive
05-28 02:01:31.046     0     0 E         : msm_pcm_volume_ctl_get substream runtime not found
05-28 02:01:31.047     0     0 E         : msm_pcm_volume_ctl_get substream runtime not found
05-28 02:01:31.047     0     0 E         : msm_pcm_volume_ctl_get substream or runtime not found
05-28 02:01:31.048     0     0 E msm_compr_audio_effects_config_get: stream or effects inactive
05-28 02:01:31.052     0     0 I chatty  : uid=0(root) logd identical 6 lines
05-28 02:01:31.052     0     0 E msm_compr_audio_effects_config_get: stream or effects inactive
05-28 02:01:31.053     0     0 E         : msm_pcm_volume_ctl_get substream or runtime not found
05-28 02:01:31.053     0     0 E msm_compr_audio_effects_config_get: stream or effects inactive
05-28 02:01:31.055     0     0 I chatty  : uid=0(root) logd identical 3 lines
05-28 02:01:31.056     0     0 E msm_compr_audio_effects_config_get: stream or effects inactive
05-28 02:01:31.113     0     0 E wcdcal_hwdep_ioctl_shared: codec didn't set this 0!!
05-28 02:01:31.113     0     0 E wcdcal_hwdep_ioctl_shared: codec didn't set this 3!!
05-28 02:01:31.113     0     0 E wcdcal_hwdep_ioctl_shared: codec didn't set this 4!!
05-28 02:01:31.113     0     0 E wcdcal_hwdep_ioctl_shared: codec didn't set this 5!!
05-28 02:01:31.158     0     0 E scm_call failed: func id 0x42000c16, ret: -1, syscall returns: 0x0, 0x0, 0x0
05-28 02:01:31.158     0     0 I hyp_assign_table: Failed to assign memory protection, ret = -5
05-28 02:01:31.158     0     0 E memshare: hyp_assign_phys failed size=2097152 err=-5
05-28 02:01:31.179     0     0 I MSM-CPP cpp_init_hardware: 1011 CPP HW Version: 0x40030003
05-28 02:01:31.179     0     0 E MSM-CPP cpp_init_hardware: 1029 stream_cnt:0
05-28 02:01:31.188     0     0 W audit   : audit_lost=128 audit_rate_limit=5 audit_backlog_limit=64
05-28 02:01:31.188     0     0 E audit   : rate limit exceeded
05-28 02:01:31.210     0     0 I ueventd : firmware: loading 'cpp_firmware_v1_5_0.fw' for '/devices/soc/1b04000.qcom,cpp/firmware/cpp_firmware_v1_5_0.fw'
05-28 02:01:31.211     0     0 I ueventd : loading /devices/soc/1b04000.qcom,cpp/firmware/cpp_firmware_v1_5_0.fw took 1ms
05-28 02:01:31.264     0     0 I         : Doesn't support control clock.
05-28 02:01:31.264     0     0 I         : This kernel doesn't support control clk in AP
05-28 02:01:31.272     0     0 W         : IRQ has been disabled.
05-28 02:01:31.272     0     0 E goodix_fp soc: goodix_fp: Selected 'goodixfp_reset_reset'
05-28 02:01:31.275     0     0 E goodix_fp soc: goodix_fp: Selected 'goodixfp_reset_active'
05-28 02:01:31.275     0     0 I goodix_fp soc: goodix_fp: IRQ after reset 0
05-28 02:01:31.288     0     0 W QSEECOM : qseecom_unload_app: App id 5 now unloaded
05-28 02:01:31.288     0     0 I init    : processing action (vendor.ims.DATA_DAEMON_STATUS=1) from (/vendor/etc/init/hw/init.target.rc:142)
05-28 02:01:31.289     0     0 I init    : Sending signal 9 to service 'vendor.ims_rtp_daemon' (pid 624) process group...
05-28 02:01:31.293     0     0 W gf      : [info]  entergf_cleanup
05-28 02:01:31.293     0     0 W gf      : remove irq_gpio success
05-28 02:01:31.293     0     0 W gf      : remove reset_gpio success
05-28 02:01:31.293     0     0 W gf      : gx  fingerprint_pinctrl  release success
05-28 02:01:31.293     0     0 I         : ---- power off ----
05-28 02:01:31.294     0     0 I libprocessgroup: Successfully killed process cgroup uid 1000 pid 624 in 5ms
05-28 02:01:31.296     0     0 I init    : processing action (sys.fp.vendor=switchf) from (/vendor/etc/init/hw/init.qcom.rc:638)
05-28 02:01:31.296     0     0 I init    : Sending signal 9 to service 'gx_fpd' (pid 558) process group...
05-28 02:01:31.302     0     0 I libprocessgroup: Successfully killed process cgroup uid 1000 pid 558 in 5ms
05-28 02:01:31.303     0     0 I init    : Service 'gx_fpd' (pid 558) received signal 9
05-28 02:01:31.303     0     0 I init    : Service 'vendor.ims_rtp_daemon' (pid 624) received signal 9
05-28 02:01:31.307     0     0 I init    : starting service 'fps_hal'...
05-28 02:01:31.310     0     0 I init    : Received control message 'stop' for 'vendor.imsrcsservice' from pid: 740 (/system/vendor/bin/imsdatadaemon)
05-28 02:01:31.310     0     0 I init    : Sending signal 9 to service 'vendor.imsrcsservice' (pid 625) process group...
05-28 02:01:31.316     0     0 I libprocessgroup: Successfully killed process cgroup uid 1000 pid 625 in 5ms
05-28 02:01:31.319     0     0 I init    : Received control message 'start' for 'vendor.imsrcsservice' from pid: 740 (/system/vendor/bin/imsdatadaemon)
05-28 02:01:31.320     0     0 I init    : Service 'vendor.imsrcsservice' (pid 625) received signal 9
05-28 02:01:31.349     0     0 I msm_pm_qos_update_request: update request 100
05-28 02:01:31.353     0     0 I msm_csid_init: CSID_VERSION = 0x30050001
05-28 02:01:31.354     0     0 E         : msm_csid_irq CSID0_IRQ_STATUS_ADDR = 0x800
05-28 02:01:31.361     0     0 I MSM-CPP cpp_init_hardware: 1011 CPP HW Version: 0x40030003
05-28 02:01:31.361     0     0 E MSM-CPP cpp_init_hardware: 1029 stream_cnt:0
05-28 02:01:31.370     0     0 E fpc1020 soc: fpc1020: compatible all enter 0
05-28 02:01:31.370     0     0 I fpc1020 soc: fpc1020: found pin control fpc1020_reset_reset
05-28 02:01:31.370     0     0 I fpc1020 soc: fpc1020: found pin control fpc1020_reset_active
05-28 02:01:31.370     0     0 I fpc1020 soc: fpc1020: found pin control fpc1020_irq_active
05-28 02:01:31.373     0     0 I fpc1020 soc: fpc1020: IRQ after reset 1
05-28 02:01:31.376     0     0 I msm_cci_init: 1438: hw_version = 0x10020005
05-28 02:01:31.388     0     0 I msm_pm_qos_update_request: update request -1
05-28 02:01:31.408     0     0 W QSEECOM : qseecom_load_app: App (fpctzapp) does'nt exist, loading apps for first time
05-28 02:01:31.486     0     0 I msm_pm_qos_update_request: update request 100
05-28 02:01:31.493     0     0 I msm_csid_init: CSID_VERSION = 0x30050001
05-28 02:01:31.494     0     0 E         : msm_csid_irq CSID0_IRQ_STATUS_ADDR = 0x800
05-28 02:01:31.504     0     0 I MSM-CPP cpp_init_hardware: 1011 CPP HW Version: 0x40030003
05-28 02:01:31.504     0     0 E MSM-CPP cpp_init_hardware: 1029 stream_cnt:0
05-28 02:01:31.516     0     0 I msm_cci_init: 1438: hw_version = 0x10020005
05-28 02:01:31.519     0     0 I msm_pm_qos_update_request: update request -1
05-28 02:01:31.632     0     0 I msm_pm_qos_update_request: update request 100
05-28 02:01:31.636     0     0 I msm_csid_init: CSID_VERSION = 0x30050001
05-28 02:01:31.637     0     0 E         : msm_csid_irq CSID2_IRQ_STATUS_ADDR = 0x800
05-28 02:01:31.642     0     0 I MSM-CPP cpp_init_hardware: 1011 CPP HW Version: 0x40030003
05-28 02:01:31.642     0     0 E MSM-CPP cpp_init_hardware: 1029 stream_cnt:0
05-28 02:01:31.664     0     0 I msm_pm_qos_update_request: update request -1
05-28 02:01:31.696     0     0 I msm_cci_init: 1438: hw_version = 0x10020005
--------- beginning of radio
02-16 22:51:57.460   503   503 D TelephonyManager: No /proc/cmdline exception=java.io.FileNotFoundException: /proc/cmdline (Permission denied)
02-16 22:51:57.460   503   503 D TelephonyManager: /proc/cmdline=
02-16 22:51:57.464   614   614 I chatty  : uid=1001(radio) /vendor/bin/hw/rild expire 17 lines
02-16 22:51:57.469   614  1185 I chatty  : uid=1001(radio) /vendor/bin/hw/rild expire 36 lines
02-16 22:51:57.470   614   868 I chatty  : uid=1001(radio) /vendor/bin/hw/rild expire 32 lines
05-28 02:01:31.785     0     0 I msm_pm_qos_update_request: update request 100
05-28 02:01:31.791     0     0 I msm_csid_init: CSID_VERSION = 0x30050001
05-28 02:01:31.792     0     0 E         : msm_csid_irq CSID2_IRQ_STATUS_ADDR = 0x800
05-28 02:01:31.810     0     0 I MSM-CPP cpp_init_hardware: 1011 CPP HW Version: 0x40030003
05-28 02:01:31.810     0     0 E MSM-CPP cpp_init_hardware: 1029 stream_cnt:0
05-28 02:01:31.841     0     0 I msm_pm_qos_update_request: update request -1
05-28 02:01:31.851     0     0 I msm_cci_init: 1438: hw_version = 0x10020005
05-28 02:01:31.865     0     0 E init    : Unable to set property 'ro.vendor.ril.svlte1x' to 'false' from uid:1001 gid:1001 pid:661: Read-only property was already set
05-28 02:01:31.865     0     0 E init    : Unable to set property 'ro.vendor.ril.svdo' to 'false' from uid:1001 gid:1001 pid:661: Read-only property was already set
02-16 22:51:57.629   614   923 I chatty  : uid=1001(radio) /vendor/bin/hw/rild expire 24 lines
02-16 22:51:57.642   661   870 I chatty  : uid=1001(radio) /vendor/bin/hw/rild expire 6 lines
05-28 02:01:31.905     0     0 W QSEECOM : qseecom_load_app: App with id 6 (fpctzapp) now loaded
02-16 22:51:57.686   661   926 I chatty  : uid=1001(radio) /vendor/bin/hw/rild expire 14 lines
05-28 02:01:31.945     0     0 I msm_pm_qos_update_request: update request 100
05-28 02:01:31.948     0     0 I input   : uinput-fpc as /devices/virtual/input/input8
05-28 02:01:31.963     0     0 I msm_csid_init: CSID_VERSION = 0x30050001
05-28 02:01:31.964     0     0 E         : msm_csid_irq CSID0_IRQ_STATUS_ADDR = 0x800
05-28 02:01:31.981     0     0 I MSM-CPP cpp_init_hardware: 1011 CPP HW Version: 0x40030003
05-28 02:01:31.981     0     0 E MSM-CPP cpp_init_hardware: 1029 stream_cnt:0
05-28 02:01:31.984     0     0 I msm_cci_init: 1438: hw_version = 0x10020005
05-28 02:01:31.997     0     0 I msm_pm_qos_update_request: update request -1
05-28 02:01:32.088     0     0 I msm_pm_qos_update_request: update request 100
05-28 02:01:32.097     0     0 I msm_csid_init: CSID_VERSION = 0x30050001
05-28 02:01:32.098     0     0 E         : msm_csid_irq CSID2_IRQ_STATUS_ADDR = 0x800
05-28 02:01:32.101     0     0 I MSM-CPP cpp_init_hardware: 1011 CPP HW Version: 0x40030003
05-28 02:01:32.101     0     0 E MSM-CPP cpp_init_hardware: 1029 stream_cnt:0
05-28 02:01:32.123     0     0 I msm_pm_qos_update_request: update request -1
05-28 02:01:32.166     0     0 I msm_cci_init: 1438: hw_version = 0x10020005
05-28 02:01:32.230     0     0 W audit   : audit_lost=154 audit_rate_limit=5 audit_backlog_limit=64
05-28 02:01:32.230     0     0 E audit   : rate limit exceeded
05-28 02:01:32.439     0     0 E ipa_sps_irq_control_all: 945 EP (5) not allocated.
05-28 02:01:32.440     0     0 E ipa_sps_irq_control_all: 945 EP (5) not allocated.
05-28 02:01:32.442     0     0 E ipa-wan ipa_wwan_ioctl: 1554 get AGG size 8192 count 10
05-28 02:01:32.442     0     0 E ipa_sps_irq_control_all: 945 EP (5) not allocated.
05-28 02:01:32.443     0     0 E ipa_assign_policy: 3158 get close-by 8192
05-28 02:01:32.444     0     0 E ipa_assign_policy: 3164 set rx_buff_sz 7808
05-28 02:01:32.444     0     0 E ipa_assign_policy: 3187 set aggr_limit 6
05-28 02:01:32.473     0     0 E ipa-wan ipa_wwan_ioctl: 1455 dev(rmnet_data0) register to IPA
05-28 02:01:32.634     0     0 E ipa-wan ipa_wwan_ioctl: 1455 dev(rmnet_data1) register to IPA
05-28 02:01:32.803     0     0 E ipa-wan ipa_wwan_ioctl: 1455 dev(rmnet_data2) register to IPA
05-28 02:01:32.979     0     0 D SELinux : 2048 avtab hash slots, 263564 rules.
05-28 02:01:32.979     0     0 D SELinux : 1 users, 4 roles, 2185 types, 0 bools, 1 sens, 1024 cats
05-28 02:01:32.979     0     0 D SELinux : 93 classes, 263564 rules
05-28 02:01:33.009     0     0 E ipa-wan ipa_wwan_ioctl: 1455 dev(rmnet_data3) register to IPA
05-28 02:01:33.211     0     0 E ipa-wan ipa_wwan_ioctl: 1455 dev(rmnet_data4) register to IPA
05-28 02:01:33.248     0     0 W audit   : audit_lost=286 audit_rate_limit=5 audit_backlog_limit=64
05-28 02:01:33.248     0     0 E audit   : rate limit exceeded
05-28 02:01:33.425     0     0 E ipa-wan ipa_wwan_ioctl: 1455 dev(rmnet_data5) register to IPA
05-28 02:01:33.641     0     0 E ipa-wan ipa_wwan_ioctl: 1455 dev(rmnet_data6) register to IPA
05-28 02:01:33.847     0     0 E ipa-wan ipa_wwan_ioctl: 1455 dev(rmnet_data7) register to IPA
05-28 02:01:34.284     0     0 W audit   : audit_lost=322 audit_rate_limit=5 audit_backlog_limit=64
05-28 02:01:34.284     0     0 E audit   : rate limit exceeded
05-28 02:01:34.532     0     0 I init    : starting service 'vendor.ims_rtp_daemon'...
05-28 02:01:34.534     0     0 I selinux : avc:  received policyload notice (seqno=2)
05-28 02:01:34.536     0     0 I init    : starting service 'vendor.imsrcsservice'...
02-16 22:52:01.497     0     0 W healthd : battery l=42 v=3651 t=30.7 h=2 st=3 c=817 fc=4041000 chg=
--------- beginning of system
02-16 22:52:05.318  1579  1579 I imsrcsd : getAndroidPropValue : vendor.ims.modem.multisub.cap[1]
02-16 22:52:05.318  1579  1579 I imsrcsd : Uce Service HAL  detected modemVersion[1]
02-16 22:52:05.318  1579  1579 I imsrcsd : Uce Service HAL  loading lib-uceservice
02-16 22:52:05.327  1404  1404 I chatty  : uid=1000 system_server expire 115 lines
02-16 22:52:05.490  1579  1620 I com.qualcomm.qti.uceservice@1.0-service: Successful Initialization
02-16 22:52:05.490  1579  1620 I com.qualcomm.qti.uceservice@1.0-service: Starting Service for First Time
02-16 22:52:06.125  1404  1628 I chatty  : uid=1000 system_server expire 48 lines
02-16 22:52:06.622     0     0 W healthd : battery l=42 v=3680 t=31.5 h=2 st=3 c=646 fc=4041000 chg=
02-16 22:52:06.624  1404  1454 I chatty  : uid=1000(system) batterystats-wo expire 1 line
02-16 22:52:06.671  1404  1442 I chatty  : uid=1000 system_server expire 1 line
02-16 22:52:06.638     0     0 I chatty  : uid=0(root) logd identical 3 lines
02-16 22:52:06.647     0     0 W healthd : battery l=42 v=3680 t=31.5 h=2 st=3 c=646 fc=4041000 chg=
02-16 22:52:06.912     0     0 I init    : processing action (sys.sysctl.extra_free_kbytes=*) from (/init.rc:737)
02-16 22:52:06.917  1404  1447 I chatty  : uid=1000(system) android.ui expire 1 line
02-16 22:52:06.938  1404  1665 I chatty  : uid=1000(system) NetworkWatchlis expire 2 lines
02-16 22:52:06.941  1404  1445 I chatty  : uid=1000(system) android.bg expire 10 lines
02-16 22:52:07.020  1404  1667 I chatty  : uid=1000(system) StorageManagerS expire 3 lines
02-16 22:52:07.021   466   470 E vold    : Failed to read field SystemLocale: Success
02-16 22:52:07.037  1404  1636 I chatty  : uid=1000 system_server expire 3 lines
02-16 22:52:07.055  1404  1445 I chatty  : uid=1000(system) android.bg expire 1 line
02-16 22:52:07.065  1404  1660 I chatty  : uid=1000(system) InputDispatcher expire 2 lines
02-16 22:52:07.124  1404  1628 I chatty  : uid=1000 system_server expire 176 lines
02-16 22:52:07.257     0     0 W audit   : audit_lost=379 audit_rate_limit=5 audit_backlog_limit=64
02-16 22:52:07.257     0     0 E audit   : rate limit exceeded
02-16 22:52:07.430   504   504 D TelephonyManager: No /proc/cmdline exception=java.io.FileNotFoundException: /proc/cmdline (Permission denied)
02-16 22:52:07.430   504   504 D TelephonyManager: /proc/cmdline=
02-16 22:52:07.608  1404  1635 I chatty  : uid=1000 system_server expire 2 lines
02-16 22:52:08.331     0     0 W audit   : audit_lost=389 audit_rate_limit=5 audit_backlog_limit=64
02-16 22:52:08.331     0     0 E audit   : rate limit exceeded
02-16 22:52:09.345     0     0 W audit   : audit_lost=400 audit_rate_limit=5 audit_backlog_limit=64
02-16 22:52:09.345     0     0 E audit   : rate limit exceeded
02-16 22:52:10.371     0     0 W audit   : audit_lost=411 audit_rate_limit=5 audit_backlog_limit=64
02-16 22:52:10.371     0     0 E audit   : rate limit exceeded
02-16 22:52:11.372     0     0 W audit   : audit_lost=422 audit_rate_limit=5 audit_backlog_limit=64
02-16 22:52:11.372     0     0 E audit   : rate limit exceeded
02-16 22:52:12.404     0     0 W audit   : audit_lost=433 audit_rate_limit=5 audit_backlog_limit=64
02-16 22:52:12.404     0     0 E audit   : rate limit exceeded
02-16 22:52:24.559  1404  1404 I chatty  : uid=1000 system_server expire 46 lines
02-16 22:52:24.602  1404  1804 I chatty  : uid=1000(system) NetdConnector expire 1 line
02-16 22:52:24.668  1404  1404 E TelephonyManager: IMSI error: Subscriber Info is null
02-16 22:52:24.820  1404  1404 I chatty  : uid=1000 system_server expire 184 lines
02-16 22:52:24.827  1404  1628 I chatty  : uid=1000 system_server expire 13 lines
02-16 22:52:24.895     0     0 I binder  : 455:455 BC_REQUEST_DEATH_NOTIFICATION death notification already set
02-16 22:52:24.968     0     0 I         : acc_open
02-16 22:52:24.968     0     0 I         : acc_release
02-16 22:52:24.972  1404  1664 I chatty  : uid=1000(system) HwBinder:1404_3 expire 2 lines
02-16 22:52:25.048  1404  1635 I chatty  : uid=1000 system_server expire 4 lines
02-16 22:52:25.226  1404  1813 I chatty  : uid=1000(system) ConnectivitySer expire 1 line
02-16 22:52:25.836     0     0 W healthd : battery l=42 v=3696 t=31.5 h=2 st=3 c=529 fc=4041000 chg=
02-16 22:52:25.845  1404  1454 I chatty  : uid=1000(system) batterystats-wo expire 6 lines
02-16 22:52:25.852  1404  1467 I chatty  : uid=1000(system) PowerManagerSer expire 1 line
02-16 22:52:25.856   548   548 I android.hardware.wifi@1.0-service: Wifi HAL started
02-16 22:52:25.841     0     0 W healthd : battery l=42 v=3696 t=31.5 h=2 st=3 c=529 fc=4041000 chg=
02-16 22:52:25.858     0     0 I init    : Received control message 'start' for 'wpa_supplicant' from pid: 644 (/system/bin/wificond)
02-16 22:52:25.859     0     0 I init    : starting service 'wpa_supplicant'...
02-16 22:52:25.861     0     0 I init    : Created socket '/dev/socket/vendor_wpa_wlan0', mode 660, user 1010, group 1010
02-16 22:52:25.966     0     0 I wlan    : loading driver v3.0.11.85
02-16 22:52:25.967     0     0 I ueventd : firmware: loading 'wlan/prima/WCNSS_qcom_cfg.ini' for '/devices/soc/a000000.qcom,wcnss-wlan/firmware/wlan!prima!WCNSS_qcom_cfg.ini'
02-16 22:52:25.969     0     0 I ueventd : loading /devices/soc/a000000.qcom,wcnss-wlan/firmware/wlan!prima!WCNSS_qcom_cfg.ini took 1ms
02-16 22:52:25.971     0     0 I ueventd : firmware: loading 'wlan/prima/WCNSS_qcom_wlan_nv.bin' for '/devices/soc/a000000.qcom,wcnss-wlan/firmware/wlan!prima!WCNSS_qcom_wlan_nv.bin'
02-16 22:52:25.972     0     0 I ueventd : loading /devices/soc/a000000.qcom,wcnss-wlan/firmware/wlan!prima!WCNSS_qcom_wlan_nv.bin took 1ms
02-16 22:52:25.988     0     0 I wcnss_get_serial_number: Device serial number: 3367401871
02-16 22:52:25.989     0     0 I ueventd : firmware: loading 'wlan/prima/wlan_mac.bin' for '/devices/soc/a000000.qcom,wcnss-wlan/firmware/wlan!prima!wlan_mac.bin'
02-16 22:52:25.989     0     0 E ueventd : firmware: could not find firmware for wlan/prima/wlan_mac.bin
02-16 22:52:25.990     0     0 I ueventd : loading /devices/soc/a000000.qcom,wcnss-wlan/firmware/wlan!prima!wlan_mac.bin took 0ms
02-16 22:52:26.111  1404  1465 I chatty  : uid=1000(system) android.display expire 2 lines
02-16 22:52:26.112     0     0 I wlan    : WCNSS WLAN version 1.5.1.2
02-16 22:52:26.112     0     0 I wlan    : WCNSS software version CNSS-PR-4-0-352-107273-1
02-16 22:52:26.112     0     0 I wlan    : WCNSS hardware version WCN v2.0 RadioPhy vIris_TSMC_4.0 with 48MHz XO
02-16 22:52:26.112     0     0 I         : DefaultCountry is 00
02-16 22:52:26.114     0     0 I country : 00 and initiator 0
02-16 22:52:26.138     0     0 I wlan_logging_sock_activate_svc: Initalizing FEConsoleLog = 1 NumBuff = 32
02-16 22:52:26.138     0     0 I wlan_logging_sock_activate_svc: Initalizing Pkt stats pkt_stats_buff = 16
02-16 22:52:26.139     0     0 I wlan    : driver loaded
02-16 22:52:26.140     0     0 I IPv6    : ADDRCONF(NETDEV_UP): wlan0: link is not ready
02-16 22:52:26.152   548   548 I android.hardware.wifi@1.0-service: Adding interface handle for p2p0
02-16 22:52:26.152   548   548 I android.hardware.wifi@1.0-service: Adding interface handle for wlan0
02-16 22:52:26.152   548   548 E android.hardware.wifi@1.0-service: Failed to register radio mode change callback
02-16 22:52:26.152   548   548 I android.hardware.wifi@1.0-service: Configured chip in mode 0
02-16 22:52:26.163   644   644 I wificond: create scanner for interface with index: 25
02-16 22:52:26.163   644   644 I wificond: subscribe scan result for interface with index: 25
02-16 22:52:26.165   644   644 E wificond: No Offload Service available
02-16 22:52:26.165   644   644 I wificond: Offload HAL not supported 
02-16 22:52:26.190  1404  1667 I chatty  : uid=1000(system) StorageManagerS expire 3 lines
02-16 22:52:26.191   466   470 D vold    : e4crypt_unlock_user_key 0 serial=0 token_present=0
02-16 22:52:26.191  1404  1446 I chatty  : uid=1000(system) ActivityManager expire 3 lines
02-16 22:52:26.193  1404  1653 I chatty  : uid=1000(system) Binder:1404_3 expire 1 line
02-16 22:52:26.195  1404  1821 I chatty  : uid=1000(system) AudioService expire 1 line
02-16 22:52:26.196   466   470 V vold    : Waiting for FUSE to spin up...
02-16 22:52:26.197  1404  1463 I chatty  : uid=1000(system) android.fg expire 1 line
02-16 22:52:26.212  1853  1853 W sdcard  : Device explicitly enabled sdcardfs
02-16 22:52:26.212     0     0 I         : sdcardfs version 2.0
02-16 22:52:26.212     0     0 I sdcardfs: dev_name -> /data/media
02-16 22:52:26.212     0     0 I sdcardfs: options -> fsuid=1023,fsgid=1023,multiuser,derive_gid,default_normal,mask=6,userid=0,gid=1015
02-16 22:52:26.212     0     0 I sdcardfs: mnt -> 0000000000000000
02-16 22:52:26.212     0     0 I sdcardfs: mounted on top of /data/media type f2fs
02-16 22:52:26.213     0     0 I         : Remount options were mask=23,gid=9997 for vfsmnt 0000000000000000.
02-16 22:52:26.213     0     0 I sdcardfs: options - debug:1
02-16 22:52:26.213     0     0 I sdcardfs: options - gid:9997
02-16 22:52:26.213     0     0 I sdcardfs: options - mask:23
02-16 22:52:26.213     0     0 I         : Remount options were mask=7,gid=9997 for vfsmnt 0000000000000000.
02-16 22:52:26.213     0     0 I sdcardfs: options - debug:1
