02-16 22:52:26.213     0     0 I sdcardfs: options - gid:9997
02-16 22:52:26.213     0     0 I sdcardfs: options - mask:7
02-16 22:52:26.233  1404  1807 I chatty  : uid=1000(system) NetworkPolicy expire 1 line
02-16 22:52:26.318  1404  1807 D TelephonyRegistry: listen oscl: hasNotifySubscriptionInfoChangedOccurred==false no callback
02-16 22:52:26.335  1404  1404 D TelephonyRegistry: listen oscl: hasNotifySubscriptionInfoChangedOccurred==false no callback
02-16 22:52:26.345  1404  1448 I chatty  : uid=1000(system) ActivityManager expire 7 lines
02-16 22:52:26.350     0     0 W audit   : audit_lost=435 audit_rate_limit=5 audit_backlog_limit=64
02-16 22:52:26.350     0     0 E audit   : rate limit exceeded
02-16 22:52:26.381  1404  1404 D TelephonyRegistry: systemRunning register for intents
02-16 22:52:26.389  1404  1445 D TelephonyRegistry: listen oscl: hasNotifySubscriptionInfoChangedOccurred==false no callback
02-16 22:52:26.425     0     0 I msm_vidc: info: Opening video instance: 0000000000000000, 1
02-16 22:52:26.429     0     0 I subsys-restart: __subsystem_get(): Changing subsys fw_name to venus
02-16 22:52:26.435     0     0 I ueventd : firmware: loading 'venus.mdt' for '/devices/soc/1de0000.qcom,venus/firmware/venus.mdt'
02-16 22:52:26.437     0     0 I ueventd : loading /devices/soc/1de0000.qcom,venus/firmware/venus.mdt took 2ms
02-16 22:52:26.441     0     0 I subsys-pil-tz 1de0000.qcom,venus: venus: loading from 0x000000008f800000 to 0x000000008fd00000
02-16 22:52:26.455     0     0 I ueventd : firmware: loading 'venus.b02' for '/devices/soc/1de0000.qcom,venus/firmware/venus.b02'
02-16 22:52:26.461     0     0 I ueventd : loading /devices/soc/1de0000.qcom,venus/firmware/venus.b02 took 6ms
02-16 22:52:26.461     0     0 I ueventd : firmware: loading 'venus.b03' for '/devices/soc/1de0000.qcom,venus/firmware/venus.b03'
02-16 22:52:26.462     0     0 I ueventd : loading /devices/soc/1de0000.qcom,venus/firmware/venus.b03 took 0ms
02-16 22:52:26.465     0     0 I ueventd : firmware: loading 'venus.b04' for '/devices/soc/1de0000.qcom,venus/firmware/venus.b04'
02-16 22:52:26.465     0     0 I ueventd : loading /devices/soc/1de0000.qcom,venus/firmware/venus.b04 took 0ms
02-16 22:52:26.488     0     0 I subsys-pil-tz 1de0000.qcom,venus: venus: Brought out of reset
02-16 22:52:26.504  1404  1447 I chatty  : uid=1000(system) android.ui expire 1 line
02-16 22:52:26.514  1404  1445 I chatty  : uid=1000(system) android.bg expire 1 line
02-16 22:52:26.515  1404  1445 W GeocoderProxy: Odd, no component found for service com.android.location.service.GeocodeProvider
02-16 22:52:26.515  1404  1445 W GeofenceProxy: Odd, no component found for service com.android.location.service.GeofenceProvider
02-16 22:52:26.515  1404  1445 W ActivityRecognitionProxy: Odd, no component found for service com.android.location.service.ActivityRecognitionProvider
02-16 22:52:26.522     0     0 I msm_vidc: info: Closed video instance: 0000000000000000
02-16 22:52:26.537     0     0 I msm_vidc: info: Opening video instance: 0000000000000000, 1
02-16 22:52:26.548     0     0 I msm_vidc: info: Closed video instance: 0000000000000000
02-16 22:52:26.564     0     0 I msm_vidc: info: Opening video instance: 0000000000000000, 1
02-16 22:52:26.573     0     0 I msm_vidc: info: Closed video instance: 0000000000000000
02-16 22:52:26.592     0     0 I msm_vidc: info: Opening video instance: 0000000000000000, 1
02-16 22:52:26.606     0     0 I msm_vidc: info: Closed video instance: 0000000000000000
02-16 22:52:26.615     0     0 I msm_vidc: info: Opening video instance: 0000000000000000, 1
02-16 22:52:26.624  1878  1956 E ActivityThread: Failed to find provider info for user_dictionary
02-16 22:52:26.627     0     0 I msm_vidc: info: Closed video instance: 0000000000000000
02-16 22:52:26.646     0     0 I msm_vidc: info: Opening video instance: 0000000000000000, 1
02-16 22:52:26.641  1404  1404 W Looper  : Slow dispatch took 133ms main h=android.app.ActivityThread$H c=null m=159
02-16 22:52:26.652     0     0 I msm_vidc: info: Closed video instance: 0000000000000000
02-16 22:52:26.660     0     0 I msm_vidc: info: Opening video instance: 0000000000000000, 1
02-16 22:52:26.666     0     0 I msm_vidc: info: Closed video instance: 0000000000000000
02-16 22:52:26.672     0     0 I msm_vidc: info: Opening video instance: 0000000000000000, 1
02-16 22:52:26.678     0     0 I msm_vidc: info: Closed video instance: 0000000000000000
02-16 22:52:26.687     0     0 I msm_vidc: info: Opening video instance: 0000000000000000, 1
02-16 22:52:26.694     0     0 I msm_vidc: info: Closed video instance: 0000000000000000
02-16 22:52:26.708     0     0 I msm_vidc: info: Opening video instance: 0000000000000000, 1
02-16 22:52:26.714     0     0 I msm_vidc: info: Closed video instance: 0000000000000000
02-16 22:52:26.724     0     0 I msm_vidc: info: Opening video instance: 0000000000000000, 0
02-16 22:52:26.731     0     0 I msm_vidc: info: Closed video instance: 0000000000000000
02-16 22:52:26.743     0     0 I msm_vidc: info: Opening video instance: 0000000000000000, 0
02-16 22:52:26.749     0     0 I msm_vidc: info: Closed video instance: 0000000000000000
02-16 22:52:26.754  1404  1448 W ActivityManager: Slow operation: 559ms so far, now at startProcess: returned from zygote!
02-16 22:52:26.754  1404  1448 W ActivityManager: Slow operation: 559ms so far, now at startProcess: done updating battery stats
02-16 22:52:26.754  1404  1448 W ActivityManager: Slow operation: 559ms so far, now at startProcess: building log message
02-16 22:52:26.754  1404  1448 I ActivityManager: Start proc 1992:com.android.systemui/u0a32 for service com.android.systemui/.SystemUIService
02-16 22:52:26.754  1404  1448 W ActivityManager: Slow operation: 559ms so far, now at startProcess: starting to update pids map
02-16 22:52:26.754  1404  1448 W ActivityManager: Slow operation: 559ms so far, now at startProcess: done updating pids map
02-16 22:52:26.754  1404  1448 W ActivityManager: Slow operation: 540ms so far, now at startProcess: asking zygote to start proc
02-16 22:52:26.761     0     0 I msm_vidc: info: Opening video instance: 0000000000000000, 0
02-16 22:52:26.766     0     0 I msm_vidc: info: Closed video instance: 0000000000000000
02-16 22:52:26.771     0     0 I msm_vidc: info: Opening video instance: 0000000000000000, 0
02-16 22:52:26.777     0     0 I msm_vidc: info: Closed video instance: 0000000000000000
02-16 22:52:26.784  1404  1404 W Looper  : Slow dispatch took 143ms main h=android.app.ActivityThread$H c=null m=156
02-16 22:52:26.787     0     0 I msm_vidc: info: Opening video instance: 0000000000000000, 0
02-16 22:52:26.794     0     0 I msm_vidc: info: Closed video instance: 0000000000000000
02-16 22:52:26.900  1404  1448 W ActivityManager: Slow operation: 686ms so far, now at startProcess: returned from zygote!
02-16 22:52:26.901  1404  1448 W ActivityManager: Slow operation: 686ms so far, now at startProcess: done updating battery stats
02-16 22:52:26.901  1404  1448 W ActivityManager: Slow operation: 686ms so far, now at startProcess: building log message
02-16 22:52:26.901  1404  1448 I ActivityManager: Start proc 2033:WebViewLoader-armeabi-v7a/1037 [android.webkit.WebViewLibraryLoader$RelroFileCreator] for 
02-16 22:52:26.901  1404  1448 W ActivityManager: Slow operation: 686ms so far, now at startProcess: starting to update pids map
02-16 22:52:26.901  1404  1448 W ActivityManager: Slow operation: 686ms so far, now at startProcess: done updating pids map
02-16 22:52:26.901  1404  1448 W ActivityManager: Slow operation: 687ms so far, now at startProcess: asking zygote to start proc
02-16 22:52:26.905  1404  1404 W Looper  : Slow dispatch took 120ms main h=android.app.ActivityThread$H c=null m=156
02-16 22:52:26.906  1404  1404 D ConditionProviders.SCP: onConnected
02-16 22:52:26.909  1404  1404 D ConditionProviders: Subscribing to condition://android/event?userId=-10000&calendar=&reply=1 with ComponentInfo{android/com.android.server.notification.EventConditionProvider}
02-16 22:52:26.909  1404  1404 D ConditionProviders: Subscribing to condition://android/schedule?days=1.2.3.4.5.6.7&start=22.0&end=7.0&exitAtAlarm=true with ComponentInfo{android/com.android.server.notification.ScheduleConditionProvider}
02-16 22:52:26.913  1404  1404 W ContextImpl: Calling a method in the system process without a qualified user: android.app.ContextImpl.startService:1531 com.android.server.content.SyncManager$14.run:756 android.os.Handler.handleCallback:873 android.os.Handler.dispatchMessage:99 android.os.Looper.loop:193 
02-16 22:52:26.944  1404  1851 D TelephonyRegistry: listen oscl: hasNotifySubscriptionInfoChangedOccurred==false no callback
02-16 22:52:26.952  1404  1404 D BluetoothManagerService: Trying to bind to profile: 1, while Bluetooth was disabled
02-16 22:52:26.953  1404  2050 I Telecom : BluetoothRouteManager: getBluetoothAudioConnectedDevice: no headset service available.
02-16 22:52:26.957  1404  1404 I Telecom : SystemStateProvider: Registering car mode receiver: android.content.IntentFilter@7f01c19: TS.init@AAA
02-16 22:52:26.965  1404  2052 I Telecom : Logging.Events: Non-call EVENT: AUDIO_ROUTE, Entering state QuiescentEarpieceRoute
02-16 22:52:26.965  1404  2052 I Telecom : BluetoothRouteManager: getBluetoothAudioConnectedDevice: no headset service available.
02-16 22:52:26.971  1404  2054 I Telecom : CallAudioModeStateMachine: Message received: null.: TS.init->CAMSM.pM_1@AAA
02-16 22:52:26.976  1404  1404 I Telecom : MissedCallNotifierImpl: reloadFromDatabase: Boot not yet complete -- call log db may not be available. Deferring loading until boot complete for user 0: TS.init@AAA
02-16 22:52:26.982  1404  1404 D TelephonyRegistry: listen oscl: hasNotifySubscriptionInfoChangedOccurred==false no callback
02-16 22:52:26.985  1404  1404 D BluetoothManagerService: Trying to bind to profile: 1, while Bluetooth was disabled
02-16 22:52:26.989  1404  1404 I Telecom : Class: TelecomSystem.INSTANCE being set
02-16 22:52:26.990  1404  1404 W ContextImpl: Calling a method in the system process without a qualified user: android.app.ContextImpl.startService:1531 android.content.ContextWrapper.startService:664 com.android.server.telecom.components.TelecomService.initializeTelecomSystem:197 com.android.server.telecom.components.TelecomService.onBind:67 android.app.ActivityThread.handleBindService:3599 
02-16 22:52:27.014  1404  1425 I ActivityManager: Process WebViewLoader-armeabi-v7a (pid 2033) has died: psvc PER 
02-16 22:52:27.031  1404  1404 V WiredAccessoryManager: notifyWiredAccessoryChanged: when=0 bits= mask=54
02-16 22:52:27.032  1404  1404 V WiredAccessoryManager: newName=h2w newState=0 headsetState=0 prev headsetState=0
02-16 22:52:27.032  1404  1404 V WiredAccessoryManager: init()
02-16 22:52:27.038  1404  2026 W ActivityManager: Unable to start service Intent { act=android.intent.action.QUICKSTEP_SERVICE pkg=ch.deletescape.lawnchair.ci } U=0: not found
02-16 22:52:27.050  1404  1448 W ActivityManager: Slow operation: 836ms so far, now at startProcess: returned from zygote!
02-16 22:52:27.050  1404  1448 W ActivityManager: Slow operation: 836ms so far, now at startProcess: done updating battery stats
02-16 22:52:27.050  1404  1448 W ActivityManager: Slow operation: 836ms so far, now at startProcess: building log message
02-16 22:52:27.050  1404  1448 I ActivityManager: Start proc 2079:WebViewLoader-arm64-v8a/1037 [android.webkit.WebViewLibraryLoader$RelroFileCreator] for 
02-16 22:52:27.050  1404  1448 W ActivityManager: Slow operation: 836ms so far, now at startProcess: starting to update pids map
02-16 22:52:27.050  1404  1448 W ActivityManager: Slow operation: 836ms so far, now at startProcess: done updating pids map
02-16 22:52:27.050  1404  1448 W ActivityManager: Slow operation: 656ms so far, now at startProcess: asking zygote to start proc
02-16 22:52:27.059  1404  1404 D AccessibilityManagerService: Ignoring non-encryption-aware service ComponentInfo{ch.deletescape.lawnchair.ci/ch.deletescape.lawnchair.LawnchairAccessibilityService}
02-16 22:52:27.059  1404  1404 D AccessibilityManagerService: Ignoring non-encryption-aware service ComponentInfo{com.franco.kernel/a.cc}
02-16 22:52:27.060  1404  1404 D AccessibilityManagerService: Ignoring non-encryption-aware service ComponentInfo{com.server.auditor.ssh.client/com.server.auditor.ssh.client.utils.FingerprintGesturesService}
02-16 22:52:27.062  1404  1404 V ConditionProviders: enabling condition provider for 0: ComponentInfo{com.google.android.apps.wellbeing/com.google.android.apps.wellbeing.dnd.impl.DndConditionProviderService}
02-16 22:52:27.063  1404  1404 V ConditionProviders: binding: Intent { act=android.service.notification.ConditionProviderService cmp=com.google.android.apps.wellbeing/.dnd.impl.DndConditionProviderService (has extras) }
02-16 22:52:27.064  1404  1404 V NotificationListeners: enabling notification listener for 0: ComponentInfo{cz.zdenekhorak.mibandtools/cz.zdenekhorak.mibandtools.service.MiBandNotificationService}
02-16 22:52:27.064  1404  1404 V NotificationListeners: binding: Intent { act=android.service.notification.NotificationListenerService cmp=cz.zdenekhorak.mibandtools/.service.MiBandNotificationService (has extras) }
02-16 22:52:27.064  1404  1404 W ActivityManager: Unable to start service Intent { act=android.service.notification.NotificationListenerService cmp=cz.zdenekhorak.mibandtools/.service.MiBandNotificationService } U=0: not found
02-16 22:52:27.064  1404  1404 W NotificationListeners: Unable to bind notification listener service: Intent { act=android.service.notification.NotificationListenerService cmp=cz.zdenekhorak.mibandtools/.service.MiBandNotificationService (has extras) }
02-16 22:52:27.064  1404  1404 W NotificationListeners: Not binding notification listener service ComponentInfo{com.android.launcher3/com.android.launcher3.notification.NotificationListener}: service not found
02-16 22:52:27.064  1404  1404 V NotificationListeners: enabling notification listener for 0: ComponentInfo{com.xiaomi.hm.health/com.xiaomi.hm.health.ui.smartplay.NotificationAccessService}
02-16 22:52:27.064  1404  1404 V NotificationListeners: binding: Intent { act=android.service.notification.NotificationListenerService cmp=com.xiaomi.hm.health/.ui.smartplay.NotificationAccessService (has extras) }
02-16 22:52:27.065  1404  1404 W ActivityManager: Unable to start service Intent { act=android.service.notification.NotificationListenerService cmp=com.xiaomi.hm.health/.ui.smartplay.NotificationAccessService } U=0: not found
02-16 22:52:27.065  1404  1404 W NotificationListeners: Unable to bind notification listener service: Intent { act=android.service.notification.NotificationListenerService cmp=com.xiaomi.hm.health/.ui.smartplay.NotificationAccessService (has extras) }
02-16 22:52:27.065  1404  1404 V NotificationListeners: enabling notification listener for 0: ComponentInfo{ch.deletescape.lawnchair.ci/com.android.launcher3.notification.NotificationListener}
02-16 22:52:27.065  1404  1404 V NotificationListeners: binding: Intent { act=android.service.notification.NotificationListenerService cmp=ch.deletescape.lawnchair.ci/com.android.launcher3.notification.NotificationListener (has extras) }
02-16 22:52:27.065  1404  1404 W ActivityManager: Unable to start service Intent { act=android.service.notification.NotificationListenerService cmp=ch.deletescape.lawnchair.ci/com.android.launcher3.notification.NotificationListener } U=0: not found
02-16 22:52:27.065  1404  1404 W NotificationListeners: Unable to bind notification listener service: Intent { act=android.service.notification.NotificationListenerService cmp=ch.deletescape.lawnchair.ci/com.android.launcher3.notification.NotificationListener (has extras) }
02-16 22:52:27.065  1404  1404 V NotificationListeners: enabling notification listener for 0: ComponentInfo{com.dharmapoudel.tidypanel/com.dharmapoudel.tidypanel.TidyPanelNotificationListener}
02-16 22:52:27.065  1404  1404 V NotificationListeners: binding: Intent { act=android.service.notification.NotificationListenerService cmp=com.dharmapoudel.tidypanel/.TidyPanelNotificationListener (has extras) }
02-16 22:52:27.065  1404  1404 W ActivityManager: Unable to start service Intent { act=android.service.notification.NotificationListenerService cmp=com.dharmapoudel.tidypanel/.TidyPanelNotificationListener } U=0: not found
02-16 22:52:27.065  1404  1404 W NotificationListeners: Unable to bind notification listener service: Intent { act=android.service.notification.NotificationListenerService cmp=com.dharmapoudel.tidypanel/.TidyPanelNotificationListener (has extras) }
02-16 22:52:27.065  1404  1404 V NotificationListeners: enabling notification listener for 0: ComponentInfo{org.kustom.widget/org.kustom.lib.music.NotificationService}
02-16 22:52:27.065  1404  1404 V NotificationListeners: binding: Intent { act=android.service.notification.NotificationListenerService cmp=org.kustom.widget/org.kustom.lib.music.NotificationService (has extras) }
02-16 22:52:27.065  1404  1404 W ActivityManager: Unable to start service Intent { act=android.service.notification.NotificationListenerService cmp=org.kustom.widget/org.kustom.lib.music.NotificationService } U=0: not found
02-16 22:52:27.065  1404  1404 W NotificationListeners: Unable to bind notification listener service: Intent { act=android.service.notification.NotificationListenerService cmp=org.kustom.widget/org.kustom.lib.music.NotificationService (has extras) }
02-16 22:52:27.099  1404  1404 W BroadcastQueue: Background execution not allowed: receiving Intent { act=android.intent.action.ACTION_POWER_DISCONNECTED flg=0x4000010 (has extras) } to com.google.android.gms/.chimera.GmsIntentOperationService$PersistentTrustedReceiver
02-16 22:52:27.101  1404  1404 D ConditionProviders.SCP: onSubscribe condition://android/schedule?days=1.2.3.4.5.6.7&start=22.0&end=7.0&exitAtAlarm=true
02-16 22:52:27.101  1404  1404 D ConditionProviders.SCP: setRegistered true
02-16 22:52:27.103  1404  1819 E ActivityThread: Failed to find provider info for com.android.calendar
02-16 22:52:27.104  1404  1819 E ActivityThread: Failed to find provider info for com.android.calendar
02-16 22:52:27.120  1404  1404 D ConditionProviders.SCP: evaluateSubscriptionLocked cal=ScheduleCalendar[mDays={1, 2, 3, 4, 5, 6, 7}, mSchedule=ScheduleInfo{days=[1, 2, 3, 4, 5, 6, 7], startHour=22, startMinute=0, endHour=7, endMinute=0, exitAtAlarm=true, nextAlarm=Thu Jan 01 03:00:00 GMT+03:00 1970 (0)}], now=Sat Feb 16 22:52:27 GMT+02:00 2019 (1550350347101), nextUserAlarmTime=Thu Jan 01 03:00:00 GMT+03:00 1970 (0)
02-16 22:52:27.120  1404  1404 D ConditionProviders.SCP: notifyCondition condition://android/schedule?days=1.2.3.4.5.6.7&start=22.0&end=7.0&exitAtAlarm=true STATE_TRUE reason=meetsSchedule
02-16 22:52:27.121  1404  1404 D ConditionProviders.SCP: Scheduling evaluate for Sun Feb 17 07:00:00 GMT+02:00 2019 (1550379600000), in +8h7m32s899ms, now=Sat Feb 16 22:52:27 GMT+02:00 2019 (1550350347101)
02-16 22:52:27.122  1404  1839 I SyncManager: Got SyncJobService instance.
02-16 22:52:27.176  1404  1404 V FingerprintService: startAuthentication(com.android.systemui)
02-16 22:52:27.176  1404  1404 V FingerprintService: request stop current client android
02-16 22:52:27.177  1404  1404 W FingerprintService: Internal cleanup in progress but trying to start client AuthenticationClient(com.android.systemui), initiatedByClient = true
02-16 22:52:27.177  1404  1404 I Telecom : WiredHeadsetManager: ACTION_HEADSET_PLUG event, plugged in: false, : WHC.oADA@AAE
02-16 22:52:27.178  1404  1856 W UsageStatsService: Event reported without a package name
02-16 22:52:27.182   466   470 V vold    : /system/bin/sgdisk
02-16 22:52:27.182   466   470 V vold    :     --android-dump
02-16 22:52:27.182   466   470 V vold    :     /dev/block/vold/disk:179,64
02-16 22:52:27.197  1404  2026 I ActivityManager: Process WebViewLoader-arm64-v8a (pid 2079) has died: psvc PER 
02-16 22:52:27.213  1404  1448 W ActivityManager: Slow operation: 818ms so far, now at startProcess: returned from zygote!
02-16 22:52:27.213  1404  1448 W ActivityManager: Slow operation: 819ms so far, now at startProcess: done updating battery stats
02-16 22:52:27.223  1404  1448 W ActivityManager: Slow operation: 828ms so far, now at startProcess: building log message
02-16 22:52:27.223  1404  1448 I ActivityManager: Start proc 2106:.dataservices/1000 for added application .dataservices
02-16 22:52:27.223  1404  1448 W ActivityManager: Slow operation: 828ms so far, now at startProcess: starting to update pids map
02-16 22:52:27.223  1404  1448 W ActivityManager: Slow operation: 828ms so far, now at startProcess: done updating pids map
02-16 22:52:27.223  1404  1448 W ActivityManager: Slow operation: 827ms so far, now at startProcess: asking zygote to start proc
02-16 22:52:27.225  1404  1404 W CarrierConfigManager: Error getting config for subId -1 ICarrierConfigLoader is null
02-16 22:52:27.225  1404  1404 I Telecom : PhoneAccountRegistrar: SimCallManager queried, returning: null: TSI.gSCM@AAI
02-16 22:52:27.230  1404  1404 I AutofillManagerService: Updating Autofill for user 0: disabled=false
02-16 22:52:27.233  1404  1404 D TelephonyRegistry: notifyCellLocationForSubscriber: subId=0 cellLocation=Bundle[{cid=-1, lac=-1, psc=-1}]
02-16 22:52:27.233  1404  1404 D TelephonyRegistry: notifyCellLocationForSubscriber: subId=1 cellLocation=Bundle[{cid=-1, lac=-1, psc=-1}]
02-16 22:52:27.236  1404  1404 W Looper  : Drained
02-16 22:52:27.277  1992  1992 W CarrierConfigManager: Error getting config for subId -1 ICarrierConfigLoader is null
02-16 22:52:27.288  1404  2072 D ConnectivityService: requestNetwork for uid/pid:10032/1992 NetworkRequest [ TRACK_DEFAULT id=9, [ Capabilities: INTERNET&NOT_RESTRICTED&TRUSTED Unwanted:  Uid: 10032] ]
02-16 22:52:27.290  1404  1856 D TelephonyRegistry: listen oscl: hasNotifySubscriptionInfoChangedOccurred==false no callback
02-16 22:52:27.316  1404  2072 D ConnectivityService: requestNetwork for uid/pid:1000/2106 NetworkRequest [ TRACK_DEFAULT id=12, [ Capabilities: INTERNET&NOT_RESTRICTED&TRUSTED Unwanted:  Uid: 1000] ]
02-16 22:52:27.358  1404  2072 I StatusBarManagerService: registerStatusBar bar=com.android.internal.statusbar.IStatusBar$Stub$Proxy@72a4896
02-16 22:52:27.361  1404  1448 W ActivityManager: Slow operation: 966ms so far, now at startProcess: returned from zygote!
02-16 22:52:27.362  1404  1448 W ActivityManager: Slow operation: 966ms so far, now at startProcess: done updating battery stats
02-16 22:52:27.362  1404  1448 W ActivityManager: Slow operation: 966ms so far, now at startProcess: building log message
02-16 22:52:27.362  1404  1448 I ActivityManager: Start proc 2134:com.qualcomm.qti.telephonyservice/1001 for added application com.qualcomm.qti.telephonyservice
02-16 22:52:27.362  1404  1448 W ActivityManager: Slow operation: 967ms so far, now at startProcess: starting to update pids map
02-16 22:52:27.362  1404  1448 W ActivityManager: Slow operation: 967ms so far, now at startProcess: done updating pids map
02-16 22:52:27.362  1404  1448 W ActivityManager: Slow operation: 967ms so far, now at startProcess: asking zygote to start proc
02-16 22:52:27.367     0     0 W audit   : audit_lost=1125 audit_rate_limit=5 audit_backlog_limit=64
02-16 22:52:27.367     0     0 E audit   : rate limit exceeded
02-16 22:52:27.415  1992  1992 E ActivityThread: Failed to find provider info for org.omnirom.omnijaws.provider
02-16 22:52:27.426  1992  1992 I chatty  : uid=10032(com.android.systemui) identical 3 lines
02-16 22:52:27.427  1992  1992 E ActivityThread: Failed to find provider info for org.omnirom.omnijaws.provider
02-16 22:52:27.477   466   470 V vold    : DISK mbr
02-16 22:52:27.477   466   470 V vold    : 
02-16 22:52:27.477   466   470 V vold    : PART 1 c
02-16 22:52:27.477   466   470 V vold    : 
02-16 22:52:27.479   466   472 V vold    : /system/bin/blkid
02-16 22:52:27.479   466   472 V vold    :     -c
02-16 22:52:27.479   466   472 V vold    :     /dev/null
02-16 22:52:27.479   466   472 V vold    :     -s
02-16 22:52:27.479   466   472 V vold    :     TYPE
02-16 22:52:27.479   466   472 V vold    :     -s
02-16 22:52:27.479   466   472 V vold    :     UUID
02-16 22:52:27.479   466   472 V vold    :     -s
02-16 22:52:27.479   466   472 V vold    :     LABEL
02-16 22:52:27.479   466   472 V vold    :     /dev/block/vold/public:179,65
02-16 22:52:27.515  1404  1448 W ActivityManager: Slow operation: 1120ms so far, now at startProcess: returned from zygote!
02-16 22:52:27.515  1404  1448 W ActivityManager: Slow operation: 1120ms so far, now at startProcess: done updating battery stats
02-16 22:52:27.515  1404  1448 W ActivityManager: Slow operation: 1120ms so far, now at startProcess: building log message
02-16 22:52:27.515  1404  1448 I ActivityManager: Start proc 2148:com.android.phone/1001 for added application com.android.phone
02-16 22:52:27.515  1404  1448 W ActivityManager: Slow operation: 1120ms so far, now at startProcess: starting to update pids map
02-16 22:52:27.515  1404  1448 W ActivityManager: Slow operation: 1120ms so far, now at startProcess: done updating pids map
02-16 22:52:27.515  1404  1448 W ActivityManager: Slow operation: 1096ms so far, now at startProcess: asking zygote to start proc
02-16 22:52:27.524   466   472 V vold    : /dev/block/vold/public:179,65: UUID="74D5-0CE5" TYPE="vfat" 
02-16 22:52:27.524   466   472 V vold    : 
02-16 22:52:27.526   466   472 V vold    : /system/bin/fsck_msdos
02-16 22:52:27.526   466   472 V vold    :     -p
02-16 22:52:27.526   466   472 V vold    :     -f
02-16 22:52:27.526   466   472 V vold    :     /dev/block/vold/public:179,65
02-16 22:52:27.663  1404  1448 W ActivityManager: Slow operation: 1243ms so far, now at startProcess: returned from zygote!
02-16 22:52:27.663  1404  1448 W ActivityManager: Slow operation: 1244ms so far, now at startProcess: done updating battery stats
02-16 22:52:27.663  1404  1448 W ActivityManager: Slow operation: 1244ms so far, now at startProcess: building log message
02-16 22:52:27.663  1404  1448 I ActivityManager: Start proc 2167:com.android.settings/1000 for activity com.android.settings/.FallbackHome
02-16 22:52:27.663  1404  1448 W ActivityManager: Slow operation: 1244ms so far, now at startProcess: starting to update pids map
02-16 22:52:27.663  1404  1448 W ActivityManager: Slow operation: 1244ms so far, now at startProcess: done updating pids map
02-16 22:52:27.663  1404  1448 W ActivityManager: Slow operation: 600ms so far, now at startProcess: asking zygote to start proc
02-16 22:52:27.312  1404  1856 D TelephonyRegistry: listen oscl: hasNotifySubscriptionInfoChangedOccurred==false no callback
02-16 22:52:27.676  2148  2148 I chatty  : uid=1001(radio) com.android.phone expire 20 lines
02-16 22:52:27.749   661   661 I chatty  : uid=1001(radio) /vendor/bin/hw/rild expire 4 lines
02-16 22:52:27.756  2148  2181 I chatty  : uid=1001(radio) HwBinder:2148_1 expire 31 lines
02-16 22:52:27.759   661   953 I chatty  : uid=1001(radio) HwBinder:661_1 expire 6 lines
02-16 22:52:27.780   614   614 I chatty  : uid=1001(radio) /vendor/bin/hw/rild expire 5 lines
02-16 22:52:27.782   614   868 I chatty  : uid=1001(radio) /vendor/bin/hw/rild expire 3 lines
02-16 22:52:27.793  2148  2181 I chatty  : uid=1001(radio) HwBinder:2148_1 expire 39 lines
02-16 22:52:27.793   614   923 I chatty  : uid=1001(radio) /vendor/bin/hw/rild expire 8 lines
02-16 22:52:27.794   661  2182 I chatty  : uid=1001(radio) /vendor/bin/hw/rild expire 2 lines
02-16 22:52:27.795   614  2184 I chatty  : uid=1001(radio) /vendor/bin/hw/rild expire 1 line
02-16 22:52:27.798  2148  2148 I chatty  : uid=1001(radio) com.android.phone expire 176 lines
02-16 22:52:27.799   614   614 I chatty  : uid=1001(radio) /vendor/bin/hw/rild expire 5 lines
02-16 22:52:27.802   661   926 I chatty  : uid=1001(radio) /vendor/bin/hw/rild expire 1 line
02-16 22:52:27.836  1404  1448 W ActivityManager: Slow operation: 773ms so far, now at startProcess: returned from zygote!
02-16 22:52:27.836  1404  1448 W ActivityManager: Slow operation: 773ms so far, now at startProcess: done updating battery stats
02-16 22:52:27.836  1404  1448 W ActivityManager: Slow operation: 773ms so far, now at startProcess: building log message
02-16 22:52:27.836  1404  1448 I ActivityManager: Start proc 2189:com.google.android.apps.wellbeing/u0a38 for service com.google.android.apps.wellbeing/.dnd.impl.DndConditionProviderService
02-16 22:52:27.836  1404  1448 W ActivityManager: Slow operation: 773ms so far, now at startProcess: starting to update pids map
02-16 22:52:27.836  1404  1448 W ActivityManager: Slow operation: 773ms so far, now at startProcess: done updating pids map
02-16 22:52:27.881  1992  2129 E ActivityThread: Failed to find provider info for com.android.contacts
02-16 22:52:27.884  2148  2208 I chatty  : uid=1001(radio) GsmInboundSmsHa expire 6 lines
02-16 22:52:27.890  2148  2210 I chatty  : uid=1001(radio) CdmaInboundSmsH expire 6 lines
02-16 22:52:27.905  1404  1856 D TelephonyRegistry: listen oscl: hasNotifySubscriptionInfoChangedOccurred==false no callback
02-16 22:52:27.919  1404  2072 D TelephonyRegistry: listen oscl: hasNotifySubscriptionInfoChangedOccurred==false no callback
02-16 22:52:27.931  1404  1856 D TelephonyRegistry: listen oscl: hasNotifySubscriptionInfoChangedOccurred==false no callback
02-16 22:52:27.954  1404  1446 W KeyguardServiceDelegate: onScreenTurningOn(): no keyguard service!
02-16 22:52:27.963  1404  2026 D TelephonyRegistry: listen oscl: hasNotifySubscriptionInfoChangedOccurred==false no callback
02-16 22:52:27.987  2148  2222 I chatty  : uid=1001(radio) GsmInboundSmsHa expire 6 lines
02-16 22:52:27.997  2148  2224 I chatty  : uid=1001(radio) CdmaInboundSmsH expire 6 lines
02-16 22:52:28.011  1404  1856 D TelephonyRegistry: listen oscl: hasNotifySubscriptionInfoChangedOccurred==false no callback
02-16 22:52:28.022  1404  2072 D TelephonyRegistry: listen oscl: hasNotifySubscriptionInfoChangedOccurred==false no callback
02-16 22:52:28.028  1404  2072 D TelephonyRegistry: listen oscl: hasNotifySubscriptionInfoChangedOccurred==false no callback
02-16 22:52:28.040  1404  1448 W ActivityManager: Slow operation: 175ms so far, now at startProcess: returned from zygote!
02-16 22:52:28.040  1404  1448 W ActivityManager: Slow operation: 175ms so far, now at startProcess: done updating battery stats
02-16 22:52:28.040  1404  1448 W ActivityManager: Slow operation: 175ms so far, now at startProcess: building log message
02-16 22:52:28.041  1404  1448 I ActivityManager: Start proc 2235:com.qualcomm.qcrilmsgtunnel/1001 for service com.qualcomm.qcrilmsgtunnel/.QcrilMsgTunnelService
02-16 22:52:28.041  1404  1448 W ActivityManager: Slow operation: 175ms so far, now at startProcess: starting to update pids map
02-16 22:52:28.041  1404  1448 W ActivityManager: Slow operation: 175ms so far, now at startProcess: done updating pids map
02-16 22:52:28.053  1404  1856 D TelephonyRegistry: listen oscl: hasNotifySubscriptionInfoChangedOccurred==false no callback
02-16 22:52:28.057  1992  2125 E ActivityThread: Failed to find provider info for com.android.contacts
02-16 22:52:28.071  2148  2148 W SystemConfig: Permissions library file /system/etc/sysconfig/google.xml cannot be read
02-16 22:52:28.085  1404  2072 W ActivityManager: Unable to start service Intent { act=com.google.android.gms.phenotype.service.START pkg=com.google.android.gms } U=0: not found
02-16 22:52:28.086  1404  1856 W ActivityManager: Unbind failed: could not find connection for android.os.BinderProxy@762c618
02-16 22:52:28.093  1992  2125 E ActivityThread: Failed to find provider info for com.android.contacts
02-16 22:52:28.098  2189  2251 E ActivityThread: Failed to find provider info for com.google.android.gsf.gservices
02-16 22:52:28.128  2148  2148 I chatty  : uid=1001(radio) com.android.phone expire 179 lines
02-16 22:52:28.141  1404  1425 D TelephonyRegistry: listen oscl: hasNotifySubscriptionInfoChangedOccurred==false no callback
02-16 22:52:28.145  1404  1856 D TelephonyRegistry: listen oscl: hasNotifySubscriptionInfoChangedOccurred==false no callback
02-16 22:52:28.147  1404  1813 D ConnectivityService: Got NetworkFactory Messenger for PhoneSwitcherNetworkRequstListener
02-16 22:52:28.158  1404  1809 D WifiService: New client listening to asynchronous messages
02-16 22:52:28.180  1404  1813 D ConnectivityService: Got NetworkFactory Messenger for TelephonyNetworkFactory[0]
02-16 22:52:28.181  1404  1813 D ConnectivityService: Got NetworkFactory Messenger for TelephonyNetworkFactory[1]
02-16 22:52:28.258  2148  2261 E ActivityThread: Failed to find provider info for com.android.contacts
02-16 22:52:28.279  1404  1404 W Looper  : Slow dispatch took 121ms main h=com.android.server.notification.NotificationManagerService$WorkerHandler c=null m=3
02-16 22:52:28.288  1404  1856 D BluetoothManagerService: Trying to bind to profile: 1, while Bluetooth was disabled
02-16 22:52:28.289  1404  1856 D TelephonyRegistry: listen oscl: hasNotifySubscriptionInfoChangedOccurred==false no callback
02-16 22:52:28.298  2148  2148 I TelecomFramework: TtyManager: updateUiTtyMode -1 -> 0
02-16 22:52:28.303  1404  1856 D TelephonyRegistry: listen oscl: hasNotifySubscriptionInfoChangedOccurred==false no callback
02-16 22:52:28.305  2148  2181 I chatty  : uid=1001(radio) HwBinder:2148_1 expire 34 lines
02-16 22:52:28.388   661   953 I chatty  : uid=1001(radio) HwBinder:661_1 expire 1 line
02-16 22:52:28.392   661   661 I chatty  : uid=1001(radio) /vendor/bin/hw/rild expire 1 line
02-16 22:52:28.394   614   923 I chatty  : uid=1001(radio) /vendor/bin/hw/rild expire 11 lines
02-16 22:52:28.395   661  2270 I chatty  : uid=1001(radio) /vendor/bin/hw/rild expire 2 lines
02-16 22:52:28.396   614  2187 I chatty  : uid=1001(radio) /vendor/bin/hw/rild expire 1 line
02-16 22:52:28.403   661   926 I chatty  : uid=1001(radio) /vendor/bin/hw/rild expire 1 line
02-16 22:52:28.411  1404  1856 D TelephonyRegistry: onDataConnectionStateChanged(0, 0)
02-16 22:52:28.413  2148  2162 I chatty  : uid=1001(radio) Binder:2148_2 expire 19 lines
02-16 22:52:28.413  2148  2260 I chatty  : uid=1001(radio) Binder:2148_4 expire 24 lines
02-16 22:52:28.454  2148  2148 I chatty  : uid=1001(radio) com.android.phone expire 199 lines
02-16 22:52:28.457  2148  2162 I chatty  : uid=1001(radio) Binder:2148_2 expire 27 lines
02-16 22:52:28.531  2148  2181 I chatty  : uid=1001(radio) HwBinder:2148_1 expire 25 lines
02-16 22:52:28.562  1404  1425 D TelephonyRegistry: onDataConnectionStateChanged(0, 0)
02-16 22:52:28.573  2148  2148 I chatty  : uid=1001(radio) com.android.phone expire 200 lines
02-16 22:52:28.574  2148  2260 I chatty  : uid=1001(radio) Binder:2148_4 expire 23 lines
02-16 22:52:28.595  2148  2162 I chatty  : uid=1001(radio) Binder:2148_2 expire 28 lines
02-16 22:52:28.689  2148  2215 I chatty  : uid=1001(radio) LocaleTracker expire 14 lines
02-16 22:52:28.694  2148  2148 I chatty  : uid=1001(radio) com.android.phone expire 159 lines
02-16 22:52:28.695  2148  2228 I chatty  : uid=1001(radio) LocaleTracker expire 7 lines
02-16 22:52:28.695  2148  2181 I chatty  : uid=1001(radio) HwBinder:2148_1 expire 24 lines
02-16 22:52:28.763  1404  1856 D TelephonyRegistry: listen oscl: hasNotifySubscriptionInfoChangedOccurred==false no callback
02-16 22:52:28.809   614   614 I chatty  : uid=1001(radio) /vendor/bin/hw/rild expire 2 lines
02-16 22:52:28.810   614   923 I chatty  : uid=1001(radio) /vendor/bin/hw/rild expire 3 lines
02-16 22:52:28.884  2148  2242 I chatty  : uid=1001(radio) android.bg expire 7 lines
02-16 22:52:28.889  2148  2161 I chatty  : uid=1001(radio) Binder:2148_1 expire 3 lines
02-16 22:52:28.892  2148  2296 I chatty  : uid=1001(radio) Binder:2148_5 expire 1 line
02-16 22:52:28.892  2148  2260 I chatty  : uid=1001(radio) Binder:2148_4 expire 2 lines
02-16 22:52:28.900  2148  2214 I chatty  : uid=1001(radio) Binder:2148_3 expire 3 lines
02-16 22:52:28.905  1404  1425 D TelephonyRegistry: notifySubscriptionInfoChanged: first invocation mRecords.size=28
02-16 22:52:28.908  2148  2299 I chatty  : uid=1001(radio) Binder:2148_7 expire 1 line
02-16 22:52:28.910  2148  2302 I chatty  : uid=1001(radio) Binder:2148_8 expire 1 line
02-16 22:52:28.931  2148  2269 I chatty  : uid=1001(radio) NetworkService expire 4 lines
02-16 22:52:28.933  2148  2301 I chatty  : uid=1001(radio) CellularNetwork expire 2 lines
02-16 22:52:28.939   661  2317 I chatty  : uid=1001(radio) /vendor/bin/hw/rild expire 1 line
02-16 22:52:28.301  2148  2148 I TelecomFramework: TtyManager: updateUiTtyMode -1 -> 0
02-16 22:52:28.942  1404  1404 V FingerprintService: can't cancel non-authenticating client android
02-16 22:52:28.943  2148  2275 I chatty  : uid=1001(radio) DataService expire 2 lines
02-16 22:52:28.949   614  2322 I chatty  : uid=1001(radio) /vendor/bin/hw/rild expire 1 line
02-16 22:52:28.953  2148  2300 I chatty  : uid=1001(radio) CellularNetwork expire 2 lines
02-16 22:52:28.953   614  2324 I chatty  : uid=1001(radio) /vendor/bin/hw/rild expire 2 lines
02-16 22:52:28.956   614  2323 I chatty  : uid=1001(radio) /vendor/bin/hw/rild expire 1 line
02-16 22:52:28.967  1404  2026 I WifiService: WifiService trying to set country code to 
02-16 22:52:28.967  1404  1425 I WifiService: WifiService trying to set country code to 
02-16 22:52:28.969  2148  2215 I chatty  : uid=1001(radio) LocaleTracker expire 9 lines
02-16 22:52:28.970  2148  2148 I chatty  : uid=1001(radio) com.android.phone expire 212 lines
02-16 22:52:28.972  2148  2214 I chatty  : uid=1001(radio) Binder:2148_3 expire 3 lines
02-16 22:52:29.008   614   614 I chatty  : uid=1001(radio) /vendor/bin/hw/rild expire 2 lines
02-16 22:52:29.024  2148  2161 I chatty  : uid=1001(radio) Binder:2148_1 expire 1 line
02-16 22:52:29.025  2148  2298 I chatty  : uid=1001(radio) Binder:2148_6 expire 2 lines
02-16 22:52:29.044  2148  2181 I chatty  : uid=1001(radio) HwBinder:2148_1 expire 5 lines
02-16 22:52:29.177  1404  1425 I Telecom : PhoneAccountRegistrar: New phone account registered: [[ ] PhoneAccount: ComponentInfo{com.android.phone/com.android.services.telephony.TelephonyConnectionService}, ***, UserHandle{0} Capabilities: SuppVideo CallProvider EmergOnly MultiUser PlaceEmerg SimSub  Audio Routes: BESW Schemes: tel voicemail  Extras: Bundle[mParcelledData.dataSize=124] GroupId: ***]: TSI.rPA@AAs
02-16 22:52:29.184  1404  1425 I Telecom : CallsManager: Sending phone-account ComponentInfo{com.android.phone/com.android.services.telephony.TelephonyConnectionService}, ***, UserHandle{0} registered intent as user: TSI.rPA@AAs
02-16 22:52:29.184  1404  1425 I Telecom : CallsManager: Sending phone-account registered intent to default dialer: TSI.rPA@AAs
02-16 22:52:29.185  2148  2148 I TelecomFramework: AccountEntry: Registered phoneAccount: [[ ] PhoneAccount: ComponentInfo{com.android.phone/com.android.services.telephony.TelephonyConnectionService}, ***, UserHandle{0} Capabilities: SuppVideo CallProvider EmergOnly MultiUser PlaceEmerg SimSub  Audio Routes: BESW Schemes: tel voicemail  Extras: Bundle[{android.telecom.extra.SUPPORTS_VIDEO_CALLING_FALLBACK=true}] GroupId: ***] with handle: ComponentInfo{com.android.phone/com.android.services.telephony.TelephonyConnectionService}, ***, UserHandle{0}
02-16 22:52:29.186  2148  2148 I TelecomFramework: PstnIncomingCallNotifier: Registering: Handler (com.qualcomm.qti.internal.telephony.QtiGsmCdmaPhone) {1026ea}
02-16 22:52:29.190  2148  2148 I TelecomFramework: TelecomAccountRegistry: Unregistering phone account ComponentInfo{com.android.phone/com.android.services.telephony.TelephonyConnectionService}, ***, UserHandle{0}.
02-16 22:52:29.194  1404  1425 I Telecom : CallsManager: Sending phone-account ComponentInfo{com.android.phone/com.android.services.telephony.TelephonyConnectionService}, ***, UserHandle{0} unregistered intent as user: TSI.uPA@AA0
02-16 22:52:29.195  1404  1425 I Telecom : CallsManager: Sending phone-account unregistered intent to default dialer: TSI.uPA@AA0
02-16 22:52:29.195  1404  1448 W ActivityManager: Slow operation: 145ms so far, now at startProcess: returned from zygote!
02-16 22:52:29.195  1404  1448 W ActivityManager: Slow operation: 146ms so far, now at startProcess: done updating battery stats
02-16 22:52:29.195  1404  1448 W ActivityManager: Slow operation: 146ms so far, now at startProcess: building log message
02-16 22:52:29.195  1404  1448 I ActivityManager: Start proc 2331:com.google.android.gms.persistent/u0a5 for broadcast com.google.android.gms/.chimera.GmsIntentOperationService$PersistentTrustedReceiver
02-16 22:52:29.195  1404  1448 W ActivityManager: Slow operation: 146ms so far, now at startProcess: starting to update pids map
02-16 22:52:29.195  1404  1448 W ActivityManager: Slow operation: 146ms so far, now at startProcess: done updating pids map
02-16 22:52:29.207     0     0 W audit   : audit_lost=1683 audit_rate_limit=5 audit_backlog_limit=64
02-16 22:52:29.207     0     0 E audit   : rate limit exceeded
02-16 22:52:29.217  2148  2234 I chatty  : uid=1001(radio) DcHandlerThread expire 1 line
02-16 22:52:29.217  2148  2219 I chatty  : uid=1001(radio) DcHandlerThread expire 1 line
02-16 22:52:29.221  2148  2148 I chatty  : uid=1001(radio) com.android.phone expire 166 lines
02-16 22:52:29.225  2148  2214 I chatty  : uid=1001(radio) Binder:2148_3 expire 1 line
02-16 22:52:29.227  2148  2161 I chatty  : uid=1001(radio) Binder:2148_1 expire 2 lines
02-16 22:52:29.233  2148  2228 I chatty  : uid=1001(radio) LocaleTracker expire 8 lines
02-16 22:52:29.247  2148  2148 I TelecomFramework: PstnIncomingCallNotifier: Unregistering: Handler (com.qualcomm.qti.internal.telephony.QtiGsmCdmaPhone) {1026ea}
02-16 22:52:29.259  2148  2328 I chatty  : uid=1001(radio) Binder:2148_9 expire 2 lines
02-16 22:52:29.264  1404  2026 I Telecom : PhoneAccountRegistrar: Modify account: [ComponentInfo{com.android.phone/com.android.services.telephony.TelephonyConnectionService}, ***, UserHandle{0}]: TSI.rPA@AA8
02-16 22:52:29.267  2148  2148 I TelecomFramework: AccountEntry: Registered phoneAccount: [[ ] PhoneAccount: ComponentInfo{com.android.phone/com.android.services.telephony.TelephonyConnectionService}, ***, UserHandle{0} Capabilities: SuppVideo CallProvider EmergOnly MultiUser PlaceEmerg SimSub  Audio Routes: BESW Schemes: tel voicemail  Extras: Bundle[{android.telecom.extra.SUPPORTS_VIDEO_CALLING_FALLBACK=true}] GroupId: ***] with handle: ComponentInfo{com.android.phone/com.android.services.telephony.TelephonyConnectionService}, ***, UserHandle{0}
02-16 22:52:29.267  2148  2148 I TelecomFramework: PstnIncomingCallNotifier: Registering: Handler (com.qualcomm.qti.internal.telephony.QtiGsmCdmaPhone) {1026ea}
02-16 22:52:29.280  2148  2181 I chatty  : uid=1001(radio) HwBinder:2148_1 expire 6 lines
02-16 22:52:29.284     0     0 I init    : processing action (service.bootanim.exit=1) from (/vendor/etc/init/hw/init.qcom.rc:405)
02-16 22:52:29.294  2148  2148 I TelecomFramework: PstnPhoneCapabilitiesNotifier: handleVideoCapabilitesChanged. Video capability - false
02-16 22:52:29.303  2148  2148 I TelecomFramework: PstnIncomingCallNotifier: Unregistering: Handler (com.qualcomm.qti.internal.telephony.QtiGsmCdmaPhone) {1026ea}
02-16 22:52:29.319  1404  2026 I Telecom : PhoneAccountRegistrar: Modify account: [ComponentInfo{com.android.phone/com.android.services.telephony.TelephonyConnectionService}, ***, UserHandle{0}]: TSI.rPA@ABI
02-16 22:52:29.323  2148  2148 I TelecomFramework: AccountEntry: Registered phoneAccount: [[ ] PhoneAccount: ComponentInfo{com.android.phone/com.android.services.telephony.TelephonyConnectionService}, ***, UserHandle{0} Capabilities: SuppVideo CallProvider EmergOnly MultiUser PlaceEmerg SimSub  Audio Routes: BESW Schemes: tel voicemail  Extras: Bundle[{android.telecom.extra.SUPPORTS_VIDEO_CALLING_FALLBACK=true}] GroupId: ***] with handle: ComponentInfo{com.android.phone/com.android.services.telephony.TelephonyConnectionService}, ***, UserHandle{0}
02-16 22:52:29.323  2148  2148 I TelecomFramework: PstnIncomingCallNotifier: Registering: Handler (com.qualcomm.qti.internal.telephony.QtiGsmCdmaPhone) {1026ea}
02-16 22:52:29.333  2148  2148 I TelecomFramework: PstnPhoneCapabilitiesNotifier: handleVideoCapabilitesChanged. Video capability - false
02-16 22:52:29.334  2148  2287 I chatty  : uid=1001(radio) org.codeaurora. expire 5 lines
02-16 22:52:29.334  2148  2148 I TelecomFramework: PstnPhoneCapabilitiesNotifier: handleVideoCapabilitesChanged. Video capability - false
02-16 22:52:29.336  2331  2331 E ActivityThread: Failed to find provider info for com.google.android.gsf.gservices
02-16 22:52:29.347  2331  2331 I chatty  : uid=10005 com.google.android.gms.persistent identical 4 lines
02-16 22:52:29.348  2331  2331 E ActivityThread: Failed to find provider info for com.google.android.gsf.gservices
02-16 22:52:29.352  1404  1425 I Telecom : PhoneAccountRegistrar: Modify account: [ComponentInfo{com.android.phone/com.android.services.telephony.TelephonyConnectionService}, ***, UserHandle{0}]: TSI.rPA@ABU
02-16 22:52:29.356  2148  2242 I chatty  : uid=1001(radio) android.bg expire 72 lines
02-16 22:52:29.369  2331  2331 E ActivityThread: Failed to find provider info for com.google.android.gsf.gservices
02-16 22:52:29.370  2331  2331 E ActivityThread: Failed to find provider info for com.google.android.gsf.gservices
02-16 22:52:29.444   466   472 I vold    : Filesystem check completed OK
02-16 22:52:29.285     0     0 I         : Boot completed
02-16 22:52:29.445     0     0 I [SDFAT](mmcblk1p1[179:65]): trying to mount...
02-16 22:52:29.445     0     0 W         : [SDFAT] DRAGONS AHEAD! sdFAT only understands "shortname=winnt"!
02-16 22:52:29.445     0     0 W [SDFAT](mmcblk1p1[179:65]): utf8 enabled, "iocharset=iso8859-1" is recommended
02-16 22:52:29.446  2148  2181 I chatty  : uid=1001(radio) HwBinder:2148_1 expire 4 lines
02-16 22:52:29.446  2148  2148 I chatty  : uid=1001(radio) com.android.phone expire 154 lines
02-16 22:52:29.447  2148  2328 I chatty  : uid=1001(radio) Binder:2148_9 expire 5 lines
02-16 22:52:29.448     0     0 I [SDFAT](mmcblk1p1[179:65]): set logical sector size  : 512
02-16 22:52:29.448     0     0 I [SDFAT](mmcblk1p1[179:65]): disabling defragmentation because smart, delay options are disabled
02-16 22:52:29.448     0     0 I [SDFAT](mmcblk1p1[179:65]): detected volume info     : vfat:32 (bps : 512, spc : 64, data start : 15296, aligned)
02-16 22:52:29.448     0     0 I [SDFAT](mmcblk1p1[179:65]): detected volume size     : 31165952 KB (disk : 31166976 KB, part : 31165952 KB)
02-16 22:52:29.448     0     0 I [SDFAT](mmcblk1p1[179:65]): trying to load default upcase table
02-16 22:52:29.451  1404  1851 W ContextImpl: Calling a method in the system process without a qualified user: android.app.ContextImpl.sendBroadcastAsUserMultiplePermissions:1053 com.android.server.TelephonyRegistry.broadcastCallStateChanged:1602 com.android.server.TelephonyRegistry.notifyCallStateForPhoneId:793 com.android.internal.telephony.ITelephonyRegistry$Stub.onTransact:122 android.os.Binder.execTransact:731 
02-16 22:52:29.458  1404  1807 E NetworkPolicy: Missing subscriberId for subId 1
02-16 22:52:29.460  1992  2099 I ImsManager: Creating ImsService
02-16 22:52:29.468  2148  2242 D MccTable: updateMccMncConfiguration mccmnc='' fromServiceState=false
02-16 22:52:29.469  2331  2331 E ActivityThread: Failed to find provider info for com.google.android.gsf.gservices
02-16 22:52:29.470  2148  2353 I chatty  : uid=1001(radio) Binder:2148_A expire 4 lines
02-16 22:52:29.472  2148  2161 I chatty  : uid=1001(radio) Binder:2148_1 expire 2 lines
02-16 22:52:29.478  2148  2302 I chatty  : uid=1001(radio) Binder:2148_8 expire 8 lines
02-16 22:52:29.471  2331  2331 I chatty  : uid=10005 com.google.android.gms.persistent identical 2 lines
02-16 22:52:29.472  2331  2331 E ActivityThread: Failed to find provider info for com.google.android.gsf.gservices
02-16 22:52:29.481  1404  1807 E NetworkPolicy: Missing subscriberId for subId 1
02-16 22:52:29.482  2148  2162 I chatty  : uid=1001(radio) Binder:2148_2 expire 1 line
02-16 22:52:29.487  1404  1807 E NetworkPolicy: Missing subscriberId for subId 1
02-16 22:52:29.500  2148  2148 I TelecomFramework: PstnIncomingCallNotifier: Unregistering: Handler (com.qualcomm.qti.internal.telephony.QtiGsmCdmaPhone) {1026ea}
02-16 22:52:29.503  2148  2296 I chatty  : uid=1001(radio) Binder:2148_5 expire 7 lines
02-16 22:52:29.519  1404  2072 I Telecom : PhoneAccountRegistrar: New phone account registered: [[ ] PhoneAccount: ComponentInfo{com.android.phone/com.android.services.telephony.TelephonyConnectionService}, ***, UserHandle{0} Capabilities: SuppVideo CallProvider MultiUser PlaceEmerg SimSub  Audio Routes: BESW Schemes: tel voicemail  Extras: Bundle[mParcelledData.dataSize=208] GroupId: ***]: TSI.rPA@ABk
02-16 22:52:29.520  2331  2331 E ActivityThread: Failed to find provider info for com.google.android.gsf.gservices
02-16 22:52:29.526  1404  2072 I Telecom : CallsManager: Sending phone-account ComponentInfo{com.android.phone/com.android.services.telephony.TelephonyConnectionService}, ***, UserHandle{0} registered intent as user: TSI.rPA@ABk
02-16 22:52:29.527  1404  2072 I Telecom : CallsManager: Sending phone-account registered intent to default dialer: TSI.rPA@ABk
