02-16 22:52:45.847  1404  1448 W ActivityManager: Slow operation: 1962ms so far, now at startProcess: starting to update pids map
02-16 22:52:45.847  1404  1448 W ActivityManager: Slow operation: 1962ms so far, now at startProcess: done updating pids map
02-16 22:52:45.847  1404  1448 W ActivityManager: Slow operation: 1858ms so far, now at startProcess: asking zygote to start proc
02-16 22:52:46.090  1404  1446 W BroadcastQueue: Permission Denial: broadcasting Intent { act=com.google.android.apps.gsa.smartspace.ENABLE_UPDATE flg=0x10000010 pkg=com.google.android.googlequicksearchbox } from ch.deletescape.lawnchair.ci (pid=2777, uid=10133) requires com.google.android.apps.nexuslauncher.permission.QSB due to receiver com.google.android.googlequicksearchbox/com.google.android.apps.gsa.broadcastreceiver.external.PixelLauncherBroadcastReceiver
02-16 22:52:46.299  1404  1448 W ActivityManager: Slow operation: 2310ms so far, now at startProcess: returned from zygote!
02-16 22:52:46.299  1404  1448 W ActivityManager: Slow operation: 2310ms so far, now at startProcess: done updating battery stats
02-16 22:52:46.299  1404  1448 W ActivityManager: Slow operation: 2310ms so far, now at startProcess: building log message
02-16 22:52:46.299  1404  1448 I ActivityManager: Start proc 3136:com.android.printspooler/u0a94 for service com.android.printspooler/.model.PrintSpoolerService
02-16 22:52:46.299  1404  1448 W ActivityManager: Slow operation: 2310ms so far, now at startProcess: starting to update pids map
02-16 22:52:46.299  1404  1448 W ActivityManager: Slow operation: 2310ms so far, now at startProcess: done updating pids map
02-16 22:52:46.299  1404  1448 W ActivityManager: Slow operation: 1984ms so far, now at startProcess: asking zygote to start proc
02-16 22:52:46.410  1404  1404 I TransportClient: D2dTransportService#1: Notifying [TransportManager.registerTransport()] transport = IBackupTransport
02-16 22:52:46.413  1404  2626 D BackupTransportManager: Transport com.google.android.gms/.backup.component.D2dTransportService registered
02-16 22:52:46.413  1404  2626 D BackupManagerService: Transport com.google.android.gms/.backup.migrate.service.D2dTransport registered 3848ms after first request (delay = 3000ms)
02-16 22:52:46.601  1404  2026 W ActivityManager: Receiver with filter android.content.IntentFilter@5e829a3 already registered for pid 2777, callerPackage is ch.deletescape.lawnchair.ci
02-16 22:52:46.635  1404  1448 W ActivityManager: Slow operation: 2320ms so far, now at startProcess: returned from zygote!
02-16 22:52:46.635  1404  1448 W ActivityManager: Slow operation: 2320ms so far, now at startProcess: done updating battery stats
02-16 22:52:46.635  1404  1448 W ActivityManager: Slow operation: 2320ms so far, now at startProcess: building log message
02-16 22:52:46.635  1404  1448 I ActivityManager: Start proc 3171:com.facebook.katana/u0a161 for content provider com.facebook.katana/com.facebook.platform.common.provider.PlatformProviderBase
02-16 22:52:46.635  1404  1448 W ActivityManager: Slow operation: 2320ms so far, now at startProcess: starting to update pids map
02-16 22:52:46.635  1404  1448 W ActivityManager: Slow operation: 2320ms so far, now at startProcess: done updating pids map
02-16 22:52:46.635  1404  1448 W ActivityManager: Slow operation: 2282ms so far, now at startProcess: asking zygote to start proc
02-16 22:52:46.648     0     0 W audit   : audit_lost=4800 audit_rate_limit=5 audit_backlog_limit=64
02-16 22:52:46.648     0     0 E audit   : rate limit exceeded
02-16 22:52:46.650  1404  1404 W Looper  : Slow dispatch took 109ms main h=com.android.server.notification.NotificationManagerService$WorkerHandler c=null m=3
02-16 22:52:46.651  1404  1404 I TransportClient: BackupTransportService#2: Notifying [TransportManager.registerTransport()] transport = IBackupTransport
02-16 22:52:46.779  1404  2610 W AlarmManager: Alarm expire time must be less than maximum unix epoch time
02-16 22:52:46.803  1404  1404 W Looper  : Slow dispatch took 152ms main h=com.android.server.notification.NotificationManagerService$WorkerHandler c=null m=3
02-16 22:52:46.804  1404  1404 W Looper  : Slow delivery took 219ms main h=android.app.ActivityThread$H c=android.app.LoadedApk$ServiceDispatcher$RunConnection@d8d65d0 m=0
02-16 22:52:46.805     0     0 W healthd : battery l=42 v=3631 t=31.5 h=2 st=3 c=916 fc=4041000 chg=
02-16 22:52:46.811  1404  1404 W Looper  : Drained
02-16 22:52:46.893  1404  1424 W ActivityManager: Receiver with filter android.content.IntentFilter@5a00901 already registered for pid 2874, callerPackage is org.kustom.widget
02-16 22:52:46.893  1404  1424 W ActivityManager: Receiver with filter android.content.IntentFilter@fa853a6 already registered for pid 2874, callerPackage is org.kustom.widget
02-16 22:52:46.893  1404  1448 W ActivityManager: Slow operation: 2540ms so far, now at startProcess: returned from zygote!
02-16 22:52:46.893  1404  1448 W ActivityManager: Slow operation: 2540ms so far, now at startProcess: done updating battery stats
02-16 22:52:46.894  1404  1448 W ActivityManager: Slow operation: 2540ms so far, now at startProcess: building log message
02-16 22:52:46.894  1404  1448 I ActivityManager: Start proc 3201:com.android.vending/u0a23 for service com.android.vending/com.google.android.finsky.services.LicensingService
02-16 22:52:46.894  1404  1448 W ActivityManager: Slow operation: 2540ms so far, now at startProcess: starting to update pids map
02-16 22:52:46.894  1404  1448 W ActivityManager: Slow operation: 2540ms so far, now at startProcess: done updating pids map
02-16 22:52:46.894  1404  1448 W ActivityManager: Slow operation: 1778ms so far, now at startProcess: asking zygote to start proc
02-16 22:52:46.915  1404  2626 D BackupTransportManager: Transport com.google.android.gms/.backup.BackupTransportService registered
02-16 22:52:46.915  1404  2626 D BackupManagerService: Transport com.google.android.gms/.backup.BackupTransportService registered 4349ms after first request (delay = 3000ms)
02-16 22:52:46.928  1404  2626 I BackupManagerService: Found stale backup journal, scheduling
02-16 22:52:47.168  2148  2355 I chatty  : uid=1001(radio) Binder:2148_B expire 1 line
02-16 22:52:47.159  1404  2626 I chatty  : uid=1000(system) backup identical 724 lines
02-16 22:52:47.159  1404  2626 I BackupManagerService: Found stale backup journal, scheduling
02-16 22:52:47.170  1404  1448 W ActivityManager: Slow operation: 2055ms so far, now at startProcess: returned from zygote!
02-16 22:52:47.170  1404  1448 W ActivityManager: Slow operation: 2055ms so far, now at startProcess: done updating battery stats
02-16 22:52:47.170  1404  1448 W ActivityManager: Slow operation: 2055ms so far, now at startProcess: building log message
02-16 22:52:47.171  1404  1448 I ActivityManager: Start proc 3230:org.kustom.widget.editor/u0a166 for service org.kustom.widget/com.evernote.android.job.JobRescheduleService
02-16 22:52:47.171  1404  1448 W ActivityManager: Slow operation: 2055ms so far, now at startProcess: starting to update pids map
02-16 22:52:47.171  1404  1448 W ActivityManager: Slow operation: 2055ms so far, now at startProcess: done updating pids map
02-16 22:52:47.171  1404  1448 W ActivityManager: Slow operation: 1570ms so far, now at startProcess: asking zygote to start proc
02-16 22:52:47.217  1404  2626 I BackupManagerService: Found stale backup journal, scheduling
02-16 22:52:47.455  1404  2626 I chatty  : uid=1000(system) backup identical 481 lines
02-16 22:52:47.455  1404  2626 I BackupManagerService: Found stale backup journal, scheduling
02-16 22:52:47.490  1404  1448 W ActivityManager: Slow operation: 1888ms so far, now at startProcess: returned from zygote!
02-16 22:52:47.490  1404  1448 W ActivityManager: Slow operation: 1888ms so far, now at startProcess: done updating battery stats
02-16 22:52:47.490  1404  1448 W ActivityManager: Slow operation: 1889ms so far, now at startProcess: building log message
02-16 22:52:47.490  1404  1448 I ActivityManager: Start proc 3271:com.adobe.lrmobile/u0a179 for broadcast com.adobe.lrmobile/.thfoundation.android.THBroadcastReceiver
02-16 22:52:47.490  1404  1448 W ActivityManager: Slow operation: 1889ms so far, now at startProcess: starting to update pids map
02-16 22:52:47.490  1404  1448 W ActivityManager: Slow operation: 1889ms so far, now at startProcess: done updating pids map
02-16 22:52:47.490  1404  1448 W ActivityManager: Slow operation: 1529ms so far, now at startProcess: asking zygote to start proc
02-16 22:52:47.491  1404  2626 I BackupManagerService: Found stale backup journal, scheduling
02-16 22:52:47.531  1404  2626 I chatty  : uid=1000(system) backup identical 70 lines
02-16 22:52:47.532  1404  2626 I BackupManagerService: Found stale backup journal, scheduling
02-16 22:52:47.533  1404  1424 E UiModeManager: Night mode locked, requires MODIFY_DAY_NIGHT_MODE permission
02-16 22:52:47.535  1404  2626 I BackupManagerService: Found stale backup journal, scheduling
02-16 22:52:47.694  1404  2626 I chatty  : uid=1000(system) backup identical 240 lines
02-16 22:52:47.694  1404  2626 I BackupManagerService: Found stale backup journal, scheduling
02-16 22:52:47.731  1404  1448 W ActivityManager: Slow operation: 1769ms so far, now at startProcess: returned from zygote!
02-16 22:52:47.731  1404  1448 W ActivityManager: Slow operation: 1770ms so far, now at startProcess: done updating battery stats
02-16 22:52:47.731  1404  1448 W ActivityManager: Slow operation: 1770ms so far, now at startProcess: building log message
02-16 22:52:47.731  1404  1448 I ActivityManager: Start proc 3306:com.google.process.gapps/u0a5 for content provider com.google.android.gsf/.settings.GoogleSettingsProvider
02-16 22:52:47.731  1404  1448 W ActivityManager: Slow operation: 1770ms so far, now at startProcess: starting to update pids map
02-16 22:52:47.731  1404  1448 W ActivityManager: Slow operation: 1770ms so far, now at startProcess: done updating pids map
02-16 22:52:47.731  1404  1448 W ActivityManager: Slow operation: 1755ms so far, now at startProcess: asking zygote to start proc
02-16 22:52:47.741  1404  2626 I BackupManagerService: Found stale backup journal, scheduling
02-16 22:52:46.808     0     0 I chatty  : uid=0(root) logd identical 2 lines
02-16 22:52:46.810     0     0 W healthd : battery l=42 v=3631 t=31.5 h=2 st=3 c=916 fc=4041000 chg=
02-16 22:52:47.776     0     0 W audit   : audit_lost=5264 audit_rate_limit=5 audit_backlog_limit=64
02-16 22:52:47.776     0     0 E audit   : rate limit exceeded
02-16 22:52:47.893  1404  2626 I chatty  : uid=1000(system) backup identical 176 lines
02-16 22:52:47.893  1404  2626 I BackupManagerService: Found stale backup journal, scheduling
02-16 22:52:47.896  1404  1424 W ActivityManager: Receiver with filter android.content.IntentFilter@10cffcb already registered for pid 2777, callerPackage is ch.deletescape.lawnchair.ci
02-16 22:52:47.980  1404  2626 I BackupManagerService: Found stale backup journal, scheduling
02-16 22:52:48.029  1404  2626 I chatty  : uid=1000(system) backup identical 67 lines
02-16 22:52:48.029  1404  2626 I BackupManagerService: Found stale backup journal, scheduling
02-16 22:52:48.062  1404  1424 W ActivityManager: Receiver with filter android.content.IntentFilter@3d32e4a already registered for pid 2874, callerPackage is org.kustom.widget
02-16 22:52:48.063  1404  1424 W ActivityManager: Receiver with filter android.content.IntentFilter@4171bb already registered for pid 2874, callerPackage is org.kustom.widget
02-16 22:52:48.029  1404  2626 I BackupManagerService: Found stale backup journal, scheduling
02-16 22:52:48.097  1404  2626 I chatty  : uid=1000(system) backup identical 78 lines
02-16 22:52:48.097  1404  2626 I BackupManagerService: Found stale backup journal, scheduling
02-16 22:52:48.122  1404  1424 W ActivityManager: Receiver with filter android.content.IntentFilter@f2e3fab already registered for pid 3230, callerPackage is org.kustom.widget
02-16 22:52:48.097  1404  2626 I BackupManagerService: Found stale backup journal, scheduling
02-16 22:52:48.138  1404  2626 I chatty  : uid=1000(system) backup identical 30 lines
02-16 22:52:48.138  1404  2626 I BackupManagerService: Found stale backup journal, scheduling
02-16 22:52:48.142  1404  1424 W ActivityManager: Receiver with filter android.content.IntentFilter@882cc4c already registered for pid 3230, callerPackage is org.kustom.widget
02-16 22:52:48.142  1404  1424 W ActivityManager: Receiver with filter android.content.IntentFilter@8b85495 already registered for pid 3230, callerPackage is org.kustom.widget
02-16 22:52:48.160  1404  2626 I BackupManagerService: Found stale backup journal, scheduling
02-16 22:52:48.160  1404  2626 I chatty  : uid=1000(system) backup identical 1 line
02-16 22:52:48.161  1404  2626 I BackupManagerService: Found stale backup journal, scheduling
02-16 22:52:48.161  1404  1424 W ActivityManager: Receiver with filter android.content.IntentFilter@4281f50 already registered for pid 3230, callerPackage is org.kustom.widget
02-16 22:52:48.161  1404  2626 I BackupManagerService: Found stale backup journal, scheduling
02-16 22:52:48.163  1404  2626 I chatty  : uid=1000(system) backup identical 35 lines
02-16 22:52:48.163  1404  2626 I BackupManagerService: Found stale backup journal, scheduling
02-16 22:52:48.164  1404  1424 W ActivityManager: Receiver with filter android.content.IntentFilter@67fe549 already registered for pid 3230, callerPackage is org.kustom.widget
02-16 22:52:48.221  1404  1448 W ActivityManager: Slow operation: 2245ms so far, now at startProcess: returned from zygote!
02-16 22:52:48.221  1404  1448 W ActivityManager: Slow operation: 2245ms so far, now at startProcess: done updating battery stats
02-16 22:52:48.222  1404  1448 W ActivityManager: Slow operation: 2245ms so far, now at startProcess: building log message
02-16 22:52:48.222  1404  1448 I ActivityManager: Start proc 3369:com.franco.kernel:batteryMonitor/u0a162 for service com.franco.kernel/a.uu
02-16 22:52:48.222  1404  1448 W ActivityManager: Slow operation: 2245ms so far, now at startProcess: starting to update pids map
02-16 22:52:48.222  1404  1448 W ActivityManager: Slow operation: 2245ms so far, now at startProcess: done updating pids map
02-16 22:52:48.222  1404  1448 W ActivityManager: Slow operation: 2139ms so far, now at startProcess: asking zygote to start proc
02-16 22:52:48.163  1404  2626 I BackupManagerService: Found stale backup journal, scheduling
02-16 22:52:48.643     0     0 E sps     : BAM device 0x0000000007884000 is not registered yet.
02-16 22:52:48.643     0     0 I sps     : BAM 0x0000000007884000 is registered.
02-16 22:52:48.644     0     0 I sps     : BAM 0x0000000007884000 (va:0x0000000000000000) enabled: ver:0x19, number of pipes:12
02-16 22:52:48.713  1404  2626 I chatty  : uid=1000(system) backup identical 336 lines
02-16 22:52:48.713  1404  2626 I BackupManagerService: Found stale backup journal, scheduling
02-16 22:52:48.731  1404  1448 W ActivityManager: Slow operation: 2649ms so far, now at startProcess: returned from zygote!
02-16 22:52:48.731  1404  1448 W ActivityManager: Slow operation: 2649ms so far, now at startProcess: done updating battery stats
02-16 22:52:48.732  1404  1448 W ActivityManager: Slow operation: 2649ms so far, now at startProcess: building log message
02-16 22:52:48.732  1404  1448 I ActivityManager: Start proc 3448:com.google.android.googlequicksearchbox:search/u0a156 for service com.google.android.googlequicksearchbox/com.google.android.apps.gsa.nowoverlayservice.DrawerOverlayService
02-16 22:52:48.732  1404  1448 W ActivityManager: Slow operation: 2649ms so far, now at startProcess: starting to update pids map
02-16 22:52:48.732  1404  1448 W ActivityManager: Slow operation: 2649ms so far, now at startProcess: done updating pids map
02-16 22:52:48.732  1404  1448 W ActivityManager: Slow operation: 1891ms so far, now at startProcess: asking zygote to start proc
02-16 22:52:48.735  1404  2626 I BackupManagerService: Found stale backup journal, scheduling
02-16 22:52:48.736  1404  2626 I chatty  : uid=1000(system) backup identical 10 lines
02-16 22:52:48.736  1404  2626 I BackupManagerService: Found stale backup journal, scheduling
02-16 22:52:48.739  2777  2777 E ActivityThread: Activity ch.deletescape.lawnchair.LawnchairLauncher has leaked IntentReceiver com.google.android.libraries.gsa.launcherclient.LauncherClient$1@63ff5fb that was originally registered here. Are you missing a call to unregisterReceiver()?
02-16 22:52:48.739  2777  2777 E ActivityThread: android.app.IntentReceiverLeaked: Activity ch.deletescape.lawnchair.LawnchairLauncher has leaked IntentReceiver com.google.android.libraries.gsa.launcherclient.LauncherClient$1@63ff5fb that was originally registered here. Are you missing a call to unregisterReceiver()?
02-16 22:52:48.739  2777  2777 E ActivityThread: 	at android.app.LoadedApk$ReceiverDispatcher.<init>(LoadedApk.java:1429)
02-16 22:52:48.739  2777  2777 E ActivityThread: 	at android.app.LoadedApk.getReceiverDispatcher(LoadedApk.java:1210)
02-16 22:52:48.739  2777  2777 E ActivityThread: 	at android.app.ContextImpl.registerReceiverInternal(ContextImpl.java:1476)
02-16 22:52:48.739  2777  2777 E ActivityThread: 	at android.app.ContextImpl.registerReceiver(ContextImpl.java:1449)
02-16 22:52:48.739  2777  2777 E ActivityThread: 	at android.app.ContextImpl.registerReceiver(ContextImpl.java:1437)
02-16 22:52:48.739  2777  2777 E ActivityThread: 	at android.content.ContextWrapper.registerReceiver(ContextWrapper.java:623)
02-16 22:52:48.739  2777  2777 E ActivityThread: 	at com.google.android.libraries.gsa.launcherclient.LauncherClient.<init>(LauncherClient.java:132)
02-16 22:52:48.739  2777  2777 E ActivityThread: 	at com.google.android.apps.nexuslauncher.NexusLauncher$NexusLauncherCallbacks.onCreate(NexusLauncher.java:98)
02-16 22:52:48.739  2777  2777 E ActivityThread: 	at com.android.launcher3.Launcher.onCreate(Launcher.java:354)
02-16 22:52:48.739  2777  2777 E ActivityThread: 	at com.google.android.apps.nexuslauncher.NexusLauncherActivity.onCreate(NexusLauncherActivity.java:25)
02-16 22:52:48.739  2777  2777 E ActivityThread: 	at ch.deletescape.lawnchair.LawnchairLauncher.onCreate(LawnchairLauncher.kt:72)
02-16 22:52:48.739  2777  2777 E ActivityThread: 	at android.app.Activity.performCreate(Activity.java:7145)
02-16 22:52:48.739  2777  2777 E ActivityThread: 	at android.app.Activity.performCreate(Activity.java:7136)
02-16 22:52:48.739  2777  2777 E ActivityThread: 	at android.app.Instrumentation.callActivityOnCreate(Instrumentation.java:1272)
02-16 22:52:48.739  2777  2777 E ActivityThread: 	at android.app.ActivityThread.performLaunchActivity(ActivityThread.java:2933)
02-16 22:52:48.739  2777  2777 E ActivityThread: 	at android.app.ActivityThread.handleLaunchActivity(ActivityThread.java:3088)
02-16 22:52:48.739  2777  2777 E ActivityThread: 	at android.app.servertransaction.LaunchActivityItem.execute(LaunchActivityItem.java:78)
02-16 22:52:48.739  2777  2777 E ActivityThread: 	at android.app.servertransaction.TransactionExecutor.executeCallbacks(TransactionExecutor.java:108)
02-16 22:52:48.739  2777  2777 E ActivityThread: 	at android.app.servertransaction.TransactionExecutor.execute(TransactionExecutor.java:68)
02-16 22:52:48.739  2777  2777 E ActivityThread: 	at android.app.ActivityThread$H.handleMessage(ActivityThread.java:1818)
02-16 22:52:48.739  2777  2777 E ActivityThread: 	at android.os.Handler.dispatchMessage(Handler.java:106)
02-16 22:52:48.739  2777  2777 E ActivityThread: 	at android.os.Looper.loop(Looper.java:193)
02-16 22:52:48.739  2777  2777 E ActivityThread: 	at android.app.ActivityThread.main(ActivityThread.java:6744)
02-16 22:52:48.739  2777  2777 E ActivityThread: 	at java.lang.reflect.Method.invoke(Native Method)
02-16 22:52:48.739  2777  2777 E ActivityThread: 	at com.android.internal.os.RuntimeInit$MethodAndArgsCaller.run(RuntimeInit.java:495)
02-16 22:52:48.739  2777  2777 E ActivityThread: 	at com.android.internal.os.ZygoteInit.main(ZygoteInit.java:859)
02-16 22:52:48.744  2777  2777 E ActivityThread: Activity ch.deletescape.lawnchair.LawnchairLauncher has leaked ServiceConnection com.google.android.libraries.gsa.launcherclient.BaseClientService@ce6f871 that was originally bound here
02-16 22:52:48.744  2777  2777 E ActivityThread: android.app.ServiceConnectionLeaked: Activity ch.deletescape.lawnchair.LawnchairLauncher has leaked ServiceConnection com.google.android.libraries.gsa.launcherclient.BaseClientService@ce6f871 that was originally bound here
02-16 22:52:48.744  2777  2777 E ActivityThread: 	at android.app.LoadedApk$ServiceDispatcher.<init>(LoadedApk.java:1610)
02-16 22:52:48.744  2777  2777 E ActivityThread: 	at android.app.LoadedApk.getServiceDispatcher(LoadedApk.java:1502)
02-16 22:52:48.744  2777  2777 E ActivityThread: 	at android.app.ContextImpl.bindServiceCommon(ContextImpl.java:1659)
02-16 22:52:48.744  2777  2777 E ActivityThread: 	at android.app.ContextImpl.bindService(ContextImpl.java:1612)
02-16 22:52:48.744  2777  2777 E ActivityThread: 	at android.content.ContextWrapper.bindService(ContextWrapper.java:698)
02-16 22:52:48.744  2777  2777 E ActivityThread: 	at com.google.android.libraries.gsa.launcherclient.BaseClientService.connect(BaseClientService.java:27)
02-16 22:52:48.744  2777  2777 E ActivityThread: 	at com.google.android.libraries.gsa.launcherclient.LauncherClient.reconnect(LauncherClient.java:219)
02-16 22:52:48.744  2777  2777 E ActivityThread: 	at com.google.android.libraries.gsa.launcherclient.LauncherClient.<init>(LauncherClient.java:138)
02-16 22:52:48.744  2777  2777 E ActivityThread: 	at com.google.android.apps.nexuslauncher.NexusLauncher$NexusLauncherCallbacks.onCreate(NexusLauncher.java:98)
02-16 22:52:48.744  2777  2777 E ActivityThread: 	at com.android.launcher3.Launcher.onCreate(Launcher.java:354)
02-16 22:52:48.744  2777  2777 E ActivityThread: 	at com.google.android.apps.nexuslauncher.NexusLauncherActivity.onCreate(NexusLauncherActivity.java:25)
02-16 22:52:48.744  2777  2777 E ActivityThread: 	at ch.deletescape.lawnchair.LawnchairLauncher.onCreate(LawnchairLauncher.kt:72)
02-16 22:52:48.744  2777  2777 E ActivityThread: 	at android.app.Activity.performCreate(Activity.java:7145)
02-16 22:52:48.744  2777  2777 E ActivityThread: 	at android.app.Activity.performCreate(Activity.java:7136)
02-16 22:52:48.744  2777  2777 E ActivityThread: 	at android.app.Instrumentation.callActivityOnCreate(Instrumentation.java:1272)
02-16 22:52:48.744  2777  2777 E ActivityThread: 	at android.app.ActivityThread.performLaunchActivity(ActivityThread.java:2933)
02-16 22:52:48.744  2777  2777 E ActivityThread: 	at android.app.ActivityThread.handleLaunchActivity(ActivityThread.java:3088)
02-16 22:52:48.744  2777  2777 E ActivityThread: 	at android.app.servertransaction.LaunchActivityItem.execute(LaunchActivityItem.java:78)
02-16 22:52:48.744  2777  2777 E ActivityThread: 	at android.app.servertransaction.TransactionExecutor.executeCallbacks(TransactionExecutor.java:108)
02-16 22:52:48.744  2777  2777 E ActivityThread: 	at android.app.servertransaction.TransactionExecutor.execute(TransactionExecutor.java:68)
02-16 22:52:48.744  2777  2777 E ActivityThread: 	at android.app.ActivityThread$H.handleMessage(ActivityThread.java:1818)
02-16 22:52:48.744  2777  2777 E ActivityThread: 	at android.os.Handler.dispatchMessage(Handler.java:106)
02-16 22:52:48.744  2777  2777 E ActivityThread: 	at android.os.Looper.loop(Looper.java:193)
02-16 22:52:48.744  2777  2777 E ActivityThread: 	at android.app.ActivityThread.main(ActivityThread.java:6744)
02-16 22:52:48.744  2777  2777 E ActivityThread: 	at java.lang.reflect.Method.invoke(Native Method)
02-16 22:52:48.744  2777  2777 E ActivityThread: 	at com.android.internal.os.RuntimeInit$MethodAndArgsCaller.run(RuntimeInit.java:495)
02-16 22:52:48.744  2777  2777 E ActivityThread: 	at com.android.internal.os.ZygoteInit.main(ZygoteInit.java:859)
02-16 22:52:48.752  1404  1424 I ActivityManager: Activity reported stop, but no longer stopping: ActivityRecord{e201b79 u0 ch.deletescape.lawnchair.ci/ch.deletescape.lawnchair.LawnchairLauncher t3044}
02-16 22:52:48.736  1404  2626 I BackupManagerService: Found stale backup journal, scheduling
02-16 22:52:48.785     0     0 W audit   : audit_lost=5620 audit_rate_limit=5 audit_backlog_limit=64
02-16 22:52:48.785     0     0 E audit   : rate limit exceeded
02-16 22:52:48.927  1404  2626 I chatty  : uid=1000(system) backup identical 123 lines
02-16 22:52:48.927  1404  2626 I BackupManagerService: Found stale backup journal, scheduling
02-16 22:52:48.948  1404  2669 D ConnectivityService: requestNetwork for uid/pid:10023/3201 NetworkRequest [ TRACK_DEFAULT id=15, [ Capabilities: INTERNET&NOT_RESTRICTED&TRUSTED Unwanted:  Uid: 10023] ]
02-16 22:52:48.959  1404  2626 I BackupManagerService: Found stale backup journal, scheduling
02-16 22:52:49.124  1404  2626 I chatty  : uid=1000(system) backup identical 144 lines
02-16 22:52:49.124  1404  2626 I BackupManagerService: Found stale backup journal, scheduling
02-16 22:52:49.124  1404  1446 V ActivityManager: Attempted to start a foreground service (ComponentInfo{com.franco.kernel/a.uu}) with a broken notification (no icon: Notification(channel=battery_monitor pri=0 contentView=null vibrate=null sound=null defaults=0x0 flags=0x40 color=0x00000000 vis=PRIVATE))
02-16 22:52:49.124  1404  2626 I BackupManagerService: Found stale backup journal, scheduling
02-16 22:52:49.255  1404  2626 I chatty  : uid=1000(system) backup identical 96 lines
02-16 22:52:49.255  1404  2626 I BackupManagerService: Found stale backup journal, scheduling
02-16 22:52:49.295  1404  1448 W ActivityManager: Slow operation: 2454ms so far, now at startProcess: returned from zygote!
02-16 22:52:49.295  1404  1448 W ActivityManager: Slow operation: 2454ms so far, now at startProcess: done updating battery stats
02-16 22:52:49.295  1404  1448 W ActivityManager: Slow operation: 2454ms so far, now at startProcess: building log message
02-16 22:52:49.295  1404  1448 I ActivityManager: Start proc 3519:com.android.keychain/1000 for service com.android.keychain/.KeyChainService
02-16 22:52:49.295  1404  1448 W ActivityManager: Slow operation: 2454ms so far, now at startProcess: starting to update pids map
02-16 22:52:49.295  1404  1448 W ActivityManager: Slow operation: 2454ms so far, now at startProcess: done updating pids map
02-16 22:52:49.296  1404  1448 W ActivityManager: Slow operation: 1808ms so far, now at startProcess: asking zygote to start proc
02-16 22:52:49.324  1404  2626 I BackupManagerService: Found stale backup journal, scheduling
02-16 22:52:49.385  1404  2626 I chatty  : uid=1000(system) backup identical 138 lines
02-16 22:52:49.385  1404  2626 I BackupManagerService: Found stale backup journal, scheduling
02-16 22:52:49.458  1404  2072 W ActivityManager: Slow operation: 70ms so far, now at getContentProviderImpl: after checkContentProviderPermission
02-16 22:52:49.458  1404  2072 W ActivityManager: Slow operation: 70ms so far, now at getContentProviderImpl: incProviderCountLocked
02-16 22:52:49.458  1404  2072 W ActivityManager: Slow operation: 70ms so far, now at getContentProviderImpl: before updateLruProcess
02-16 22:52:49.458  1404  2072 W ActivityManager: Slow operation: 70ms so far, now at getContentProviderImpl: after updateLruProcess
02-16 22:52:49.458  1404  2072 W ActivityManager: Slow operation: 70ms so far, now at getContentProviderImpl: before updateOomAdj
02-16 22:52:49.459  1404  2626 I BackupManagerService: Found stale backup journal, scheduling
02-16 22:52:49.460  1404  2626 I chatty  : uid=1000(system) backup identical 2 lines
02-16 22:52:49.460  1404  2626 I BackupManagerService: Found stale backup journal, scheduling
02-16 22:52:49.460  1404  2072 W ActivityManager: Slow operation: 72ms so far, now at getContentProviderImpl: after updateOomAdj
02-16 22:52:49.460  1404  2626 I BackupManagerService: Found stale backup journal, scheduling
02-16 22:52:49.460  1404  2072 W ActivityManager: Slow operation: 72ms so far, now at getContentProviderImpl: done!
02-16 22:52:49.460  1404  2626 I BackupManagerService: Found stale backup journal, scheduling
02-16 22:52:49.569  1404  2626 I chatty  : uid=1000(system) backup identical 112 lines
02-16 22:52:49.569  1404  2626 I BackupManagerService: Found stale backup journal, scheduling
02-16 22:52:49.611  1404  1448 W ActivityManager: Slow operation: 2123ms so far, now at startProcess: returned from zygote!
02-16 22:52:49.613  1404  1448 W ActivityManager: Slow operation: 2126ms so far, now at startProcess: done updating battery stats
02-16 22:52:49.613  1404  1448 W ActivityManager: Slow operation: 2126ms so far, now at startProcess: building log message
02-16 22:52:49.613  1404  1448 I ActivityManager: Start proc 3556:com.android.providers.calendar/u0a10 for content provider com.android.providers.calendar/.CalendarProvider2
02-16 22:52:49.613  1404  1448 W ActivityManager: Slow operation: 2126ms so far, now at startProcess: starting to update pids map
02-16 22:52:49.613  1404  1448 W ActivityManager: Slow operation: 2126ms so far, now at startProcess: done updating pids map
02-16 22:52:49.613  1404  1448 W ActivityManager: Slow operation: 1770ms so far, now at startProcess: asking zygote to start proc
02-16 22:52:49.656  1404  2626 I BackupManagerService: Found stale backup journal, scheduling
02-16 22:52:49.787     0     0 W audit   : audit_lost=5845 audit_rate_limit=5 audit_backlog_limit=64
02-16 22:52:49.787     0     0 E audit   : rate limit exceeded
02-16 22:52:49.949  1404  2626 I chatty  : uid=1000(system) backup identical 276 lines
02-16 22:52:49.949  1404  2626 I BackupManagerService: Found stale backup journal, scheduling
02-16 22:52:49.978  1404  1448 W ActivityManager: Slow operation: 2134ms so far, now at startProcess: returned from zygote!
02-16 22:52:49.978  1404  1448 W ActivityManager: Slow operation: 2135ms so far, now at startProcess: done updating battery stats
02-16 22:52:49.978  1404  1448 W ActivityManager: Slow operation: 2135ms so far, now at startProcess: building log message
02-16 22:52:49.978  1404  1448 I ActivityManager: Start proc 3586:com.google.android.apps.messaging:rcs/u0a59 for service com.google.android.apps.messaging/com.google.android.ims.service.JibeService
02-16 22:52:49.978  1404  1448 W ActivityManager: Slow operation: 2135ms so far, now at startProcess: starting to update pids map
02-16 22:52:49.978  1404  1448 W ActivityManager: Slow operation: 2135ms so far, now at startProcess: done updating pids map
02-16 22:52:49.978  1404  1448 W ActivityManager: Slow operation: 170ms so far, now at startProcess: asking zygote to start proc
02-16 22:52:49.995  1404  2626 I BackupManagerService: Found stale backup journal, scheduling
02-16 22:52:50.000  2148  2377 I chatty  : uid=1001(radio) Binder:2148_D expire 1 line
02-16 22:52:50.300  1404  2626 I chatty  : uid=1000(system) backup identical 645 lines
02-16 22:52:50.300  1404  2626 I BackupManagerService: Found stale backup journal, scheduling
02-16 22:52:50.301  1404  1448 W ActivityManager: Slow operation: 493ms so far, now at startProcess: returned from zygote!
02-16 22:52:50.301  1404  1448 W ActivityManager: Slow operation: 493ms so far, now at startProcess: done updating battery stats
02-16 22:52:50.301  1404  1448 W ActivityManager: Slow operation: 493ms so far, now at startProcess: building log message
02-16 22:52:50.301  1404  1448 I ActivityManager: Start proc 3613:com.google.android.apps.translate/u0a134 for broadcast com.google.android.apps.translate/.StorageReceiver
02-16 22:52:50.301  1404  1448 W ActivityManager: Slow operation: 493ms so far, now at startProcess: starting to update pids map
02-16 22:52:50.301  1404  1448 W ActivityManager: Slow operation: 493ms so far, now at startProcess: done updating pids map
02-16 22:52:50.330  1404  2626 I BackupManagerService: Found stale backup journal, scheduling
02-16 22:52:50.705  2148  2299 I chatty  : uid=1001(radio) Binder:2148_7 expire 2 lines
02-16 22:52:50.756   661   926 I chatty  : uid=1001(radio) /vendor/bin/hw/rild expire 7 lines
02-16 22:52:50.813   661   661 I chatty  : uid=1001(radio) /vendor/bin/hw/rild expire 1 line
02-16 22:52:51.184  2148  2242 I chatty  : uid=1001(radio) android.bg expire 3 lines
02-16 22:52:51.185  2148  2148 I chatty  : uid=1001(radio) com.android.phone expire 119 lines
02-16 22:52:51.187  2148  2181 I chatty  : uid=1001(radio) HwBinder:2148_1 expire 59 lines
02-16 22:52:51.189  1404  2626 I chatty  : uid=1000(system) backup identical 2304 lines
02-16 22:52:51.189  1404  2626 I BackupManagerService: Found stale backup journal, scheduling
02-16 22:52:51.191  1404  1404 V FingerprintService: startAuthentication(com.android.systemui)
02-16 22:52:51.191  1404  1404 V FingerprintService: request stop current client com.android.systemui
02-16 22:52:51.194  1404  2626 I BackupManagerService: Found stale backup journal, scheduling
02-16 22:52:51.223  2148  2269 I chatty  : uid=1001(radio) NetworkService expire 5 lines
02-16 22:52:51.232  2148  2301 I chatty  : uid=1001(radio) CellularNetwork expire 4 lines
02-16 22:52:51.238  1404  2626 I chatty  : uid=1000(system) backup identical 127 lines
02-16 22:52:51.238  1404  2626 I BackupManagerService: Found stale backup journal, scheduling
02-16 22:52:51.238  1404  1404 W FingerprintService: client com.android.systemui is no longer authenticating
02-16 22:52:51.238  1404  2626 I BackupManagerService: Found stale backup journal, scheduling
02-16 22:52:51.238  1404  2626 I chatty  : uid=1000(system) backup identical 11 lines
02-16 22:52:51.238  1404  2626 I BackupManagerService: Found stale backup journal, scheduling
02-16 22:52:51.239  1404  1404 V FingerprintService: Done with client: com.android.systemui
02-16 22:52:51.239  1404  1404 V FingerprintService: handleError(client=com.android.systemui, error = 5)
02-16 22:52:51.239  1404  1404 V FingerprintService: start pending client com.android.systemui
02-16 22:52:51.239  1404  1404 V FingerprintService: starting client AuthenticationClient(com.android.systemui), initiatedByClient = false
02-16 22:52:51.239  1404  1404 W FingerprintService: client com.android.systemui is authenticating...
02-16 22:52:51.240  1404  1404 V FingerprintService: Done with client: com.android.systemui
02-16 22:52:51.240  1404  1404 V FingerprintService: handleError(client=com.android.systemui, error = 5)
02-16 22:52:51.246  1404  2626 I BackupManagerService: Found stale backup journal, scheduling
02-16 22:52:51.250  2134  2134 I chatty  : uid=1001(radio) com.qualcomm.qti.telephonyservice expire 4 lines
02-16 22:52:51.290     0     0 W audit   : audit_lost=6083 audit_rate_limit=5 audit_backlog_limit=64
02-16 22:52:51.290     0     0 E audit   : rate limit exceeded
02-16 22:52:51.478  2148  2355 I chatty  : uid=1001(radio) Binder:2148_B expire 6 lines
02-16 22:52:51.267  1404  2626 I chatty  : uid=1000(system) backup identical 98 lines
02-16 22:52:51.267  1404  2626 I BackupManagerService: Found stale backup journal, scheduling
02-16 22:52:51.584  2148  2148 D MccTable: updateMccMncConfiguration mccmnc='24701' fromServiceState=false
02-16 22:52:51.585  2148  2148 D MccTable: updateMccMncConfiguration defaultMccMnc=
02-16 22:52:51.585  2148  2148 D MccTable: updateMccMncConfiguration: mcc=247, mnc=1
02-16 22:52:51.585  2148  2148 D MccTable: updateMccMncConfiguration updateConfig config={0.0 247mcc1mnc ?localeList ?layoutDir ?swdp ?wdp ?hdp ?density ?lsize ?long ?ldr ?wideColorGamut ?orien ?uimode ?night ?touch ?keyb/?/? ?nav/? winConfig={ mBounds=Rect(0, 0 - 0, 0) mAppBounds=null mWindowingMode=undefined mActivityType=undefined}}
02-16 22:52:51.586  1404  1653 I ActivityManager: Config changes=3 {1.0000018 247mcc1mnc [en_GB,lv_LV] ldltr sw411dp w411dp h659dp 420dpi nrml port night finger -keyb/v/h -nav/h winConfig={ mBounds=Rect(0, 0 - 0, 0) mAppBounds=Rect(0, 0 - 1080, 1794) mWindowingMode=fullscreen mActivityType=undefined} s.8}
02-16 22:52:51.619  1404  1653 I ActivityManager: Override config changes=3 {1.0000018 247mcc1mnc [en_GB,lv_LV] ldltr sw411dp w411dp h659dp 420dpi nrml port night finger -keyb/v/h -nav/h winConfig={ mBounds=Rect(0, 0 - 1080, 1794) mAppBounds=Rect(0, 0 - 1080, 1794) mWindowingMode=fullscreen mActivityType=undefined} s.8} for displayId=0
02-16 22:52:51.660  2148  2181 I chatty  : uid=1001(radio) HwBinder:2148_1 expire 34 lines
02-16 22:52:51.660  2148  2269 I chatty  : uid=1001(radio) NetworkService expire 6 lines
02-16 22:52:51.672  2148  2148 I chatty  : uid=1001(radio) com.android.phone expire 134 lines
02-16 22:52:51.677  2134  2134 I chatty  : uid=1001(radio) com.qualcomm.qti.telephonyservice expire 2 lines
02-16 22:52:51.693  2148  2301 I chatty  : uid=1001(radio) CellularNetwork expire 4 lines
02-16 22:52:51.762  2148  2328 I chatty  : uid=1001(radio) Binder:2148_9 expire 1 line
02-16 22:52:51.770  2148  2215 I chatty  : uid=1001(radio) LocaleTracker expire 1 line
02-16 22:52:51.774  2148  2377 I chatty  : uid=1001(radio) Binder:2148_D expire 1 line
02-16 22:52:51.780  1404  1425 W ContextImpl: Calling a method in the system process without a qualified user: android.app.ContextImpl.sendBroadcastAsUserMultiplePermissions:1053 com.android.server.TelephonyRegistry.broadcastCallStateChanged:1602 com.android.server.TelephonyRegistry.notifyCallStateForPhoneId:793 com.android.internal.telephony.ITelephonyRegistry$Stub.onTransact:122 android.os.Binder.execTransact:731 
02-16 22:52:51.788  2148  2353 I chatty  : uid=1001(radio) Binder:2148_A expire 1 line
02-16 22:52:51.816  2148  2148 I TelecomFramework: PstnIncomingCallNotifier: Unregistering: Handler (com.qualcomm.qti.internal.telephony.QtiGsmCdmaPhone) {1026ea}
02-16 22:52:51.842  1404  2610 I Telecom : PhoneAccountRegistrar: Modify account: [ComponentInfo{com.android.phone/com.android.services.telephony.TelephonyConnectionService}, ***, UserHandle{0}]: TSI.rPA@AD8
02-16 22:52:51.846  2148  2148 I TelecomFramework: AccountEntry: Registered phoneAccount: [[ ] PhoneAccount: ComponentInfo{com.android.phone/com.android.services.telephony.TelephonyConnectionService}, ***, UserHandle{0} Capabilities: SuppVideo CallProvider MultiUser PlaceEmerg SimSub  Audio Routes: BESW Schemes: tel voicemail  Extras: Bundle[{android.telecom.extra.SUPPORTS_VIDEO_CALLING_FALLBACK=true, android.telecom.extra.SORT_ORDER=0}] GroupId: ***] with handle: ComponentInfo{com.android.phone/com.android.services.telephony.TelephonyConnectionService}, ***, UserHandle{0}
02-16 22:52:51.846  2148  2148 I TelecomFramework: PstnIncomingCallNotifier: Registering: Handler (com.qualcomm.qti.internal.telephony.QtiGsmCdmaPhone) {1026ea}
02-16 22:52:51.886  2148  2148 I TelecomFramework: PstnPhoneCapabilitiesNotifier: handleVideoCapabilitesChanged. Video capability - false
02-16 22:52:51.904  1404  1425 I Telecom : PhoneAccountRegistrar: Modify account: [ComponentInfo{com.android.phone/com.android.services.telephony.TelephonyConnectionService}, ***, UserHandle{0}]: TSI.rPA@AEI
02-16 22:52:51.907  2148  2148 I chatty  : uid=1001(radio) com.android.phone expire 117 lines
02-16 22:52:51.927  2148  2181 I chatty  : uid=1001(radio) HwBinder:2148_1 expire 38 lines
02-16 22:52:51.959  2134  2134 I chatty  : uid=1001(radio) com.qualcomm.qti.telephonyservice expire 6 lines
02-16 22:52:51.983  2148  2275 I chatty  : uid=1001(radio) DataService expire 1 line
02-16 22:52:52.097  2148  2269 I chatty  : uid=1001(radio) NetworkService expire 16 lines
02-16 22:52:52.167  2148  2242 I chatty  : uid=1001(radio) android.bg expire 5 lines
02-16 22:52:52.168  2148  2242 D MccTable: updateMccMncConfiguration mccmnc='24701' fromServiceState=false
02-16 22:52:52.169  2148  2242 D MccTable: updateMccMncConfiguration defaultMccMnc=24701
02-16 22:52:52.169  2148  2242 D MccTable: updateMccMncConfiguration: mcc=247, mnc=1
02-16 22:52:52.169  2148  2242 D MccTable: updateMccMncConfiguration updateConfig config={0.0 247mcc1mnc ?localeList ?layoutDir ?swdp ?wdp ?hdp ?density ?lsize ?long ?ldr ?wideColorGamut ?orien ?uimode ?night ?touch ?keyb/?/? ?nav/? winConfig={ mBounds=Rect(0, 0 - 0, 0) mAppBounds=null mWindowingMode=undefined mActivityType=undefined}}
02-16 22:52:52.197  2148  2301 I chatty  : uid=1001(radio) CellularNetwork expire 12 lines
02-16 22:52:52.212  2148  2301 W CellIdentityLte: invalid MNC format: 1
02-16 22:52:52.212  2148  2242 D SubscriptionController: notifySubscriptionInfoChanged:
02-16 22:52:52.212  2148  2301 D NetworkRegistrationManager: onGetNetworkRegistrationStateComplete result 0 state NetworkRegistrationState{transportType=1 domain=CS regState=HOME accessNetworkTechnology=LTE reasonForDenial=0 emergencyEnabled=false supportedServices=[I@fe06707 cellIdentity=CellIdentityLte:{ mCi=220683 mPci=69 mTac=44600 mEarfcn=1300 mBandwidth=2147483647 mMcc=247 mMnc=null mAlphaLong=null mAlphaShort=null} voiceSpecificStates=VoiceSpecificRegistrationStates { mCssSupported=false mRoamingIndicator=1 mSystemIsInPrl=-1 mDefaultRoamingIndicator=-1} dataSpecificStates=null}
02-16 22:52:52.212  2148  2148 D SST     : [0] pollState: modemTriggered=true
02-16 22:52:52.212  2148  2301 W CellIdentityLte: invalid MNC format: 1
02-16 22:52:52.212  2148  2301 D NetworkRegistrationManager: onGetNetworkRegistrationStateComplete result 0 state NetworkRegistrationState{transportType=1 domain=CS regState=HOME accessNetworkTechnology=LTE reasonForDenial=0 emergencyEnabled=false supportedServices=[I@85a3034 cellIdentity=CellIdentityLte:{ mCi=220683 mPci=69 mTac=44600 mEarfcn=1300 mBandwidth=2147483647 mMcc=247 mMnc=null mAlphaLong=null mAlphaShort=null} voiceSpecificStates=VoiceSpecificRegistrationStates { mCssSupported=false mRoamingIndicator=1 mSystemIsInPrl=-1 mDefaultRoamingIndicator=-1} dataSpecificStates=null}
02-16 22:52:52.213  2148  2260 D SubscriptionController: [getSubId]- numSubIds == 0, return DummySubIds slotIndex=1
02-16 22:52:52.214  2148  2148 D RILJ    : [1524]> OPERATOR [SUB0]
02-16 22:52:52.214  2148  2148 D NetworkRegistrationManager: getNetworkRegistrationState domain 2
02-16 22:52:52.214  2148  2148 D NetworkRegistrationManager: getNetworkRegistrationState domain 1
02-16 22:52:52.215  2148  2148 D RILJ    : [1525]> QUERY_NETWORK_SELECTION_MODE [SUB0]
02-16 22:52:52.215  2148  2148 D SST     : [0] EVENT_POLL_STATE_NETWORK_SELECTION_MODE
02-16 22:52:52.215  2148  2148 D SST     : [0] EVENT_POLL_STATE_NETWORK_SELECTION_MODE
02-16 22:52:52.215  2148  2148 D PhoneSwitcher: handle event - 108
02-16 22:52:52.215  2148  2181 D RILJ    : [1521]< QUERY_NETWORK_SELECTION_MODE {0} [SUB0]
02-16 22:52:52.215  2148  2148 D SST     : [0] EVENT_POLL_STATE_NETWORK_SELECTION_MODE
02-16 22:52:52.215  2148  2148 D SubscriptionController: [getSubId]- numSubIds == 0, return DummySubIds slotIndex=1
02-16 22:52:52.215  2148  2148 D SST     : [0] SubscriptionListener.onSubscriptionInfoChanged
02-16 22:52:52.215  2148  2148 D QtiDCT  : [0]SubscriptionListener.onSubscriptionInfoChanged
02-16 22:52:52.216  2148  2269 D RILJ    : [1526]> DATA_REGISTRATION_STATE [SUB0]
02-16 22:52:52.217  2148  2269 D RILJ    : [1527]> VOICE_REGISTRATION_STATE [SUB0]
02-16 22:52:52.217  2148  2181 D RILJ    : [1524]< OPERATOR {LV LMT, LMT, 24701} [SUB0]
02-16 22:52:52.218  2148  2181 D RILJ    : [1518]< DATA_REGISTRATION_STATE {.regState = REG_HOME, .rat = 14, .reasonDataDenied = 0, .maxDataCalls = 20, .cellIdentity = {.cellInfoType = LTE, .cellIdentityGsm = [], .cellIdentityWcdma = [], .cellIdentityCdma = [], .cellIdentityLte = [{.mcc = 247, .mnc = 1, .ci = 220683, .pci = 69, .tac = 44600, .earfcn = 1300}], .cellIdentityTdscdma = []}} [SUB0]
02-16 22:52:52.218  2148  2301 W CellIdentityLte: invalid MNC format: 1
02-16 22:52:52.218  2148  2301 D NetworkRegistrationManager: onGetNetworkRegistrationStateComplete result 0 state NetworkRegistrationState{transportType=1 domain=PS regState=HOME accessNetworkTechnology=LTE reasonForDenial=0 emergencyEnabled=false supportedServices=[I@56ab359 cellIdentity=CellIdentityLte:{ mCi=220683 mPci=69 mTac=44600 mEarfcn=1300 mBandwidth=2147483647 mMcc=247 mMnc=null mAlphaLong=null mAlphaShort=null} voiceSpecificStates=null dataSpecificStates=DataSpecificRegistrationStates { mMaxDataCalls=20}}
02-16 22:52:52.218  2148  2181 D RILJ    : [1522]< DATA_REGISTRATION_STATE {.regState = REG_HOME, .rat = 14, .reasonDataDenied = 0, .maxDataCalls = 20, .cellIdentity = {.cellInfoType = LTE, .cellIdentityGsm = [], .cellIdentityWcdma = [], .cellIdentityCdma = [], .cellIdentityLte = [{.mcc = 247, .mnc = 1, .ci = 220683, .pci = 69, .tac = 44600, .earfcn = 1300}], .cellIdentityTdscdma = []}} [SUB0]
02-16 22:52:52.218  2148  2301 W CellIdentityLte: invalid MNC format: 1
02-16 22:52:52.218  2148  2301 D NetworkRegistrationManager: onGetNetworkRegistrationStateComplete result 0 state NetworkRegistrationState{transportType=1 domain=PS regState=HOME accessNetworkTechnology=LTE reasonForDenial=0 emergencyEnabled=false supportedServices=[I@e9ab1e cellIdentity=CellIdentityLte:{ mCi=220683 mPci=69 mTac=44600 mEarfcn=1300 mBandwidth=2147483647 mMcc=247 mMnc=null mAlphaLong=null mAlphaShort=null} voiceSpecificStates=null dataSpecificStates=DataSpecificRegistrationStates { mMaxDataCalls=20}}
02-16 22:52:52.218  2148  2181 D RILJ    : [1525]< QUERY_NETWORK_SELECTION_MODE {0} [SUB0]
02-16 22:52:52.218  2148  2302 D SubscriptionController: [getSubId]- numSubIds == 0, return DummySubIds slotIndex=1
02-16 22:52:52.220  2148  2181 D RILJ    : [1526]< DATA_REGISTRATION_STATE {.regState = REG_HOME, .rat = 14, .reasonDataDenied = 0, .maxDataCalls = 20, .cellIdentity = {.cellInfoType = LTE, .cellIdentityGsm = [], .cellIdentityWcdma = [], .cellIdentityCdma = [], .cellIdentityLte = [{.mcc = 247, .mnc = 1, .ci = 220683, .pci = 69, .tac = 44600, .earfcn = 1300}], .cellIdentityTdscdma = []}} [SUB0]
02-16 22:52:52.221  2148  2301 W CellIdentityLte: invalid MNC format: 1
02-16 22:52:52.221  2148  2301 D NetworkRegistrationManager: onGetNetworkRegistrationStateComplete result 0 state NetworkRegistrationState{transportType=1 domain=PS regState=HOME accessNetworkTechnology=LTE reasonForDenial=0 emergencyEnabled=false supportedServices=[I@cd52fff cellIdentity=CellIdentityLte:{ mCi=220683 mPci=69 mTac=44600 mEarfcn=1300 mBandwidth=2147483647 mMcc=247 mMnc=null mAlphaLong=null mAlphaShort=null} voiceSpecificStates=null dataSpecificStates=DataSpecificRegistrationStates { mMaxDataCalls=20}}
02-16 22:52:52.222  2148  2181 D RILJ    : [1527]< VOICE_REGISTRATION_STATE {.regState = REG_HOME, .rat = 14, .cssSupported = false, .roamingIndicator = 1, .systemIsInPrl = -1, .defaultRoamingIndicator = -1, .reasonForDenial = 0, .cellIdentity = {.cellInfoType = LTE, .cellIdentityGsm = [], .cellIdentityWcdma = [], .cellIdentityCdma = [], .cellIdentityLte = [{.mcc = 247, .mnc = 1, .ci = 220683, .pci = 69, .tac = 44600, .earfcn = 1300}], .cellIdentityTdscdma = []}} [SUB0]
02-16 22:52:52.222  2148  2301 W CellIdentityLte: invalid MNC format: 1
02-16 22:52:52.222  2148  2301 D NetworkRegistrationManager: onGetNetworkRegistrationStateComplete result 0 state NetworkRegistrationState{transportType=1 domain=CS regState=HOME accessNetworkTechnology=LTE reasonForDenial=0 emergencyEnabled=false supportedServices=[I@99f51cc cellIdentity=CellIdentityLte:{ mCi=220683 mPci=69 mTac=44600 mEarfcn=1300 mBandwidth=2147483647 mMcc=247 mMnc=null mAlphaLong=null mAlphaShort=null} voiceSpecificStates=VoiceSpecificRegistrationStates { mCssSupported=false mRoamingIndicator=1 mSystemIsInPrl=-1 mDefaultRoamingIndicator=-1} dataSpecificStates=null}
02-16 22:52:52.223  2148  2242 D SubscriptionController: [getActiveSubscriptionInfo]+ subId=1 subInfo={id=1, iccId=893710112[****] simSlotIndex=0 displayName=CARD 1 carrierName=No service nameSource=0 iconTint=-10839304 dataRoaming=0 iconBitmap=android.graphics.Bitmap@38a2c15 mcc 247 mnc 1 isEmbedded false accessRules null cardId=893710112[****]}
02-16 22:52:52.223  2148  2242 D SubscriptionInfoUpdater: sim name = LMT
02-16 22:52:52.223  2148  2242 D SubscriptionController: [setDisplayName]+  displayName:LMT subId:1 nameSource:-1
02-16 22:52:52.224  2148  2242 D SubscriptionController: validateSubId subId: 1
02-16 22:52:52.224  2148  2242 D SubscriptionController: [setDisplayName]- mDisplayName:LMT set
02-16 22:52:52.227  2148  2296 D QtiDCT  : [0]setPolicyDataEnabled: true
02-16 22:52:52.234  2148  2148 D SST     : [1] SubscriptionListener.onSubscriptionInfoChanged
02-16 22:52:52.234  2148  2148 D SubscriptionController: [getSubId]- numSubIds == 0, return DummySubIds slotIndex=1
02-16 22:52:52.234  2148  2148 D SubscriptionController: [getSubId]- numSubIds == 0, return DummySubIds slotIndex=1
02-16 22:52:52.235  2148  2148 D PhoneSwitcher: handle event - 102
02-16 22:52:52.235  2148  2148 D PhoneSwitcher: isUiccProvisioned = true
02-16 22:52:52.235  2148  2148 D SubscriptionController: [getSubId]- numSubIds == 0, return DummySubIds slotIndex=1
02-16 22:52:52.235  2148  2148 D PhoneSwitcher: Broadcast network specifier set intent
02-16 22:52:52.237  2148  2148 D SubscriptionController: [getSubId]- numSubIds == 0, return DummySubIds slotIndex=1
02-16 22:52:52.237  2148  2148 I TelecomFramework: PstnIncomingCallNotifier: Unregistering: Handler (com.qualcomm.qti.internal.telephony.QtiGsmCdmaPhone) {1026ea}
02-16 22:52:52.238  2148  2242 D SubscriptionController: notifySubscriptionInfoChanged:
02-16 22:52:52.239  2148  2328 D SubscriptionController: [getSubId]- numSubIds == 0, return DummySubIds slotIndex=1
02-16 22:52:52.242  2148  2214 D SubscriptionController: [getSubId]- numSubIds == 0, return DummySubIds slotIndex=1
