02-16 22:52:41.911  1404  1463 E ArtManagerService: Failed to prepare profile for com.google.android.markup:/system/app/MarkupGoogle/MarkupGoogle.apk
02-16 22:52:41.914  1404  1463 E ArtManagerService: Failed to prepare profile for com.android.cellbroadcastreceiver:/system/priv-app/CellBroadcastReceiver/CellBroadcastReceiver.apk
02-16 22:52:41.920  1404  1463 E ArtManagerService: Failed to prepare profile for com.google.android.apps.cloudconsole:/data/app/com.google.android.apps.cloudconsole-pcGShpf9cyGqSD84p2LPSg==/base.apk
02-16 22:52:41.923  1404  1463 E ArtManagerService: Failed to prepare profile for com.google.android.contacts:/data/app/com.google.android.contacts-nkHelhtPxBDCiU_GHYIQdA==/base.apk
02-16 22:52:41.926  1404  1463 E ArtManagerService: Failed to prepare profile for com.android.server.telecom:/system/priv-app/Telecom/Telecom.apk
02-16 22:52:41.930  1404  1463 E ArtManagerService: Failed to prepare profile for com.google.android.syncadapters.contacts:/system/app/GoogleContactsSyncAdapter/GoogleContactsSyncAdapter.apk
02-16 22:52:41.934  1404  1463 E ArtManagerService: Failed to prepare profile for com.server.auditor.ssh.client:/data/app/com.server.auditor.ssh.client-2O21fwKSqAqXxa531jENgg==/base.apk
02-16 22:52:41.938  1404  1463 E ArtManagerService: Failed to prepare profile for com.smart_id:/data/app/com.smart_id-xbfLA7YD8VaEco4Dr3uEYQ==/base.apk
02-16 22:52:41.938  2588  2603 E ActivityThread: Failed to find provider info for com.google.android.gsf.gservices
02-16 22:52:41.942  1404  1463 E ArtManagerService: Failed to prepare profile for com.monefy.app.lite:/data/app/com.monefy.app.lite-Ug8XQw65iQZqanaC1BlC6g==/base.apk
02-16 22:52:41.946  1404  1463 E ArtManagerService: Failed to prepare profile for com.android.keychain:/system/app/KeyChain/KeyChain.apk
02-16 22:52:41.950  1404  1463 E ArtManagerService: Failed to prepare profile for com.google.android.calculator:/system/app/CalculatorGooglePrebuilt/CalculatorGooglePrebuilt.apk
02-16 22:52:41.958  1404  1463 E ArtManagerService: Failed to prepare profile for com.android.printservice.recommendation:/system/app/PrintRecommendationService/PrintRecommendationService.apk
02-16 22:52:41.986  1404  1463 E ArtManagerService: Failed to prepare profile for com.android.dialer:/system/priv-app/Dialer/Dialer.apk
02-16 22:52:41.994  1404  1463 E ArtManagerService: Failed to prepare profile for com.google.android.gms:/data/app/com.google.android.gms-r0mhCC072gbvWTXNbxfbiQ==/base.apk
02-16 22:52:41.996  1404  1463 E ArtManagerService: Failed to prepare profile for com.google.android.gsf:/system/priv-app/GoogleServicesFramework/GoogleServicesFramework.apk
02-16 22:52:41.999  1404  1463 E ArtManagerService: Failed to prepare profile for com.google.android.ims:/data/app/com.google.android.ims-zZhmUzG1_DKBAaC2pLYgAw==/base.apk
02-16 22:52:42.002  1404  1463 E ArtManagerService: Failed to prepare profile for com.google.android.tts:/data/app/com.google.android.tts-w6fTp9VcopFIX00PGvou-g==/base.apk
02-16 22:52:42.004  1404  1463 E ArtManagerService: Failed to prepare profile for com.nekki.shadowfight2.paid:/data/app/com.nekki.shadowfight2.paid-PlqHNdiREghBiGTq19EmVQ==/base.apk
02-16 22:52:42.010  1404  1463 E ArtManagerService: Failed to prepare profile for cz.zdenekhorak.mibandtools:/data/app/cz.zdenekhorak.mibandtools-BYwpkjj5ueFdKXNNWfZBGg==/base.apk
02-16 22:52:42.014  1404  1463 E ArtManagerService: Failed to prepare profile for com.google.android.apps.walletnfcrel:/system/app/Wallet/Wallet.apk
02-16 22:52:42.017  1404  1463 E ArtManagerService: Failed to prepare profile for com.android.calllogbackup:/system/priv-app/CallLogBackup/CallLogBackup.apk
02-16 22:52:42.023  1404  1463 E ArtManagerService: Failed to prepare profile for com.google.android.partnersetup:/system/priv-app/GooglePartnerSetup/GooglePartnerSetup.apk
02-16 22:52:42.023  1404  2072 W ActivityManager: Background start not allowed: service Intent { act=android.intent.action.LOCKED_BOOT_COMPLETED flg=0x9000010 cmp=com.google.android.gms/.chimera.GmsIntentOperationService (has extras) } to com.google.android.gms/.chimera.GmsIntentOperationService from pid=2331 uid=10005 pkg=com.google.android.gms startFg?=false
--------- beginning of crash
02-16 22:52:42.028  2331  2331 E AndroidRuntime: FATAL EXCEPTION: main
02-16 22:52:42.028  2331  2331 E AndroidRuntime: Process: com.google.android.gms.persistent, PID: 2331
02-16 22:52:42.028  2331  2331 E AndroidRuntime: java.lang.RuntimeException: Unable to start receiver com.google.android.gms.chimera.GmsIntentOperationService$PersistentTrustedReceiver: java.lang.IllegalStateException: Not allowed to start service Intent { act=android.intent.action.LOCKED_BOOT_COMPLETED flg=0x9000010 cmp=com.google.android.gms/.chimera.GmsIntentOperationService (has extras) }: app is in background uid UidRecord{7752a6e u0a5 RCVR idle change:uncached procs:1 seq(0,0,0)}
02-16 22:52:42.028  2331  2331 E AndroidRuntime: 	at android.app.ActivityThread.handleReceiver(ActivityThread.java:3428)
02-16 22:52:42.028  2331  2331 E AndroidRuntime: 	at android.app.ActivityThread.access$1200(ActivityThread.java:202)
02-16 22:52:42.028  2331  2331 E AndroidRuntime: 	at android.app.ActivityThread$H.handleMessage(ActivityThread.java:1669)
02-16 22:52:42.028  2331  2331 E AndroidRuntime: 	at android.os.Handler.dispatchMessage(Handler.java:106)
02-16 22:52:42.028  2331  2331 E AndroidRuntime: 	at android.os.Looper.loop(Looper.java:193)
02-16 22:52:42.028  2331  2331 E AndroidRuntime: 	at android.app.ActivityThread.main(ActivityThread.java:6744)
02-16 22:52:42.028  2331  2331 E AndroidRuntime: 	at java.lang.reflect.Method.invoke(Native Method)
02-16 22:52:42.028  2331  2331 E AndroidRuntime: 	at com.android.internal.os.RuntimeInit$MethodAndArgsCaller.run(RuntimeInit.java:495)
02-16 22:52:42.028  2331  2331 E AndroidRuntime: 	at com.android.internal.os.ZygoteInit.main(ZygoteInit.java:859)
02-16 22:52:42.028  2331  2331 E AndroidRuntime: Caused by: java.lang.IllegalStateException: Not allowed to start service Intent { act=android.intent.action.LOCKED_BOOT_COMPLETED flg=0x9000010 cmp=com.google.android.gms/.chimera.GmsIntentOperationService (has extras) }: app is in background uid UidRecord{7752a6e u0a5 RCVR idle change:uncached procs:1 seq(0,0,0)}
02-16 22:52:42.028  2331  2331 E AndroidRuntime: 	at android.app.ContextImpl.startServiceCommon(ContextImpl.java:1577)
02-16 22:52:42.028  2331  2331 E AndroidRuntime: 	at android.app.ContextImpl.startService(ContextImpl.java:1532)
02-16 22:52:42.028  2331  2331 E AndroidRuntime: 	at android.content.ContextWrapper.startService(ContextWrapper.java:664)
02-16 22:52:42.028  2331  2331 E AndroidRuntime: 	at com.google.android.gms.common.app.GmsApplication.startService(:com.google.android.gms@15090037@15.0.90 (100400-231259764):6)
02-16 22:52:42.028  2331  2331 E AndroidRuntime: 	at android.content.ContextWrapper.startService(ContextWrapper.java:664)
02-16 22:52:42.028  2331  2331 E AndroidRuntime: 	at android.content.ContextWrapper.startService(ContextWrapper.java:664)
02-16 22:52:42.028  2331  2331 E AndroidRuntime: 	at android.content.ContextWrapper.startService(ContextWrapper.java:664)
02-16 22:52:42.028  2331  2331 E AndroidRuntime: 	at dwd.b(:com.google.android.gms@15090037@15.0.90 (100400-231259764):3)
02-16 22:52:42.028  2331  2331 E AndroidRuntime: 	at dwd.onReceive(:com.google.android.gms@15090037@15.0.90 (100400-231259764):13)
02-16 22:52:42.028  2331  2331 E AndroidRuntime: 	at dui.onReceive(:com.google.android.gms@15090037@15.0.90 (100400-231259764):7)
02-16 22:52:42.028  2331  2331 E AndroidRuntime: 	at pka.onReceive(:com.google.android.gms@15090037@15.0.90 (100400-231259764):2)
02-16 22:52:42.028  2331  2331 E AndroidRuntime: 	at android.app.ActivityThread.handleReceiver(ActivityThread.java:3419)
02-16 22:52:42.028  2331  2331 E AndroidRuntime: 	... 8 more
02-16 22:52:42.026  1404  2072 W ActivityManager: Background start not allowed: service Intent { act=android.intent.action.LOCKED_BOOT_COMPLETED flg=0x9000010 cmp=com.google.android.gms/.chimera.GmsIntentOperationService (has extras) } to com.google.android.gms/.chimera.GmsIntentOperationService from pid=2331 uid=10005 pkg=com.google.android.gms startFg?=false
02-16 22:52:42.037  1404  1463 E ArtManagerService: Failed to prepare profile for trident3forkwgt.kustom.pack:/data/app/trident3forkwgt.kustom.pack-GIAyIGupC7rs1djY4ChQRw==/base.apk
02-16 22:52:42.041  1404  1463 E ArtManagerService: Failed to prepare profile for com.android.packageinstaller:/system/priv-app/PackageInstaller/PackageInstaller.apk
02-16 22:52:42.044  2134  2134 I chatty  : uid=1001(radio) com.qualcomm.qti.telephonyservice expire 4 lines
02-16 22:52:42.049  2331  2331 E ActivityThread: Failed to find provider info for com.google.android.gsf.gservices
02-16 22:52:42.050  2331  2331 E ActivityThread: Failed to find provider info for com.google.android.gsf.gservices
02-16 22:52:42.050  1404  1463 E ArtManagerService: Failed to prepare profile for com.android.carrierdefaultapp:/system/app/CarrierDefaultApp/CarrierDefaultApp.apk
02-16 22:52:42.051  2331  2331 E ActivityThread: Failed to find provider info for com.google.android.gsf.gservices
02-16 22:52:42.052  2331  2331 E ActivityThread: Failed to find provider info for com.google.android.gsf.gservices
02-16 22:52:42.053  1404  2026 W ActivityManager: Unable to start service Intent { act=android.intent.action.QUICKSTEP_SERVICE pkg=ch.deletescape.lawnchair.ci } U=0: not found
02-16 22:52:42.058  1404  1463 E ArtManagerService: Failed to prepare profile for com.android.proxyhandler:/system/priv-app/ProxyHandler/ProxyHandler.apk
02-16 22:52:42.064  1404  1463 E ArtManagerService: Failed to prepare profile for com.netflix.mediaclient:/data/app/com.netflix.mediaclient-ez04tisfUMUM4iy55XiJ_g==/base.apk
02-16 22:52:42.069  1404  1463 E ArtManagerService: Failed to prepare profile for com.android.inputmethod.latin:/system/app/LatinIME/LatinIME.apk
02-16 22:52:42.074  2331  2331 E ActivityThread: Failed to find provider info for com.google.android.gsf.gservices
02-16 22:52:42.085  2331  2331 I chatty  : uid=10005 com.google.android.gms.persistent identical 8 lines
02-16 22:52:42.086  2331  2331 E ActivityThread: Failed to find provider info for com.google.android.gsf.gservices
02-16 22:52:42.088  1404  1463 E ArtManagerService: Failed to prepare profile for com.google.android.feedback:/system/priv-app/GoogleFeedback/GoogleFeedback.apk
02-16 22:52:42.090  2331  2331 E ActivityThread: Failed to find provider info for com.google.android.gsf.gservices
02-16 22:52:42.091  2331  2331 E ActivityThread: Failed to find provider info for com.google.android.gsf.gservices
02-16 22:52:42.092  1404  1463 E ArtManagerService: Failed to prepare profile for com.topjohnwu.magisk:/data/app/com.topjohnwu.magisk-9Eq0R3S_rfyqBa2Hap47wA==/base.apk
02-16 22:52:42.093  2331  2331 E ActivityThread: Failed to find provider info for com.google.android.gsf.gservices
02-16 22:52:42.093  2331  2331 I chatty  : uid=10005 com.google.android.gms.persistent identical 1 line
02-16 22:52:42.095  2331  2331 E ActivityThread: Failed to find provider info for com.google.android.gsf.gservices
02-16 22:52:42.095  1404  1463 E ArtManagerService: Failed to prepare profile for org.lineageos.snap:/system/priv-app/Snap/Snap.apk
02-16 22:52:42.096  2331  2331 E ActivityThread: Failed to find provider info for com.google.android.gsf.gservices
02-16 22:52:42.100  1404  1463 E ArtManagerService: Failed to prepare profile for com.google.android.apps.photos:/data/app/com.google.android.apps.photos-h6sSlCSGnMznqGL5K24bRA==/base.apk
02-16 22:52:42.103  1404  1463 E ArtManagerService: Failed to prepare profile for com.google.android.calendar:/data/app/com.google.android.calendar-aRs9528tnxRrf2H1lduHGA==/base.apk
02-16 22:52:42.107  1404  1463 E ArtManagerService: Failed to prepare profile for com.rubenmayayo.reddit:/data/app/com.rubenmayayo.reddit-_FN7zIyV9fWLdFHa0Wu_Nw==/base.apk
02-16 22:52:42.110  1404  1463 E ArtManagerService: Failed to prepare profile for com.android.managedprovisioning:/system/priv-app/ManagedProvisioning/ManagedProvisioning.apk
02-16 22:52:42.113  1404  1463 E ArtManagerService: Failed to prepare profile for com.spotify.music:/data/app/com.spotify.music-1F5VDS3xnjtG8ca1PvHu4A==/base.apk
02-16 22:52:42.124  1404  1463 E ArtManagerService: Failed to prepare profile for com.facebook.katana:/data/app/com.facebook.katana-FSGmC4p_YtzUcKe3CzWtHg==/base.apk
02-16 22:52:42.127  1404  1653 I ActivityManager: Process com.google.android.gms.persistent (pid 2331) has died: cch  CEM 
02-16 22:52:42.128  1404  1653 W ActivityManager: Scheduling restart of crashed service com.google.android.gms/.chimera.PersistentDirectBootAwareApiService in 1000ms
02-16 22:52:42.135  1404  1463 E ArtManagerService: Failed to prepare profile for se.seb.latvia:/data/app/se.seb.latvia-JCOccY2KciV63fsZp05JJQ==/base.apk
02-16 22:52:42.145  1404  1463 E ArtManagerService: Failed to prepare profile for com.android.smspush:/system/app/WAPPushManager/WAPPushManager.apk
02-16 22:52:42.149  1404  1463 E ArtManagerService: Failed to prepare profile for com.android.wallpaper.livepicker:/system/app/LiveWallpapersPicker/LiveWallpapersPicker.apk
02-16 22:52:42.153  1404  1463 E ArtManagerService: Failed to prepare profile for com.xda.labs:/data/app/com.xda.labs-tXgc1bfKGPoNqGw0xofGvg==/base.apk
02-16 22:52:42.156  1404  1463 E ArtManagerService: Failed to prepare profile for com.thht.settings.device:/system/priv-app/AdvancedControls/AdvancedControls.apk
02-16 22:52:42.160  1404  1463 E ArtManagerService: Failed to prepare profile for com.facebook.orca:/data/app/com.facebook.orca-pDnD5KahkcbXnXSo8TVEdQ==/base.apk
02-16 22:52:42.176  1404  1463 E ArtManagerService: Failed to prepare profile for projekt.substratum.helper:/system/priv-app/SubstratumHelperService/SubstratumHelperService.apk
02-16 22:52:42.196  1404  1448 W ActivityManager: Slow operation: 159ms so far, now at startProcess: returned from zygote!
02-16 22:52:42.196  1404  1448 W ActivityManager: Slow operation: 160ms so far, now at startProcess: done updating battery stats
02-16 22:52:42.196  1404  1448 W ActivityManager: Slow operation: 160ms so far, now at startProcess: building log message
02-16 22:52:42.196  1404  1448 I ActivityManager: Start proc 2611:com.urbandroid.sleep/u0a152 for broadcast com.urbandroid.sleep/.alarmclock.lockedboot.LockedBootReceiver
02-16 22:52:42.196  1404  1448 W ActivityManager: Slow operation: 160ms so far, now at startProcess: starting to update pids map
02-16 22:52:42.196  1404  1448 W ActivityManager: Slow operation: 160ms so far, now at startProcess: done updating pids map
02-16 22:52:42.198     0     0 W audit   : audit_lost=2713 audit_rate_limit=5 audit_backlog_limit=64
02-16 22:52:42.198     0     0 E audit   : rate limit exceeded
02-16 22:52:42.199  1404  1463 E ArtManagerService: Failed to prepare profile for com.google.android.apps.translate:/data/app/com.google.android.apps.translate-u5bxUnQAgIvJxNH3YMZ17A==/base.apk
02-16 22:52:42.203  1404  1463 E ArtManagerService: Failed to prepare profile for com.google.android.backuptransport:/system/priv-app/GoogleBackupTransport/GoogleBackupTransport.apk
02-16 22:52:42.208  1404  1463 E ArtManagerService: Failed to prepare profile for eu.thedarken.sdm:/data/app/eu.thedarken.sdm-n5L140y2Dvg7yWv_gOey-A==/base.apk
02-16 22:52:42.211  1404  1463 E ArtManagerService: Failed to prepare profile for com.android.storagemanager:/system/priv-app/StorageManager/StorageManager.apk
02-16 22:52:42.215  1404  1463 E ArtManagerService: Failed to prepare profile for com.linkedin.android:/data/app/com.linkedin.android-k46iiV6ew_R17igPMALWFQ==/base.apk
02-16 22:52:42.218  1404  1463 E ArtManagerService: Failed to prepare profile for com.android.settings:/system/priv-app/Settings/Settings.apk
02-16 22:52:42.232  1404  1463 E ArtManagerService: Failed to prepare profile for com.google.android.apps.turbo:/data/app/com.google.android.apps.turbo-FFnNiTNlIArfuD61xUMLVg==/base.apk
02-16 22:52:42.238  1404  1463 E ArtManagerService: Failed to prepare profile for pl.solidexplorer2:/data/app/pl.solidexplorer2-dV5vtv9Q_nskm9mC8Q6iQg==/base.apk
02-16 22:52:42.242  1404  1463 E ArtManagerService: Failed to prepare profile for com.franco.kernel:/data/app/com.franco.kernel-jK2TV9JKGC1MgFYsMNnTog==/base.apk
02-16 22:52:42.249  1404  1463 E ArtManagerService: Failed to prepare profile for lv.peoplefitness:/data/app/lv.peoplefitness-ixBkQegzX-BoZuoBCAfPhQ==/base.apk
02-16 22:52:42.257  1404  1463 E ArtManagerService: Failed to prepare profile for com.google.android.SyberiaOSRN4MidoGoogleCameraBulkin043:/data/app/com.google.android.SyberiaOSRN4MidoGoogleCameraBulkin043-BYP9rrD4UvWAkz-04i5sAw==/base.apk
02-16 22:52:42.261  1404  1463 E ArtManagerService: Failed to prepare profile for com.caf.fmradio:/system/app/FM2/FM2.apk
02-16 22:52:42.265  1404  1463 E ArtManagerService: Failed to prepare profile for org.lineageos.settings:/system/priv-app/XiaomiParts/XiaomiParts.apk
02-16 22:52:42.269  1404  1463 E ArtManagerService: Failed to prepare profile for com.google.android.apps.pdfviewer:/data/app/com.google.android.apps.pdfviewer-7Slb9we8dkjMUEYromoVeA==/base.apk
02-16 22:52:42.274  1404  1463 E ArtManagerService: Failed to prepare profile for com.android.vpndialogs:/system/priv-app/VpnDialogs/VpnDialogs.apk
02-16 22:52:42.278  1404  1463 E ArtManagerService: Failed to prepare profile for com.google.android.apps.wallpaper:/data/app/com.google.android.apps.wallpaper-QlwB91kcX3CCjkzI2yCP9g==/base.apk
02-16 22:52:42.286  1404  1463 E ArtManagerService: Failed to prepare profile for code.name.monkey.retromusic:/data/app/code.name.monkey.retromusic-hj9uXwEMP8OAbKeJqttrAQ==/base.apk
02-16 22:52:42.301  1404  1463 E ArtManagerService: Failed to prepare profile for com.android.phone:/system/priv-app/TeleService/TeleService.apk
02-16 22:52:42.305  1404  1463 E ArtManagerService: Failed to prepare profile for com.android.shell:/system/priv-app/Shell/Shell.apk
02-16 22:52:42.309  1404  1463 E ArtManagerService: Failed to prepare profile for com.android.wallpaperbackup:/system/app/WallpaperBackup/WallpaperBackup.apk
02-16 22:52:42.313  1404  1463 E ArtManagerService: Failed to prepare profile for com.android.providers.blockednumber:/system/priv-app/BlockedNumberProvider/BlockedNumberProvider.apk
02-16 22:52:42.318  1404  1463 E ArtManagerService: Failed to prepare profile for org.codeaurora.snapcam:/data/app/org.codeaurora.snapcam-PpmSK1RLlm03c_oOc_OozQ==/base.apk
02-16 22:52:42.322  1404  1463 E ArtManagerService: Failed to prepare profile for com.android.providers.userdictionary:/system/priv-app/UserDictionaryProvider/UserDictionaryProvider.apk
02-16 22:52:42.325  1404  1463 E ArtManagerService: Failed to prepare profile for com.android.emergency:/system/priv-app/EmergencyInfo/EmergencyInfo.apk
02-16 22:52:42.337  1404  1463 E ArtManagerService: Failed to prepare profile for com.android.location.fused:/system/priv-app/FusedLocation/FusedLocation.apk
02-16 22:52:42.341  1404  1463 E ArtManagerService: Failed to prepare profile for com.android.systemui:/system/priv-app/SystemUI/SystemUI.apk
02-16 22:52:42.346  1404  1463 E ArtManagerService: Failed to prepare profile for com.android.bluetoothmidiservice:/system/app/BluetoothMidiService/BluetoothMidiService.apk
02-16 22:52:42.349  1404  1463 E ArtManagerService: Failed to prepare profile for com.qualcomm.qti.poweroffalarm:/vendor/app/PowerOffAlarm/PowerOffAlarm.apk
02-16 22:52:42.354  1404  1463 E ArtManagerService: Failed to prepare profile for com.adobe.lrmobile:/data/app/com.adobe.lrmobile-1RluJ8BI-3Hnc36074gE5w==/base.apk
02-16 22:52:42.358  1404  1463 E ArtManagerService: Failed to prepare profile for com.android.traceur:/system/app/Traceur/Traceur.apk
02-16 22:52:42.361  1404  1463 E ArtManagerService: Failed to prepare profile for ee.mtakso.client:/data/app/ee.mtakso.client-GbfHIG97VIIA5lQ8Z1YtZw==/base.apk
02-16 22:52:42.367  1404  1463 E ArtManagerService: Failed to prepare profile for com.google.android.gms.setup:/system/priv-app/GmsCoreSetupPrebuilt/GmsCoreSetupPrebuilt.apk
02-16 22:52:42.370  1404  1463 E ArtManagerService: Failed to prepare profile for com.google.android.play.games:/data/app/com.google.android.play.games-rMTA5C7XVhCNAW0_Wf-hiQ==/base.apk
02-16 22:52:42.373  1404  1463 E ArtManagerService: Failed to prepare profile for com.victorlapin.flasher:/data/app/com.victorlapin.flasher-QT_SW6LqrIa0vij7SjIJDg==/base.apk
02-16 22:52:42.376  1404  1463 E ArtManagerService: Failed to prepare profile for flar2.devcheck:/data/app/flar2.devcheck-Yyc6sn4hRkYKkU00BAiLbw==/base.apk
02-16 22:52:42.383  1404  1463 E ArtManagerService: Failed to prepare profile for com.android.bluetooth:/system/app/Bluetooth/Bluetooth.apk
02-16 22:52:42.386  1404  1463 E ArtManagerService: Failed to prepare profile for com.qualcomm.timeservice:/vendor/app/TimeService/TimeService.apk
02-16 22:52:42.389  1404  1463 E ArtManagerService: Failed to prepare profile for com.xiaomi.hm.health:/data/app/com.xiaomi.hm.health-UMa9gqP0dOJi02mFQ69Wdw==/base.apk
02-16 22:52:42.393  1404  1463 E ArtManagerService: Failed to prepare profile for com.android.providers.contacts:/system/priv-app/ContactsProvider/ContactsProvider.apk
02-16 22:52:42.399  1404  1463 E ArtManagerService: Failed to prepare profile for com.android.captiveportallogin:/system/app/CaptivePortalLogin/CaptivePortalLogin.apk
02-16 22:52:42.423  1404  1463 E ArtManagerService: Failed to prepare profile for com.google.android.apps.restore:/system/priv-app/GoogleRestore/GoogleRestore.apk
02-16 22:52:42.423  1404  1463 V PackageManager: reconcileAppsData finished 266 packages
02-16 22:52:42.423  1404  1463 I ActivityManager: User 0 state changed from RUNNING_LOCKED to RUNNING_UNLOCKING
02-16 22:52:42.423  1404  1463 D ActivityManager: Unlocking user 0 progress 20
02-16 22:52:42.423  1404  1463 W Looper  : Slow dispatch took 1300ms android.fg h=android.os.Handler c=com.android.server.am.-$$Lambda$UserController$o6oQFjGYYIfx-I94cSakTLPLt6s@fd6bff9 m=0
02-16 22:52:42.424  1404  1463 W Looper  : Slow delivery took 1300ms android.fg h=android.os.Handler c=com.android.server.am.-$$Lambda$UserController$qvHU3An7LT0SKBclx4I2epe4KYI@ffe9d9f m=0
02-16 22:52:42.424  1404  1446 I SystemServiceManager: Calling onUnlockUser u0
02-16 22:52:42.424  1404  1446 D BluetoothManagerService: User 0 unlocked
02-16 22:52:42.424  1404  1446 D StorageManagerService: onUnlockUser 0
02-16 22:52:42.424  1404  1464 D BluetoothManagerService: MESSAGE_USER_UNLOCKED
02-16 22:52:42.425   466   472 D vold    : Linking /storage/emulated/0 to /mnt/user/0/primary
02-16 22:52:42.493  1404  1446 W SystemServiceManager: Service com.android.server.StorageManagerService$Lifecycle took 68 ms in onUnlockUser 
02-16 22:52:42.493  1404  1667 D StorageManagerService: Volume public:179,65 broadcasting mounted to UserHandle{0}
02-16 22:52:42.493  1404  1463 W Looper  : Drained
02-16 22:52:42.493  1404  1667 D StorageManagerService: Volume emulated broadcasting mounted to UserHandle{0}
02-16 22:52:42.499  1404  2626 V BackupManagerService: Starting with transport com.google.android.gms/.backup.BackupTransportService
02-16 22:52:42.500  1404  1446 I ActivityManager: User 0 state changed from RUNNING_UNLOCKING to RUNNING_UNLOCKED
02-16 22:52:42.500  1404  1463 I ActivityManager: Loading recents for user 0 into memory.
02-16 22:52:42.500  1404  1446 D SystemServerTiming: SystemUserUnlock took to complete: 1377ms
02-16 22:52:42.526  1404  2626 E BackupPasswordManager: Unable to read backup pw version
02-16 22:52:42.526  1404  2626 E BackupPasswordManager: Unable to read saved backup pw hash
02-16 22:52:42.531  1404  2626 V ProcessedPackagesJournal:    + com.google.android.apps.maps
02-16 22:52:42.531  1404  2626 V ProcessedPackagesJournal:    + com.urbandroid.sleep
02-16 22:52:42.531  1404  2626 V ProcessedPackagesJournal:    + com.google.android.apps.translate
02-16 22:52:42.531  1404  2626 V ProcessedPackagesJournal:    + android
02-16 22:52:42.531  1404  2626 V ProcessedPackagesJournal:    + com.google.android.apps.messaging
02-16 22:52:42.531  1404  2626 V ProcessedPackagesJournal:    + com.android.cellbroadcastreceiver
02-16 22:52:42.531  1404  2626 V ProcessedPackagesJournal:    + com.google.android.googlequicksearchbox
02-16 22:52:42.531  1404  2626 V ProcessedPackagesJournal:    + com.google.android.contacts
02-16 22:52:42.531  1404  2626 V ProcessedPackagesJournal:    + com.android.providers.settings
02-16 22:52:42.531  1404  2626 V ProcessedPackagesJournal:    + com.google.android.play.games
02-16 22:52:42.531  1404  2626 V ProcessedPackagesJournal:    + com.android.calllogbackup
02-16 22:52:42.531  1404  2626 V ProcessedPackagesJournal:    + com.google.android.apps.walletnfcrel
02-16 22:52:42.531  1404  2626 V ProcessedPackagesJournal:    + com.google.android.apps.docs.editors.docs
02-16 22:52:42.531  1404  2626 V ProcessedPackagesJournal:    + com.android.vending
02-16 22:52:42.531  1404  2626 V ProcessedPackagesJournal:    + com.google.android.deskclock
02-16 22:52:42.531  1404  2626 V ProcessedPackagesJournal:    + com.android.chrome
02-16 22:52:42.531  1404  2626 V ProcessedPackagesJournal:    + com.google.android.apps.photos
02-16 22:52:42.531  1404  2626 V ProcessedPackagesJournal:    + com.google.android.apps.wallpaper
02-16 22:52:42.531  1404  2626 V ProcessedPackagesJournal:    + com.google.android.apps.docs.editors.sheets
02-16 22:52:42.531  1404  2626 V ProcessedPackagesJournal:    + com.android.providers.blockednumber
02-16 22:52:42.531  1404  2626 V ProcessedPackagesJournal:    + com.google.android.dialer
02-16 22:52:42.531  1404  2626 V ProcessedPackagesJournal:    + com.android.documentsui
02-16 22:52:42.531  1404  2626 V ProcessedPackagesJournal:    + com.google.android.gm
02-16 22:52:42.531  1404  2626 V ProcessedPackagesJournal:    + com.google.android.apps.docs
02-16 22:52:42.531  1404  2626 V ProcessedPackagesJournal:    + com.google.android.youtube
02-16 22:52:42.531  1404  2626 V ProcessedPackagesJournal:    + com.android.providers.userdictionary
02-16 22:52:42.531  1404  2626 V ProcessedPackagesJournal:    + com.google.android.calendar
02-16 22:52:42.531  1404  2626 V ProcessedPackagesJournal:    + com.google.android.GoogleCamera
02-16 22:52:42.531  1404  2626 V ProcessedPackagesJournal:    + com.google.android.SyberiaOSRN4MidoGoogleCameraBulkin043
02-16 22:52:42.549  1404  2626 I BackupManagerService: Package com.android.launcher3.PitchBlack.Pie90 not installed; dropping from full backup
02-16 22:52:42.551  1404  2626 I BackupManagerService: Package cloner.parallel.space.multiple.accounts.twoface not installed; dropping from full backup
02-16 22:52:42.566  1404  2626 I BackupManagerService: Unlocking system user; mService=com.android.server.backup.BackupManagerService@452e152
02-16 22:52:42.567  1404  2626 I BackupManagerService: Backup enabled => true
02-16 22:52:42.568  1404  2626 V BackupManagerConstants: getKeyValueBackupIntervalMilliseconds(...) returns 14400000
02-16 22:52:42.568  1404  2626 V BackupManagerConstants: getKeyValueBackupFuzzMilliseconds(...) returns 600000
02-16 22:52:42.568  1404  2626 V BackupManagerConstants: getKeyValueBackupRequiredNetworkType(...) returns 1
02-16 22:52:42.568  1404  2626 V BackupManagerConstants: getKeyValueBackupRequireCharging(...) returns true
02-16 22:52:42.568  1404  2626 V KeyValueBackupJob: Scheduling k/v pass in 246 minutes
02-16 22:52:42.569  1404  2626 V BackupManagerConstants: getFullBackupIntervalMilliseconds(...) returns 86400000
02-16 22:52:42.671  1404  1448 W ActivityManager: Slow operation: 160ms so far, now at startProcess: returned from zygote!
02-16 22:52:42.672  1404  1448 W ActivityManager: Slow operation: 160ms so far, now at startProcess: done updating battery stats
02-16 22:52:42.672  1404  1448 W ActivityManager: Slow operation: 160ms so far, now at startProcess: building log message
02-16 22:52:42.672  1404  1448 I ActivityManager: Start proc 2634:com.android.se/1068 for added application com.android.se
02-16 22:52:42.672  1404  1448 W ActivityManager: Slow operation: 160ms so far, now at startProcess: starting to update pids map
02-16 22:52:42.672  1404  1448 W ActivityManager: Slow operation: 160ms so far, now at startProcess: done updating pids map
02-16 22:52:42.672  1404  1448 W ActivityManager: Slow operation: 160ms so far, now at startProcess: asking zygote to start proc
02-16 22:52:42.837  1404  1448 W ActivityManager: Slow operation: 324ms so far, now at startProcess: returned from zygote!
02-16 22:52:42.837  1404  1448 W ActivityManager: Slow operation: 325ms so far, now at startProcess: done updating battery stats
02-16 22:52:42.837  1404  1448 W ActivityManager: Slow operation: 325ms so far, now at startProcess: building log message
02-16 22:52:42.837  1404  1448 I ActivityManager: Start proc 2650:org.lineageos.settings/1000 for added application org.lineageos.settings
02-16 22:52:42.837  1404  1448 W ActivityManager: Slow operation: 325ms so far, now at startProcess: starting to update pids map
02-16 22:52:42.837  1404  1448 W ActivityManager: Slow operation: 325ms so far, now at startProcess: done updating pids map
02-16 22:52:42.837  1404  1448 W ActivityManager: Slow operation: 267ms so far, now at startProcess: asking zygote to start proc
02-16 22:52:42.928  1404  1446 I AppWidgetServiceImpl: Processing of handleUserUnlocked u0 took 407 ms
02-16 22:52:42.928  1404  1446 I ActivityManager: Sending BOOT_COMPLETE user #0
02-16 22:52:42.932  1404  1446 W BroadcastQueue: Background execution not allowed: receiving Intent { act=android.intent.action.DROPBOX_ENTRY_ADDED flg=0x10 (has extras) } to com.google.android.gms/.stats.service.DropBoxEntryAddedReceiver
02-16 22:52:42.935  1404  1446 W BroadcastQueue: Background execution not allowed: receiving Intent { act=android.intent.action.DROPBOX_ENTRY_ADDED flg=0x10 (has extras) } to com.google.android.gms/.chimera.GmsIntentOperationService$PersistentTrustedReceiver
02-16 22:52:42.937  2148  2666 I chatty  : uid=1001(radio) com.android.phone expire 3 lines
02-16 22:52:42.949  1404  1404 V NotificationListeners: enabling notification listener for 0: ComponentInfo{cz.zdenekhorak.mibandtools/cz.zdenekhorak.mibandtools.service.MiBandNotificationService}
02-16 22:52:42.951  1404  1404 V NotificationListeners: binding: Intent { act=android.service.notification.NotificationListenerService cmp=cz.zdenekhorak.mibandtools/.service.MiBandNotificationService (has extras) }
02-16 22:52:42.952  1404  1404 W NotificationListeners: Not binding notification listener service ComponentInfo{com.android.launcher3/com.android.launcher3.notification.NotificationListener}: service not found
02-16 22:52:42.952  1404  1404 V NotificationListeners: enabling notification listener for 0: ComponentInfo{com.xiaomi.hm.health/com.xiaomi.hm.health.ui.smartplay.NotificationAccessService}
02-16 22:52:42.952  1404  1404 V NotificationListeners: binding: Intent { act=android.service.notification.NotificationListenerService cmp=com.xiaomi.hm.health/.ui.smartplay.NotificationAccessService (has extras) }
02-16 22:52:42.953  1404  1404 V NotificationListeners: enabling notification listener for 0: ComponentInfo{ch.deletescape.lawnchair.ci/com.android.launcher3.notification.NotificationListener}
02-16 22:52:42.953  1404  1404 V NotificationListeners: binding: Intent { act=android.service.notification.NotificationListenerService cmp=ch.deletescape.lawnchair.ci/com.android.launcher3.notification.NotificationListener (has extras) }
02-16 22:52:42.960  1404  1404 V NotificationListeners: enabling notification listener for 0: ComponentInfo{com.dharmapoudel.tidypanel/com.dharmapoudel.tidypanel.TidyPanelNotificationListener}
02-16 22:52:42.960  1404  1404 V NotificationListeners: binding: Intent { act=android.service.notification.NotificationListenerService cmp=com.dharmapoudel.tidypanel/.TidyPanelNotificationListener (has extras) }
02-16 22:52:42.968  1404  1856 I ActivityManager: START u0 {act=android.intent.action.MAIN cat=[android.intent.category.HOME] flg=0x10000100 cmp=ch.deletescape.lawnchair.ci/ch.deletescape.lawnchair.LawnchairLauncher} from uid 0
02-16 22:52:42.984  1404  1404 V NotificationListeners: enabling notification listener for 0: ComponentInfo{org.kustom.widget/org.kustom.lib.music.NotificationService}
02-16 22:52:42.984  1404  1404 V NotificationListeners: binding: Intent { act=android.service.notification.NotificationListenerService cmp=org.kustom.widget/org.kustom.lib.music.NotificationService (has extras) }
02-16 22:52:42.986  2148  2148 I chatty  : uid=1001(radio) com.android.phone expire 174 lines
02-16 22:52:43.014  1404  1448 W ActivityManager: Slow operation: 443ms so far, now at startProcess: returned from zygote!
02-16 22:52:43.014  1404  1448 W ActivityManager: Slow operation: 444ms so far, now at startProcess: done updating battery stats
02-16 22:52:43.014  1404  1448 W ActivityManager: Slow operation: 444ms so far, now at startProcess: building log message
02-16 22:52:43.014  1404  1448 I ActivityManager: Start proc 2671:com.google.process.gservices/u0a5 for content provider com.google.android.gsf/.gservices.GservicesProvider
02-16 22:52:43.014  1404  1448 W ActivityManager: Slow operation: 444ms so far, now at startProcess: starting to update pids map
02-16 22:52:43.014  1404  1448 W ActivityManager: Slow operation: 444ms so far, now at startProcess: done updating pids map
02-16 22:52:43.014  1404  1448 W ActivityManager: Slow operation: 79ms so far, now at startProcess: asking zygote to start proc
02-16 22:52:43.122  1404  1839 I SyncManager: Loaded persisted syncs: 36 periodic syncs, 0 oneshot syncs, 49 total system server jobs, JobStats: FirstLoad: 100/40/36 LastSave: -1/-1/-1
02-16 22:52:43.159  1404  1404 W Looper  : Slow dispatch took 174ms main h=android.app.ActivityThread$H c=android.app.-$$Lambda$LoadedApk$ReceiverDispatcher$Args$_BumDX2UKsnxLVrE6UJsJZkotuA@75bb4d7 m=0
02-16 22:52:43.159  1404  1404 W Looper  : Slow delivery took 221ms main h=com.android.server.power.Notifier$NotifierHandler c=null m=1
02-16 22:52:43.168  1404  1448 W ActivityManager: Slow operation: 232ms so far, now at startProcess: returned from zygote!
02-16 22:52:43.168  1404  1448 W ActivityManager: Slow operation: 232ms so far, now at startProcess: done updating battery stats
02-16 22:52:43.168  1404  1448 W ActivityManager: Slow operation: 233ms so far, now at startProcess: building log message
02-16 22:52:43.168  1404  1448 I ActivityManager: Start proc 2687:android.process.media/u0a18 for broadcast com.android.providers.downloads/.DownloadReceiver
02-16 22:52:43.168  1404  1448 W ActivityManager: Slow operation: 233ms so far, now at startProcess: starting to update pids map
02-16 22:52:43.168  1404  1448 W ActivityManager: Slow operation: 233ms so far, now at startProcess: done updating pids map
02-16 22:52:43.168  1404  1448 W ActivityManager: Slow operation: 229ms so far, now at startProcess: asking zygote to start proc
02-16 22:52:43.201  1404  1404 W Looper  : Drained
02-16 22:52:43.228  2148  2215 I chatty  : uid=1001(radio) LocaleTracker expire 4 lines
02-16 22:52:43.232  2148  2181 I chatty  : uid=1001(radio) HwBinder:2148_1 expire 25 lines
02-16 22:52:43.235  1404  2610 I WifiService: WifiService trying to set country code to lv
02-16 22:52:43.333  1404  1448 W ActivityManager: Slow operation: 394ms so far, now at startProcess: returned from zygote!
02-16 22:52:43.333  1404  1448 W ActivityManager: Slow operation: 394ms so far, now at startProcess: done updating battery stats
02-16 22:52:43.333  1404  1448 W ActivityManager: Slow operation: 394ms so far, now at startProcess: building log message
02-16 22:52:43.333  1404  1448 I ActivityManager: Start proc 2708:com.franco.kernel:PerAppProfilesService/u0a162 for service com.franco.kernel/a.cc
02-16 22:52:43.333  1404  1448 W ActivityManager: Slow operation: 394ms so far, now at startProcess: starting to update pids map
02-16 22:52:43.333  1404  1448 W ActivityManager: Slow operation: 394ms so far, now at startProcess: done updating pids map
02-16 22:52:43.333  1404  1448 W ActivityManager: Slow operation: 391ms so far, now at startProcess: asking zygote to start proc
02-16 22:52:43.337     0     0 W audit   : audit_lost=3285 audit_rate_limit=5 audit_backlog_limit=64
02-16 22:52:43.337     0     0 E audit   : rate limit exceeded
02-16 22:52:43.367  1404  2072 D ConnectivityService: requestNetwork for uid/pid:10017/2462 NetworkRequest [ TRACK_DEFAULT id=14, [ Capabilities: INTERNET&NOT_RESTRICTED&TRUSTED Unwanted:  Uid: 10017] ]
02-16 22:52:43.376  2134  2134 I chatty  : uid=1001(radio) com.qualcomm.qti.telephonyservice expire 8 lines
02-16 22:52:43.506  1404  1448 W ActivityManager: Slow operation: 563ms so far, now at startProcess: returned from zygote!
02-16 22:52:43.506  1404  1448 W ActivityManager: Slow operation: 564ms so far, now at startProcess: done updating battery stats
02-16 22:52:43.506  1404  1448 W ActivityManager: Slow operation: 564ms so far, now at startProcess: building log message
02-16 22:52:43.506  1404  1448 I ActivityManager: Start proc 2746:com.android.smspush/u0a88 for service com.android.smspush/.WapPushManager
02-16 22:52:43.506  1404  1448 W ActivityManager: Slow operation: 564ms so far, now at startProcess: starting to update pids map
02-16 22:52:43.506  1404  1448 W ActivityManager: Slow operation: 564ms so far, now at startProcess: done updating pids map
02-16 22:52:43.506  1404  1448 W ActivityManager: Slow operation: 564ms so far, now at startProcess: asking zygote to start proc
02-16 22:52:43.670  1404  1448 W ActivityManager: Slow operation: 727ms so far, now at startProcess: returned from zygote!
02-16 22:52:43.670  1404  1448 W ActivityManager: Slow operation: 728ms so far, now at startProcess: done updating battery stats
02-16 22:52:43.670  1404  1448 W ActivityManager: Slow operation: 728ms so far, now at startProcess: building log message
02-16 22:52:43.670  1404  1448 I ActivityManager: Start proc 2777:ch.deletescape.lawnchair.ci/u0a133 for service ch.deletescape.lawnchair.ci/com.android.quickstep.TouchInteractionService
02-16 22:52:43.670  1404  1448 W ActivityManager: Slow operation: 728ms so far, now at startProcess: starting to update pids map
02-16 22:52:43.670  1404  1448 W ActivityManager: Slow operation: 728ms so far, now at startProcess: done updating pids map
02-16 22:52:43.670  1404  1448 W ActivityManager: Slow operation: 718ms so far, now at startProcess: asking zygote to start proc
02-16 22:52:43.837  1404  1448 W ActivityManager: Slow operation: 885ms so far, now at startProcess: returned from zygote!
02-16 22:52:43.837  1404  1448 W ActivityManager: Slow operation: 885ms so far, now at startProcess: done updating battery stats
02-16 22:52:43.837  1404  1448 W ActivityManager: Slow operation: 885ms so far, now at startProcess: building log message
02-16 22:52:43.837  1404  1448 I ActivityManager: Start proc 2795:cz.zdenekhorak.mibandtools/u0a154 for service cz.zdenekhorak.mibandtools/.service.MiBandNotificationService
02-16 22:52:43.837  1404  1448 W ActivityManager: Slow operation: 885ms so far, now at startProcess: starting to update pids map
02-16 22:52:43.837  1404  1448 W ActivityManager: Slow operation: 885ms so far, now at startProcess: done updating pids map
02-16 22:52:43.837  1404  1448 W ActivityManager: Slow operation: 885ms so far, now at startProcess: asking zygote to start proc
02-16 22:52:43.888  1404  1445 D PinnerService: pinRangeStream: null
02-16 22:52:43.891  2777  2777 D ActivityThread: Loading provider ch.deletescape.lawnchair.ci.settings: com.android.launcher3.LauncherProvider
02-16 22:52:43.895  1404  1445 D PinnerService: pinRangeStream: null
02-16 22:52:43.896  1404  1445 D PinnerService: pinRangeStream: null
02-16 22:52:43.997  1404  1448 W ActivityManager: Slow operation: 1045ms so far, now at startProcess: returned from zygote!
02-16 22:52:43.997  1404  1448 W ActivityManager: Slow operation: 1045ms so far, now at startProcess: done updating battery stats
02-16 22:52:43.997  1404  1448 W ActivityManager: Slow operation: 1045ms so far, now at startProcess: building log message
02-16 22:52:43.997  1404  1448 I ActivityManager: Start proc 2820:com.xiaomi.hm.health/u0a137 for service com.xiaomi.hm.health/.ui.smartplay.NotificationAccessService
02-16 22:52:43.997  1404  1448 W ActivityManager: Slow operation: 1045ms so far, now at startProcess: starting to update pids map
02-16 22:52:43.997  1404  1448 W ActivityManager: Slow operation: 1045ms so far, now at startProcess: done updating pids map
02-16 22:52:43.997  1404  1448 W ActivityManager: Slow operation: 1014ms so far, now at startProcess: asking zygote to start proc
02-16 22:52:44.157  1404  1448 W ActivityManager: Slow operation: 1174ms so far, now at startProcess: returned from zygote!
02-16 22:52:44.157  1404  1448 W ActivityManager: Slow operation: 1174ms so far, now at startProcess: done updating battery stats
02-16 22:52:44.158  1404  1448 W ActivityManager: Slow operation: 1174ms so far, now at startProcess: building log message
02-16 22:52:44.158  1404  1448 I ActivityManager: Start proc 2835:com.dharmapoudel.tidypanel/u0a145 for service com.dharmapoudel.tidypanel/.TidyPanelNotificationListener
02-16 22:52:44.158  1404  1448 W ActivityManager: Slow operation: 1174ms so far, now at startProcess: starting to update pids map
02-16 22:52:44.158  1404  1448 W ActivityManager: Slow operation: 1174ms so far, now at startProcess: done updating pids map
02-16 22:52:44.158  1404  1448 W ActivityManager: Slow operation: 1172ms so far, now at startProcess: asking zygote to start proc
02-16 22:52:44.265  1404  1446 W ActivityManager: Activity pause timeout for ActivityRecord{e201b79 u0 ch.deletescape.lawnchair.ci/ch.deletescape.lawnchair.LawnchairLauncher t3044}
02-16 22:52:44.380  1404  1448 W ActivityManager: Slow operation: 1394ms so far, now at startProcess: returned from zygote!
02-16 22:52:44.380  1404  1448 W ActivityManager: Slow operation: 1395ms so far, now at startProcess: done updating battery stats
02-16 22:52:44.380  1404  1448 W ActivityManager: Slow operation: 1395ms so far, now at startProcess: building log message
02-16 22:52:44.380  1404  1448 I ActivityManager: Start proc 2874:org.kustom.widget.service/u0a166 for service org.kustom.widget/org.kustom.lib.music.NotificationService
02-16 22:52:44.380  1404  1448 W ActivityManager: Slow operation: 1395ms so far, now at startProcess: starting to update pids map
02-16 22:52:44.380  1404  1448 W ActivityManager: Slow operation: 1395ms so far, now at startProcess: done updating pids map
02-16 22:52:44.380  1404  1448 W ActivityManager: Slow operation: 1252ms so far, now at startProcess: asking zygote to start proc
02-16 22:52:44.405     0     0 W audit   : audit_lost=3983 audit_rate_limit=5 audit_backlog_limit=64
02-16 22:52:44.405     0     0 E audit   : rate limit exceeded
02-16 22:52:44.577  1404  1448 W ActivityManager: Slow operation: 1449ms so far, now at startProcess: returned from zygote!
02-16 22:52:44.577  1404  1448 W ActivityManager: Slow operation: 1449ms so far, now at startProcess: done updating battery stats
02-16 22:52:44.578  1404  1448 W ActivityManager: Slow operation: 1449ms so far, now at startProcess: building log message
02-16 22:52:44.578  1404  1448 I ActivityManager: Start proc 2901:com.google.android.gms.persistent/u0a5 for service com.google.android.gms/.chimera.PersistentDirectBootAwareApiService
02-16 22:52:44.578  1404  1448 W ActivityManager: Slow operation: 1449ms so far, now at startProcess: starting to update pids map
02-16 22:52:44.578  1404  1448 W ActivityManager: Slow operation: 1449ms so far, now at startProcess: done updating pids map
02-16 22:52:44.578  1404  1448 W ActivityManager: Slow operation: 1423ms so far, now at startProcess: asking zygote to start proc
02-16 22:52:44.859  1404  1448 W ActivityManager: Slow operation: 1705ms so far, now at startProcess: returned from zygote!
02-16 22:52:44.859  1404  1448 W ActivityManager: Slow operation: 1705ms so far, now at startProcess: done updating battery stats
02-16 22:52:44.859  1404  1448 W ActivityManager: Slow operation: 1705ms so far, now at startProcess: building log message
02-16 22:52:44.859  1404  1448 I ActivityManager: Start proc 2955:com.google.android.gms/u0a5 for service com.google.android.gms/.drive.metadata.sync.syncadapter.SyncAdapterService
02-16 22:52:44.859  1404  1448 W ActivityManager: Slow operation: 1705ms so far, now at startProcess: starting to update pids map
02-16 22:52:44.859  1404  1448 W ActivityManager: Slow operation: 1705ms so far, now at startProcess: done updating pids map
02-16 22:52:44.859  1404  1448 W ActivityManager: Slow operation: 1376ms so far, now at startProcess: asking zygote to start proc
02-16 22:52:45.060  1404  2026 W ActivityManager: Receiver with filter android.content.IntentFilter@23286f5 already registered for pid 2874, callerPackage is org.kustom.widget
02-16 22:52:45.069  1404  2026 W ActivityManager: Receiver with filter android.content.IntentFilter@32474c4 already registered for pid 2874, callerPackage is org.kustom.widget
02-16 22:52:45.070  1404  2026 W ActivityManager: Receiver with filter android.content.IntentFilter@5b19fad already registered for pid 2874, callerPackage is org.kustom.widget
02-16 22:52:45.080  1404  2026 W ActivityManager: Receiver with filter android.content.IntentFilter@3acec3a already registered for pid 2874, callerPackage is org.kustom.widget
02-16 22:52:45.081  1404  2026 W ActivityManager: Receiver with filter android.content.IntentFilter@f7670eb already registered for pid 2874, callerPackage is org.kustom.widget
02-16 22:52:45.110  1404  2626 V BackupManagerConstants: getFullBackupRequiredNetworkType(...) returns 2
02-16 22:52:45.110  1404  2626 V BackupManagerConstants: getFullBackupRequireCharging(...) returns true
02-16 22:52:45.131  1404  1448 W ActivityManager: Slow operation: 1648ms so far, now at startProcess: returned from zygote!
02-16 22:52:45.131  1404  1448 W ActivityManager: Slow operation: 1648ms so far, now at startProcess: done updating battery stats
02-16 22:52:45.131  1404  1448 W ActivityManager: Slow operation: 1648ms so far, now at startProcess: building log message
02-16 22:52:45.131  1404  1448 I ActivityManager: Start proc 2997:com.google.android.apps.photos/u0a121 for broadcast com.google.android.apps.photos/.sdcard.envcache.ExternalStorageStateChangeBroadcastReceiver
02-16 22:52:45.131  1404  1448 W ActivityManager: Slow operation: 1648ms so far, now at startProcess: starting to update pids map
02-16 22:52:45.131  1404  1448 W ActivityManager: Slow operation: 1648ms so far, now at startProcess: done updating pids map
02-16 22:52:45.132  1404  1448 W ActivityManager: Slow operation: 1499ms so far, now at startProcess: asking zygote to start proc
02-16 22:52:45.451  1404  1448 W ActivityManager: Slow operation: 1818ms so far, now at startProcess: returned from zygote!
02-16 22:52:45.451  1404  1448 W ActivityManager: Slow operation: 1819ms so far, now at startProcess: done updating battery stats
02-16 22:52:45.451  1404  1448 W ActivityManager: Slow operation: 1819ms so far, now at startProcess: building log message
02-16 22:52:45.451  1404  1448 I ActivityManager: Start proc 3032:com.franco.kernel/u0a162 for content provider com.franco.kernel/a.bb
02-16 22:52:45.451  1404  1448 W ActivityManager: Slow operation: 1819ms so far, now at startProcess: starting to update pids map
02-16 22:52:45.451  1404  1448 W ActivityManager: Slow operation: 1819ms so far, now at startProcess: done updating pids map
02-16 22:52:45.451  1404  1448 W ActivityManager: Slow operation: 1566ms so far, now at startProcess: asking zygote to start proc
02-16 22:52:45.460     0     0 W audit   : audit_lost=4446 audit_rate_limit=5 audit_backlog_limit=64
02-16 22:52:45.460     0     0 E audit   : rate limit exceeded
02-16 22:52:45.680  1404  1404 I TransportClient: LocalTransportService#0: Notifying [TransportManager.registerTransport()] transport = IBackupTransport
02-16 22:52:45.692  1404  2626 D BackupTransportManager: Transport android/com.android.internal.backup.LocalTransportService registered
02-16 22:52:45.708  1404  2626 D BackupManagerService: Transport android/com.android.internal.backup.LocalTransport registered 3142ms after first request (delay = 3000ms)
02-16 22:52:45.828     0     0 W         : ------------[ cut here ]------------
02-16 22:52:45.828     0     0 W         : WARNING: CPU: 4 PID: 2932 at ../../../../../../kernel/xiaomi/msm8953/net/core/dev.c:3452 netif_rx_internal+0x214/0x224()
02-16 22:52:45.828     0     0 I         : Cloned packet from dev lo
02-16 22:52:45.828     0     0 I         : Modules linked in:
02-16 22:52:45.828     0     0 I         : CPU: 4 PID: 2932 Comm: Queue Tainted: G        W      3.18.134-Soviet-Star-R2+ #3
02-16 22:52:45.828     0     0 I Hardware name: Qualcomm Technologies, Inc. MSM8953 + PMI8950 QRD SKU3 (DT)
02-16 22:52:45.828     0     0 F Call trace:  
02-16 22:52:45.828     0     0 I         : [<ffffffc000209e94>] dump_backtrace+0x0/0x2fc
02-16 22:52:45.828     0     0 W         : ---[ end trace f245c6e363c8a1d4 ]---
02-16 22:52:45.847  1404  1448 W ActivityManager: Slow operation: 1962ms so far, now at startProcess: returned from zygote!
02-16 22:52:45.847  1404  1448 W ActivityManager: Slow operation: 1962ms so far, now at startProcess: done updating battery stats
02-16 22:52:45.847  1404  1448 W ActivityManager: Slow operation: 1962ms so far, now at startProcess: building log message
02-16 22:52:45.847  1404  1448 I ActivityManager: Start proc 3095:com.google.android.apps.messaging/u0a59 for service com.google.android.apps.messaging/.rcsmigration.RcsMigrationService
